Archive member included to satisfy reference by file (symbol)

c:/program files (x86)/gnu arm embedded toolchain/10 2021.10/bin/../lib/gcc/arm-none-eabi/10.3.1/../../../../arm-none-eabi/lib/thumb/v7e-m+fp/hard\libstdc++_nano.a(new_op.o)
                              build/bsp_dwt.o (operator new(unsigned int))
c:/program files (x86)/gnu arm embedded toolchain/10 2021.10/bin/../lib/gcc/arm-none-eabi/10.3.1/../../../../arm-none-eabi/lib/thumb/v7e-m+fp/hard\libstdc++_nano.a(new_handler.o)
                              c:/program files (x86)/gnu arm embedded toolchain/10 2021.10/bin/../lib/gcc/arm-none-eabi/10.3.1/../../../../arm-none-eabi/lib/thumb/v7e-m+fp/hard\libstdc++_nano.a(new_op.o) (std::get_new_handler())
c:/program files (x86)/gnu arm embedded toolchain/10 2021.10/bin/../lib/gcc/arm-none-eabi/10.3.1/../../../../arm-none-eabi/lib/thumb/v7e-m+fp/hard\libc_nano.a(lib_a-abort.o)
                              c:/program files (x86)/gnu arm embedded toolchain/10 2021.10/bin/../lib/gcc/arm-none-eabi/10.3.1/../../../../arm-none-eabi/lib/thumb/v7e-m+fp/hard\libstdc++_nano.a(new_op.o) (abort)
c:/program files (x86)/gnu arm embedded toolchain/10 2021.10/bin/../lib/gcc/arm-none-eabi/10.3.1/../../../../arm-none-eabi/lib/thumb/v7e-m+fp/hard\libc_nano.a(lib_a-errno.o)
                              build/sysmem.o (__errno)
c:/program files (x86)/gnu arm embedded toolchain/10 2021.10/bin/../lib/gcc/arm-none-eabi/10.3.1/../../../../arm-none-eabi/lib/thumb/v7e-m+fp/hard\libc_nano.a(lib_a-exit.o)
                              c:/program files (x86)/gnu arm embedded toolchain/10 2021.10/bin/../lib/gcc/arm-none-eabi/10.3.1/../../../../arm-none-eabi/lib/thumb/v7e-m+fp/hard/crt0.o (exit)
c:/program files (x86)/gnu arm embedded toolchain/10 2021.10/bin/../lib/gcc/arm-none-eabi/10.3.1/../../../../arm-none-eabi/lib/thumb/v7e-m+fp/hard\libc_nano.a(lib_a-impure.o)
                              c:/program files (x86)/gnu arm embedded toolchain/10 2021.10/bin/../lib/gcc/arm-none-eabi/10.3.1/../../../../arm-none-eabi/lib/thumb/v7e-m+fp/hard\libc_nano.a(lib_a-exit.o) (_global_impure_ptr)
c:/program files (x86)/gnu arm embedded toolchain/10 2021.10/bin/../lib/gcc/arm-none-eabi/10.3.1/../../../../arm-none-eabi/lib/thumb/v7e-m+fp/hard\libc_nano.a(lib_a-init.o)
                              c:/program files (x86)/gnu arm embedded toolchain/10 2021.10/bin/../lib/gcc/arm-none-eabi/10.3.1/../../../../arm-none-eabi/lib/thumb/v7e-m+fp/hard/crt0.o (__libc_init_array)
c:/program files (x86)/gnu arm embedded toolchain/10 2021.10/bin/../lib/gcc/arm-none-eabi/10.3.1/../../../../arm-none-eabi/lib/thumb/v7e-m+fp/hard\libc_nano.a(lib_a-malloc.o)
                              c:/program files (x86)/gnu arm embedded toolchain/10 2021.10/bin/../lib/gcc/arm-none-eabi/10.3.1/../../../../arm-none-eabi/lib/thumb/v7e-m+fp/hard\libstdc++_nano.a(new_op.o) (malloc)
c:/program files (x86)/gnu arm embedded toolchain/10 2021.10/bin/../lib/gcc/arm-none-eabi/10.3.1/../../../../arm-none-eabi/lib/thumb/v7e-m+fp/hard\libc_nano.a(lib_a-memset.o)
                              c:/program files (x86)/gnu arm embedded toolchain/10 2021.10/bin/../lib/gcc/arm-none-eabi/10.3.1/../../../../arm-none-eabi/lib/thumb/v7e-m+fp/hard/crt0.o (memset)
c:/program files (x86)/gnu arm embedded toolchain/10 2021.10/bin/../lib/gcc/arm-none-eabi/10.3.1/../../../../arm-none-eabi/lib/thumb/v7e-m+fp/hard\libc_nano.a(lib_a-nano-freer.o)
                              c:/program files (x86)/gnu arm embedded toolchain/10 2021.10/bin/../lib/gcc/arm-none-eabi/10.3.1/../../../../arm-none-eabi/lib/thumb/v7e-m+fp/hard\libc_nano.a(lib_a-malloc.o) (_free_r)
c:/program files (x86)/gnu arm embedded toolchain/10 2021.10/bin/../lib/gcc/arm-none-eabi/10.3.1/../../../../arm-none-eabi/lib/thumb/v7e-m+fp/hard\libc_nano.a(lib_a-nano-mallocr.o)
                              c:/program files (x86)/gnu arm embedded toolchain/10 2021.10/bin/../lib/gcc/arm-none-eabi/10.3.1/../../../../arm-none-eabi/lib/thumb/v7e-m+fp/hard\libc_nano.a(lib_a-malloc.o) (_malloc_r)
c:/program files (x86)/gnu arm embedded toolchain/10 2021.10/bin/../lib/gcc/arm-none-eabi/10.3.1/../../../../arm-none-eabi/lib/thumb/v7e-m+fp/hard\libc_nano.a(lib_a-sbrkr.o)
                              c:/program files (x86)/gnu arm embedded toolchain/10 2021.10/bin/../lib/gcc/arm-none-eabi/10.3.1/../../../../arm-none-eabi/lib/thumb/v7e-m+fp/hard\libc_nano.a(lib_a-nano-mallocr.o) (_sbrk_r)
c:/program files (x86)/gnu arm embedded toolchain/10 2021.10/bin/../lib/gcc/arm-none-eabi/10.3.1/../../../../arm-none-eabi/lib/thumb/v7e-m+fp/hard\libc_nano.a(lib_a-signal.o)
                              c:/program files (x86)/gnu arm embedded toolchain/10 2021.10/bin/../lib/gcc/arm-none-eabi/10.3.1/../../../../arm-none-eabi/lib/thumb/v7e-m+fp/hard\libc_nano.a(lib_a-abort.o) (raise)
c:/program files (x86)/gnu arm embedded toolchain/10 2021.10/bin/../lib/gcc/arm-none-eabi/10.3.1/../../../../arm-none-eabi/lib/thumb/v7e-m+fp/hard\libc_nano.a(lib_a-signalr.o)
[...]
Memory Configuration

Name             Origin             Length             Attributes
RAM              0x20000000         0x00020000         xrw
CCMRAM           0x10000000         0x00010000         xrw
FLASH            0x08000000         0x00080000         xr
*default*        0x00000000         0xffffffff

Linker script and memory map

LOAD c:/program files (x86)/gnu arm embedded toolchain/10 2021.10/bin/../lib/gcc/arm-none-eabi/10.3.1/thumb/v7e-m+fp/hard/crti.o
LOAD c:/program files (x86)/gnu arm embedded toolchain/10 2021.10/bin/../lib/gcc/arm-none-eabi/10.3.1/thumb/v7e-m+fp/hard/crtbegin.o
LOAD c:/program files (x86)/gnu arm embedded toolchain/10 2021.10/bin/../lib/gcc/arm-none-eabi/10.3.1/../../../../arm-none-eabi/lib/thumb/v7e-m+fp/hard/crt0.o
LOAD build/gpio.o
LOAD build/adc.o
LOAD build/dma.o
LOAD build/i2c.o
LOAD build/stm32f4xx_it.o
LOAD build/stm32f4xx_hal_msp.o
LOAD build/stm32f4xx_hal_adc.o
LOAD build/stm32f4xx_hal_adc_ex.o
LOAD build/stm32f4xx_ll_adc.o
LOAD build/stm32f4xx_hal_rcc.o
LOAD build/stm32f4xx_hal_rcc_ex.o
LOAD build/stm32f4xx_hal_flash.o
LOAD build/stm32f4xx_hal_flash_ex.o
LOAD build/stm32f4xx_hal_flash_ramfunc.o
LOAD build/stm32f4xx_hal_gpio.o
LOAD build/stm32f4xx_hal_dma_ex.o
LOAD build/stm32f4xx_hal_dma.o
LOAD build/stm32f4xx_hal_pwr.o
LOAD build/stm32f4xx_hal_pwr_ex.o
LOAD build/stm32f4xx_hal_cortex.o
LOAD build/stm32f4xx_hal.o
LOAD build/stm32f4xx_hal_exti.o
LOAD build/stm32f4xx_hal_i2c.o
LOAD build/stm32f4xx_hal_i2c_ex.o
LOAD build/stm32f4xx_hal_tim.o
LOAD build/stm32f4xx_hal_tim_ex.o
LOAD build/system_stm32f4xx.o
LOAD build/sysmem.o
LOAD build/syscalls.o
LOAD build/real_main.o
LOAD build/bsp_adc.o
LOAD build/bsp_i2c.o
LOAD build/bsp_dwt.o
LOAD build/oled.o
LOAD build/startup_stm32f407xx.o
LOAD c:/program files (x86)/gnu arm embedded toolchain/10 2021.10/bin/../lib/gcc/arm-none-eabi/10.3.1/../../../../arm-none-eabi/lib/thumb/v7e-m+fp/hard\libstdc++_nano.a
LOAD c:/program files (x86)/gnu arm embedded toolchain/10 2021.10/bin/../lib/gcc/arm-none-eabi/10.3.1/../../../../arm-none-eabi/lib/thumb/v7e-m+fp/hard\libc_nano.a
LOAD c:/program files (x86)/gnu arm embedded toolchain/10 2021.10/bin/../lib/gcc/arm-none-eabi/10.3.1/../../../../arm-none-eabi/lib/thumb/v7e-m+fp/hard\libm.a
LOAD c:/program files (x86)/gnu arm embedded toolchain/10 2021.10/bin/../lib/gcc/arm-none-eabi/10.3.1/../../../../arm-none-eabi/lib/thumb/v7e-m+fp/hard\libnosys.a
START GROUP
LOAD c:/program files (x86)/gnu arm embedded toolchain/10 2021.10/bin/../lib/gcc/arm-none-eabi/10.3.1/thumb/v7e-m+fp/hard\libgcc.a
LOAD c:/program files (x86)/gnu arm embedded toolchain/10 2021.10/bin/../lib/gcc/arm-none-eabi/10.3.1/../../../../arm-none-eabi/lib/thumb/v7e-m+fp/hard\libc_nano.a
END GROUP
START GROUP
LOAD c:/program files (x86)/gnu arm embedded toolchain/10 2021.10/bin/../lib/gcc/arm-none-eabi/10.3.1/thumb/v7e-m+fp/hard\libgcc.a
LOAD c:/program files (x86)/gnu arm embedded toolchain/10 2021.10/bin/../lib/gcc/arm-none-eabi/10.3.1/../../../../arm-none-eabi/lib/thumb/v7e-m+fp/hard\libc_nano.a
END GROUP
LOAD c:/program files (x86)/gnu arm embedded toolchain/10 2021.10/bin/../lib/gcc/arm-none-eabi/10.3.1/thumb/v7e-m+fp/hard/crtend.o
LOAD c:/program files (x86)/gnu arm embedded toolchain/10 2021.10/bin/../lib/gcc/arm-none-eabi/10.3.1/thumb/v7e-m+fp/hard/crtn.o
                0x20020000                _estack = (ORIGIN (RAM) + LENGTH (RAM))
                0x00002000                _Min_Heap_Size = 0x2000
                0x00002000                _Min_Stack_Size = 0x2000

.isr_vector     0x08000000      0x188
                0x08000000                . = ALIGN (0x4)
 *(.isr_vector)
 .isr_vector    0x08000000      0x188 build/startup_stm32f407xx.o
                0x08000000                g_pfnVectors
                0x08000188                . = ALIGN (0x4)

.text           0x08000188     0x47b0
                0x08000188                . = ALIGN (0x4)
 *(.text)
 .text          0x08000188       0x40 c:/program files (x86)/gnu arm embedded toolchain/10 2021.10/bin/../lib/gcc/arm-none-eabi/10.3.1/thumb/v7e-m+fp/hard/crtbegin.o
 .text          0x080001c8       0x30 c:/program files (x86)/gnu arm embedded toolchain/10 2021.10/bin/../lib/gcc/arm-none-eabi/10.3.1/thumb/v7e-m+fp/hard\libgcc.a(_aeabi_uldivmod.o)
                0x080001c8                __aeabi_uldivmod
 .text          0x080001f8      0x2d0 c:/program files (x86)/gnu arm embedded toolchain/10 2021.10/bin/../lib/gcc/arm-none-eabi/10.3.1/thumb/v7e-m+fp/hard\libgcc.a(_udivmoddi4.o)
                0x080001f8                __udivmoddi4
 .text          0x080004c8        0x4 c:/program files (x86)/gnu arm embedded toolchain/10 2021.10/bin/../lib/gcc/arm-none-eabi/10.3.1/thumb/v7e-m+fp/hard\libgcc.a(_dvmd_tls.o)
                0x080004c8                __aeabi_idiv0
                0x080004c8                __aeabi_ldiv0
 *(.text*)
 .text.MX_GPIO_Init
                0x080004cc       0x94 build/gpio.o
                0x080004cc                MX_GPIO_Init
 .text.MX_ADC1_Init
                0x08000560       0x70 build/adc.o
                0x08000560                MX_ADC1_Init
 .text.HAL_ADC_MspInit
                0x080005d0       0xa8 build/adc.o
                0x080005d0                HAL_ADC_MspInit
 .text.MX_DMA_Init
                0x08000678       0x68 build/dma.o
                0x08000678                MX_DMA_Init
 .text.MX_I2C1_Init
                0x080006e0       0x3c build/i2c.o
                0x080006e0                MX_I2C1_Init
 .text.HAL_I2C_MspInit
                0x0800071c       0xfc build/i2c.o
                0x0800071c                HAL_I2C_MspInit
 .text.NMI_Handler
                0x08000818        0x2 build/stm32f4xx_it.o
                0x08000818                NMI_Handler
 .text.HardFault_Handler
                0x0800081a        0x2 build/stm32f4xx_it.o
                0x0800081a                HardFault_Handler
 .text.MemManage_Handler
                0x0800081c        0x2 build/stm32f4xx_it.o
                0x0800081c                MemManage_Handler
 .text.BusFault_Handler
                0x0800081e        0x2 build/stm32f4xx_it.o
                0x0800081e                BusFault_Handler
 .text.UsageFault_Handler
                0x08000820        0x2 build/stm32f4xx_it.o
                0x08000820                UsageFault_Handler
 .text.SVC_Handler
                0x08000822        0x2 build/stm32f4xx_it.o
                0x08000822                SVC_Handler
 .text.DebugMon_Handler
                0x08000824        0x2 build/stm32f4xx_it.o
                0x08000824                DebugMon_Handler
 .text.PendSV_Handler
                0x08000826        0x2 build/stm32f4xx_it.o
                0x08000826                PendSV_Handler
 .text.SysTick_Handler
                0x08000828        0x8 build/stm32f4xx_it.o
                0x08000828                SysTick_Handler
 .text.DMA1_Stream0_IRQHandler
                0x08000830       0x10 build/stm32f4xx_it.o
                0x08000830                DMA1_Stream0_IRQHandler
 .text.DMA1_Stream6_IRQHandler
                0x08000840       0x10 build/stm32f4xx_it.o
                0x08000840                DMA1_Stream6_IRQHandler
 .text.I2C1_EV_IRQHandler
                0x08000850       0x10 build/stm32f4xx_it.o
                0x08000850                I2C1_EV_IRQHandler
 .text.DMA2_Stream0_IRQHandler
                0x08000860       0x10 build/stm32f4xx_it.o
                0x08000860                DMA2_Stream0_IRQHandler
 .text.HAL_MspInit
                0x08000870       0x38 build/stm32f4xx_hal_msp.o
                0x08000870                HAL_MspInit
 .text.ADC_Init
                0x080008a8      0x134 build/stm32f4xx_hal_adc.o
 .text.HAL_ADC_Init
                0x080009dc       0x56 build/stm32f4xx_hal_adc.o
                0x080009dc                HAL_ADC_Init
 *fill*         0x08000a32        0x2 
 .text.HAL_ADC_ConfigChannel
                0x08000a34      0x198 build/stm32f4xx_hal_adc.o
                0x08000a34                HAL_ADC_ConfigChannel
 .text.HAL_RCC_OscConfig
                0x08000bcc      0x3f8 build/stm32f4xx_hal_rcc.o
                0x08000bcc                HAL_RCC_OscConfig
 .text.HAL_RCC_GetSysClockFreq
                0x08000fc4       0xd4 build/stm32f4xx_hal_rcc.o
                0x08000fc4                HAL_RCC_GetSysClockFreq
 .text.HAL_RCC_ClockConfig
                0x08001098      0x160 build/stm32f4xx_hal_rcc.o
                0x08001098                HAL_RCC_ClockConfig
 .text.HAL_RCC_GetHCLKFreq
                0x080011f8        0xc build/stm32f4xx_hal_rcc.o
                0x080011f8                HAL_RCC_GetHCLKFreq
 .text.HAL_RCC_GetPCLK1Freq
                0x08001204       0x20 build/stm32f4xx_hal_rcc.o
                0x08001204                HAL_RCC_GetPCLK1Freq
 .text.HAL_GPIO_Init
                0x08001224      0x1e4 build/stm32f4xx_hal_gpio.o
                0x08001224                HAL_GPIO_Init
 .text.HAL_GPIO_WritePin
                0x08001408        0xc build/stm32f4xx_hal_gpio.o
                0x08001408                HAL_GPIO_WritePin
 .text.DMA_SetConfig
                0x08001414       0x2c build/stm32f4xx_hal_dma.o
 .text.DMA_CalcBaseAndBitshift
                0x08001440       0x44 build/stm32f4xx_hal_dma.o
 .text.DMA_CheckFifoParam
                0x08001484       0x8e build/stm32f4xx_hal_dma.o
 *fill*         0x08001512        0x2 
 .text.HAL_DMA_Init
                0x08001514       0xcc build/stm32f4xx_hal_dma.o
                0x08001514                HAL_DMA_Init
 .text.HAL_DMA_Start_IT
                0x080015e0       0x6a build/stm32f4xx_hal_dma.o
                0x080015e0                HAL_DMA_Start_IT
 .text.HAL_DMA_Abort_IT
                0x0800164a       0x26 build/stm32f4xx_hal_dma.o
                0x0800164a                HAL_DMA_Abort_IT
 .text.HAL_DMA_IRQHandler
                0x08001670      0x1dc build/stm32f4xx_hal_dma.o
                0x08001670                HAL_DMA_IRQHandler
 .text.HAL_DMA_GetState
                0x0800184c        0x6 build/stm32f4xx_hal_dma.o
                0x0800184c                HAL_DMA_GetState
 .text.HAL_DMA_GetError
                0x08001852        0x4 build/stm32f4xx_hal_dma.o
                0x08001852                HAL_DMA_GetError
 *fill*         0x08001856        0x2 
 .text.HAL_NVIC_SetPriorityGrouping
                0x08001858       0x24 build/stm32f4xx_hal_cortex.o
                0x08001858                HAL_NVIC_SetPriorityGrouping
 .text.HAL_NVIC_SetPriority
                0x0800187c       0x70 build/stm32f4xx_hal_cortex.o
                0x0800187c                HAL_NVIC_SetPriority
 .text.HAL_NVIC_EnableIRQ
                0x080018ec       0x1c build/stm32f4xx_hal_cortex.o
                0x080018ec                HAL_NVIC_EnableIRQ
 .text.HAL_SYSTICK_Config
                0x08001908       0x28 build/stm32f4xx_hal_cortex.o
                0x08001908                HAL_SYSTICK_Config
 .text.HAL_InitTick
                0x08001930       0x4c build/stm32f4xx_hal.o
                0x08001930                HAL_InitTick
 .text.HAL_Init
                0x0800197c       0x34 build/stm32f4xx_hal.o
                0x0800197c                HAL_Init
 .text.HAL_IncTick
                0x080019b0       0x18 build/stm32f4xx_hal.o
                0x080019b0                HAL_IncTick
 .text.HAL_GetTick
                0x080019c8        0xc build/stm32f4xx_hal.o
                0x080019c8                HAL_GetTick
 .text.HAL_Delay
                0x080019d4       0x28 build/stm32f4xx_hal.o
                0x080019d4                HAL_Delay
 .text.I2C_Flush_DR
                0x080019fc       0x10 build/stm32f4xx_hal_i2c.o
 .text.I2C_Master_SB
                0x08001a0c       0xa8 build/stm32f4xx_hal_i2c.o
 .text.I2C_Master_ADD10
                0x08001ab4       0x2a build/stm32f4xx_hal_i2c.o
 .text.I2C_Master_ADDR
                0x08001ade      0x206 build/stm32f4xx_hal_i2c.o
 .text.I2C_SlaveTransmit_BTF
                0x08001ce4       0x20 build/stm32f4xx_hal_i2c.o
 .text.I2C_SlaveReceive_BTF
                0x08001d04       0x20 build/stm32f4xx_hal_i2c.o
 .text.I2C_WaitOnSTOPRequestThroughIT
                0x08001d24       0x48 build/stm32f4xx_hal_i2c.o
 .text.I2C_IsAcknowledgeFailed
                0x08001d6c       0x32 build/stm32f4xx_hal_i2c.o
 .text.I2C_ConvertOtherXferOptions
                0x08001d9e       0x1e build/stm32f4xx_hal_i2c.o
 .text.I2C_WaitOnFlagUntilTimeout
                0x08001dbc       0xaa build/stm32f4xx_hal_i2c.o
 .text.I2C_WaitOnMasterAddressFlagUntilTimeout
                0x08001e66       0xd6 build/stm32f4xx_hal_i2c.o
 .text.I2C_MasterRequestWrite
                0x08001f3c       0xb4 build/stm32f4xx_hal_i2c.o
 .text.I2C_WaitOnTXEFlagUntilTimeout
                0x08001ff0       0x5e build/stm32f4xx_hal_i2c.o
 *fill*         0x0800204e        0x2 
 .text.I2C_RequestMemoryWrite
                0x08002050       0xd8 build/stm32f4xx_hal_i2c.o
 .text.I2C_RequestMemoryRead
                0x08002128      0x154 build/stm32f4xx_hal_i2c.o
 .text.I2C_WaitOnBTFFlagUntilTimeout
                0x0800227c       0x5e build/stm32f4xx_hal_i2c.o
 .text.I2C_WaitOnRXNEFlagUntilTimeout
                0x080022da       0x78 build/stm32f4xx_hal_i2c.o
 *fill*         0x08002352        0x2 
 .text.HAL_I2C_Init
                0x08002354      0x1bc build/stm32f4xx_hal_i2c.o
                0x08002354                HAL_I2C_Init
 .text.HAL_I2C_Master_Transmit
                0x08002510      0x178 build/stm32f4xx_hal_i2c.o
                0x08002510                HAL_I2C_Master_Transmit
 .text.HAL_I2C_Master_Transmit_IT
                0x08002688       0xd4 build/stm32f4xx_hal_i2c.o
                0x08002688                HAL_I2C_Master_Transmit_IT
 .text.HAL_I2C_Master_Transmit_DMA
                0x0800275c      0x188 build/stm32f4xx_hal_i2c.o
                0x0800275c                HAL_I2C_Master_Transmit_DMA
 .text.HAL_I2C_Mem_Write
                0x080028e4      0x164 build/stm32f4xx_hal_i2c.o
                0x080028e4                HAL_I2C_Mem_Write
 .text.HAL_I2C_Mem_Read
                0x08002a48      0x2f8 build/stm32f4xx_hal_i2c.o
                0x08002a48                HAL_I2C_Mem_Read
 .text.HAL_I2C_Mem_Write_IT
                0x08002d40       0xe0 build/stm32f4xx_hal_i2c.o
                0x08002d40                HAL_I2C_Mem_Write_IT
 .text.HAL_I2C_Mem_Read_IT
                0x08002e20       0xec build/stm32f4xx_hal_i2c.o
                0x08002e20                HAL_I2C_Mem_Read_IT
 .text.HAL_I2C_Mem_Write_DMA
                0x08002f0c      0x1d4 build/stm32f4xx_hal_i2c.o
                0x08002f0c                HAL_I2C_Mem_Write_DMA
 .text.HAL_I2C_Mem_Read_DMA
                0x080030e0      0x214 build/stm32f4xx_hal_i2c.o
                0x080030e0                HAL_I2C_Mem_Read_DMA
 .text.HAL_I2C_SlaveTxCpltCallback
                0x080032f4        0x2 build/stm32f4xx_hal_i2c.o
                0x080032f4                HAL_I2C_SlaveTxCpltCallback
 .text.I2C_SlaveTransmit_TXE
                0x080032f6       0x4c build/stm32f4xx_hal_i2c.o
 .text.HAL_I2C_SlaveRxCpltCallback
                0x08003342        0x2 build/stm32f4xx_hal_i2c.o
                0x08003342                HAL_I2C_SlaveRxCpltCallback
 .text.I2C_SlaveReceive_RXNE
                0x08003344       0x4c build/stm32f4xx_hal_i2c.o
 .text.HAL_I2C_AddrCallback
                0x08003390        0x2 build/stm32f4xx_hal_i2c.o
                0x08003390                HAL_I2C_AddrCallback
 .text.I2C_Slave_ADDR
                0x08003392       0x5a build/stm32f4xx_hal_i2c.o
 .text.HAL_I2C_ListenCpltCallback
                0x080033ec        0x2 build/stm32f4xx_hal_i2c.o
                0x080033ec                HAL_I2C_ListenCpltCallback
 .text.I2C_MasterTransmit_BTF
                0x080033ee       0x9e build/stm32f4xx_hal_i2c.o
 .text.I2C_MemoryTransmit_TXE_BTF
                0x0800348c       0xc4 build/stm32f4xx_hal_i2c.o
 .text.I2C_MasterTransmit_TXE
                0x08003550       0xd0 build/stm32f4xx_hal_i2c.o
 .text.I2C_MasterReceive_BTF
                0x08003620      0x136 build/stm32f4xx_hal_i2c.o
 .text.HAL_I2C_ErrorCallback
                0x08003756        0x2 build/stm32f4xx_hal_i2c.o
                0x08003756                HAL_I2C_ErrorCallback
 .text.I2C_DMAError
                0x08003758       0x46 build/stm32f4xx_hal_i2c.o
 .text.I2C_DMAXferCplt
                0x0800379e      0x130 build/stm32f4xx_hal_i2c.o
 .text.I2C_MasterReceive_RXNE
                0x080038ce      0x106 build/stm32f4xx_hal_i2c.o
 .text.HAL_I2C_AbortCpltCallback
                0x080039d4        0x2 build/stm32f4xx_hal_i2c.o
                0x080039d4                HAL_I2C_AbortCpltCallback
 *fill*         0x080039d6        0x2 
 .text.I2C_DMAAbort
                0x080039d8       0xe4 build/stm32f4xx_hal_i2c.o
 .text.I2C_ITError
                0x08003abc      0x178 build/stm32f4xx_hal_i2c.o
 .text.I2C_Slave_STOPF
                0x08003c34      0x18c build/stm32f4xx_hal_i2c.o
 .text.HAL_I2C_EV_IRQHandler
                0x08003dc0      0x1a0 build/stm32f4xx_hal_i2c.o
                0x08003dc0                HAL_I2C_EV_IRQHandler
 .text.SystemInit
                0x08003f60       0x14 build/system_stm32f4xx.o
                0x08003f60                SystemInit
 .text._sbrk    0x08003f74       0x48 build/sysmem.o
                0x08003f74                _sbrk
 .text._getpid  0x08003fbc        0x4 build/syscalls.o
                0x08003fbc                _getpid
 .text._kill    0x08003fc0       0x10 build/syscalls.o
                0x08003fc0                _kill
 .text._exit    0x08003fd0        0xc build/syscalls.o
                0x08003fd0                _exit
 .text.Error_Handler
                0x08003fdc        0x4 build/real_main.o
                0x08003fdc                Error_Handler
 .text._Z18SystemClock_Configv
                0x08003fe0       0xa8 build/real_main.o
                0x08003fe0                SystemClock_Config()
 .text.main     0x08004088       0x42 build/real_main.o
                0x08004088                main
 *fill*         0x080040ca        0x2 
 .text._ZN9Bsp_I2C_cC2EP15HW_I2C_Config_sPFvPS_E
                0x080040cc       0x38 build/bsp_i2c.o
                0x080040cc                Bsp_I2C_c::Bsp_I2C_c(HW_I2C_Config_s*, void (*)(Bsp_I2C_c*))
                0x080040cc                Bsp_I2C_c::Bsp_I2C_c(HW_I2C_Config_s*, void (*)(Bsp_I2C_c*))
 .text._ZN9Bsp_I2C_c15HW_I2C_TransmitEPht
                0x08004104       0x42 build/bsp_i2c.o
                0x08004104                Bsp_I2C_c::HW_I2C_Transmit(unsigned char*, unsigned short)
 .text._ZN9Bsp_I2C_c15HW_I2CAccessMemEtPht14I2C_Mem_Mode_eh
                0x08004146       0xb2 build/bsp_i2c.o
                0x08004146                Bsp_I2C_c::HW_I2CAccessMem(unsigned short, unsigned char*, unsigned short, I2C_Mem_Mode_e, unsigned char)
 .text._ZN9Bsp_I2C_c21Bsp_HW_I2C_TxCallbackEP17I2C_HandleTypeDef14I2C_Callback_e
                0x080041f8       0x3c build/bsp_i2c.o
                0x080041f8                Bsp_I2C_c::Bsp_HW_I2C_TxCallback(I2C_HandleTypeDef*, I2C_Callback_e)
 .text.HAL_I2C_MasterTxCpltCallback
                0x08004234        0xa build/bsp_i2c.o
                0x08004234                HAL_I2C_MasterTxCpltCallback
 .text.HAL_I2C_MemTxCpltCallback
                0x0800423e        0xa build/bsp_i2c.o
                0x0800423e                HAL_I2C_MemTxCpltCallback
 .text.HAL_I2C_MasterRxCpltCallback
                0x08004248        0x2 build/bsp_i2c.o
                0x08004248                HAL_I2C_MasterRxCpltCallback
 .text.HAL_I2C_MemRxCpltCallback
                0x0800424a        0x2 build/bsp_i2c.o
                0x0800424a                HAL_I2C_MemRxCpltCallback
 .text._ZN9BSP_DWT_c13DWT_CntUpdateEv
                0x0800424c       0x3c build/bsp_dwt.o
                0x0800424c                BSP_DWT_c::DWT_CntUpdate()
 .text._ZN9BSP_DWT_cC2Em
                0x08004288       0x5c build/bsp_dwt.o
                0x08004288                BSP_DWT_c::BSP_DWT_c(unsigned long)
                0x08004288                BSP_DWT_c::BSP_DWT_c(unsigned long)
 .text._Z41__static_initialization_and_destruction_0ii
                0x080042e4       0x28 build/bsp_dwt.o
 .text._GLOBAL__sub_I__ZN9BSP_DWT_cC2Em
                0x0800430c        0xe build/bsp_dwt.o
 *fill*         0x0800431a        0x2 
 .text._Z13oled_callbackP9Bsp_I2C_c
                0x0800431c       0x78 build/oled.o
                0x0800431c                oled_callback(Bsp_I2C_c*)
 .text._Z41__static_initialization_and_destruction_0ii
                0x08004394       0x2c build/oled.o
 .text._Z8oled_powhh
                0x080043c0       0x16 build/oled.o
                0x080043c0                oled_pow(unsigned char, unsigned char)
 *fill*         0x080043d6        0x2 
 .text._Z9OLED_initv
                0x080043d8       0x24 build/oled.o
                0x080043d8                OLED_init()
 .text._Z12OLED_set_poshh
                0x080043fc       0x20 build/oled.o
                0x080043fc                OLED_set_pos(unsigned char, unsigned char)
 .text._Z15OLED_draw_pointaa11pen_typedef
                0x0800441c       0x84 build/oled.o
                0x0800441c                OLED_draw_point(signed char, signed char, pen_typedef)
 .text._Z14OLED_show_charhhh
                0x080044a0       0x88 build/oled.o
                0x080044a0                OLED_show_char(unsigned char, unsigned char, unsigned char)
 .text._Z13OLED_show_numhhmhh
                0x08004528       0x98 build/oled.o
                0x08004528                OLED_show_num(unsigned char, unsigned char, unsigned long, unsigned char, unsigned char)
 .text._Z17OLED_refresh_gramv
                0x080045c0       0x5c build/oled.o
                0x080045c0                OLED_refresh_gram()
 .text._GLOBAL__sub_I_OLED_GRAM
                0x0800461c        0xe build/oled.o
 *fill*         0x0800462a        0x2 
 .text.Reset_Handler
                0x0800462c       0x50 build/startup_stm32f407xx.o
                0x0800462c                Reset_Handler
 .text.Default_Handler
                0x0800467c        0x2 build/startup_stm32f407xx.o
                0x0800467c                RTC_Alarm_IRQHandler
                0x0800467c                HASH_RNG_IRQHandler
                0x0800467c                EXTI2_IRQHandler
                0x0800467c                TIM8_CC_IRQHandler
                0x0800467c                TIM1_CC_IRQHandler
                0x0800467c                DMA2_Stream5_IRQHandler
                0x0800467c                DMA1_Stream5_IRQHandler
                0x0800467c                PVD_IRQHandler
                0x0800467c                SDIO_IRQHandler
                0x0800467c                TAMP_STAMP_IRQHandler
                0x0800467c                CAN2_RX1_IRQHandler
                0x0800467c                EXTI3_IRQHandler
                0x0800467c                TIM8_TRG_COM_TIM14_IRQHandler
                0x0800467c                TIM1_UP_TIM10_IRQHandler
                0x0800467c                TIM8_UP_TIM13_IRQHandler
                0x0800467c                I2C3_ER_IRQHandler
                0x0800467c                EXTI0_IRQHandler
                0x0800467c                I2C2_EV_IRQHandler
                0x0800467c                DMA1_Stream2_IRQHandler
                0x0800467c                CAN1_RX0_IRQHandler
                0x0800467c                FPU_IRQHandler
                0x0800467c                OTG_HS_WKUP_IRQHandler
                0x0800467c                CAN2_SCE_IRQHandler
                0x0800467c                DMA2_Stream2_IRQHandler
                0x0800467c                SPI1_IRQHandler
                0x0800467c                TIM6_DAC_IRQHandler
                0x0800467c                TIM1_BRK_TIM9_IRQHandler
                0x0800467c                DCMI_IRQHandler
                0x0800467c                CAN2_RX0_IRQHandler
                0x0800467c                DMA2_Stream3_IRQHandler
                0x0800467c                USART6_IRQHandler
                0x0800467c                USART3_IRQHandler
                0x0800467c                CAN1_RX1_IRQHandler
                0x0800467c                UART5_IRQHandler
                0x0800467c                TIM4_IRQHandler
                0x0800467c                DMA1_Stream1_IRQHandler
                0x0800467c                UART4_IRQHandler
                0x0800467c                TIM3_IRQHandler
                0x0800467c                RCC_IRQHandler
                0x0800467c                TIM8_BRK_TIM12_IRQHandler
                0x0800467c                Default_Handler
                0x0800467c                EXTI15_10_IRQHandler
                0x0800467c                ADC_IRQHandler
                0x0800467c                DMA1_Stream7_IRQHandler
                0x0800467c                TIM7_IRQHandler
                0x0800467c                CAN2_TX_IRQHandler
                0x0800467c                TIM5_IRQHandler
                0x0800467c                DMA2_Stream7_IRQHandler
                0x0800467c                I2C3_EV_IRQHandler
                0x0800467c                EXTI9_5_IRQHandler
                0x0800467c                RTC_WKUP_IRQHandler
                0x0800467c                ETH_WKUP_IRQHandler
                0x0800467c                SPI2_IRQHandler
                0x0800467c                OTG_HS_EP1_IN_IRQHandler
                0x0800467c                CAN1_TX_IRQHandler
                0x0800467c                EXTI4_IRQHandler
                0x0800467c                FSMC_IRQHandler
                0x0800467c                ETH_IRQHandler
                0x0800467c                OTG_HS_EP1_OUT_IRQHandler
                0x0800467c                WWDG_IRQHandler
                0x0800467c                TIM2_IRQHandler
                0x0800467c                OTG_FS_WKUP_IRQHandler
                0x0800467c                TIM1_TRG_COM_TIM11_IRQHandler
                0x0800467c                OTG_HS_IRQHandler
                0x0800467c                EXTI1_IRQHandler
                0x0800467c                USART2_IRQHandler
                0x0800467c                I2C2_ER_IRQHandler
                0x0800467c                DMA2_Stream1_IRQHandler
                0x0800467c                CAN1_SCE_IRQHandler
                0x0800467c                FLASH_IRQHandler
                0x0800467c                DMA2_Stream4_IRQHandler
                0x0800467c                USART1_IRQHandler
                0x0800467c                OTG_FS_IRQHandler
                0x0800467c                SPI3_IRQHandler
                0x0800467c                DMA1_Stream4_IRQHandler
                0x0800467c                I2C1_ER_IRQHandler
                0x0800467c                DMA2_Stream6_IRQHandler
                0x0800467c                DMA1_Stream3_IRQHandler
 .text._Znwj    0x0800467e       0x22 c:/program files (x86)/gnu arm embedded toolchain/10 2021.10/bin/../lib/gcc/arm-none-eabi/10.3.1/../../../../arm-none-eabi/lib/thumb/v7e-m+fp/hard\libstdc++_nano.a(new_op.o)
                0x0800467e                operator new(unsigned int)
 .text._ZSt15get_new_handlerv
                0x080046a0       0x10 c:/program files (x86)/gnu arm embedded toolchain/10 2021.10/bin/../lib/gcc/arm-none-eabi/10.3.1/../../../../arm-none-eabi/lib/thumb/v7e-m+fp/hard\libstdc++_nano.a(new_handler.o)
                0x080046a0                std::get_new_handler()
 .text.abort    0x080046b0        0xe c:/program files (x86)/gnu arm embedded toolchain/10 2021.10/bin/../lib/gcc/arm-none-eabi/10.3.1/../../../../arm-none-eabi/lib/thumb/v7e-m+fp/hard\libc_nano.a(lib_a-abort.o)
                0x080046b0                abort
 *fill*         0x080046be        0x2 
 .text.__errno  0x080046c0        0xc c:/program files (x86)/gnu arm embedded toolchain/10 2021.10/bin/../lib/gcc/arm-none-eabi/10.3.1/../../../../arm-none-eabi/lib/thumb/v7e-m+fp/hard\libc_nano.a(lib_a-errno.o)
                0x080046c0                __errno
 .text.__libc_init_array
                0x080046cc       0x48 c:/program files (x86)/gnu arm embedded toolchain/10 2021.10/bin/../lib/gcc/arm-none-eabi/10.3.1/../../../../arm-none-eabi/lib/thumb/v7e-m+fp/hard\libc_nano.a(lib_a-init.o)
                0x080046cc                __libc_init_array
 .text.malloc   0x08004714       0x10 c:/program files (x86)/gnu arm embedded toolchain/10 2021.10/bin/../lib/gcc/arm-none-eabi/10.3.1/../../../../arm-none-eabi/lib/thumb/v7e-m+fp/hard\libc_nano.a(lib_a-malloc.o)
                0x08004714                malloc
 .text.memset   0x08004724       0x10 c:/program files (x86)/gnu arm embedded toolchain/10 2021.10/bin/../lib/gcc/arm-none-eabi/10.3.1/../../../../arm-none-eabi/lib/thumb/v7e-m+fp/hard\libc_nano.a(lib_a-memset.o)
                0x08004724                memset
 .text.sbrk_aligned
                0x08004734       0x40 c:/program files (x86)/gnu arm embedded toolchain/10 2021.10/bin/../lib/gcc/arm-none-eabi/10.3.1/../../../../arm-none-eabi/lib/thumb/v7e-m+fp/hard\libc_nano.a(lib_a-nano-mallocr.o)
 .text._malloc_r
                0x08004774       0xe8 c:/program files (x86)/gnu arm embedded toolchain/10 2021.10/bin/../lib/gcc/arm-none-eabi/10.3.1/../../../../arm-none-eabi/lib/thumb/v7e-m+fp/hard\libc_nano.a(lib_a-nano-mallocr.o)
                0x08004774                _malloc_r
 .text._sbrk_r  0x0800485c       0x20 c:/program files (x86)/gnu arm embedded toolchain/10 2021.10/bin/../lib/gcc/arm-none-eabi/10.3.1/../../../../arm-none-eabi/lib/thumb/v7e-m+fp/hard\libc_nano.a(lib_a-sbrkr.o)
                0x0800485c                _sbrk_r
 .text._raise_r
                0x0800487c       0x50 c:/program files (x86)/gnu arm embedded toolchain/10 2021.10/bin/../lib/gcc/arm-none-eabi/10.3.1/../../../../arm-none-eabi/lib/thumb/v7e-m+fp/hard\libc_nano.a(lib_a-signal.o)
                0x0800487c                _raise_r
 .text.raise    0x080048cc       0x10 c:/program files (x86)/gnu arm embedded toolchain/10 2021.10/bin/../lib/gcc/arm-none-eabi/10.3.1/../../../../arm-none-eabi/lib/thumb/v7e-m+fp/hard\libc_nano.a(lib_a-signal.o)
                0x080048cc                raise
 .text._kill_r  0x080048dc       0x24 c:/program files (x86)/gnu arm embedded toolchain/10 2021.10/bin/../lib/gcc/arm-none-eabi/10.3.1/../../../../arm-none-eabi/lib/thumb/v7e-m+fp/hard\libc_nano.a(lib_a-signalr.o)
                0x080048dc                _kill_r
 .text._getpid_r
                0x08004900        0x4 c:/program files (x86)/gnu arm embedded toolchain/10 2021.10/bin/../lib/gcc/arm-none-eabi/10.3.1/../../../../arm-none-eabi/lib/thumb/v7e-m+fp/hard\libc_nano.a(lib_a-signalr.o)
                0x08004900                _getpid_r
 .text.__malloc_lock
                0x08004904        0xc c:/program files (x86)/gnu arm embedded toolchain/10 2021.10/bin/../lib/gcc/arm-none-eabi/10.3.1/../../../../arm-none-eabi/lib/thumb/v7e-m+fp/hard\libc_nano.a(lib_a-mlock.o)
                0x08004904                __malloc_lock
 .text.__malloc_unlock
                0x08004910        0xc c:/program files (x86)/gnu arm embedded toolchain/10 2021.10/bin/../lib/gcc/arm-none-eabi/10.3.1/../../../../arm-none-eabi/lib/thumb/v7e-m+fp/hard\libc_nano.a(lib_a-mlock.o)
                0x08004910                __malloc_unlock
 .text.__retarget_lock_acquire_recursive
                0x0800491c        0x2 c:/program files (x86)/gnu arm embedded toolchain/10 2021.10/bin/../lib/gcc/arm-none-eabi/10.3.1/../../../../arm-none-eabi/lib/thumb/v7e-m+fp/hard\libc_nano.a(lib_a-lock.o)
                0x0800491c                __retarget_lock_acquire_recursive
 .text.__retarget_lock_release_recursive
                0x0800491e        0x2 c:/program files (x86)/gnu arm embedded toolchain/10 2021.10/bin/../lib/gcc/arm-none-eabi/10.3.1/../../../../arm-none-eabi/lib/thumb/v7e-m+fp/hard\libc_nano.a(lib_a-lock.o)
                0x0800491e                __retarget_lock_release_recursive
 *(.glue_7)
 .glue_7        0x08004920        0x0 linker stubs
 *(.glue_7t)
 .glue_7t       0x08004920        0x0 linker stubs
 *(.eh_frame)
 .eh_frame      0x08004920        0x0 c:/program files (x86)/gnu arm embedded toolchain/10 2021.10/bin/../lib/gcc/arm-none-eabi/10.3.1/thumb/v7e-m+fp/hard/crtbegin.o
 *(.init)
 .init          0x08004920        0x4 c:/program files (x86)/gnu arm embedded toolchain/10 2021.10/bin/../lib/gcc/arm-none-eabi/10.3.1/thumb/v7e-m+fp/hard/crti.o
                0x08004920                _init
 .init          0x08004924        0x8 c:/program files (x86)/gnu arm embedded toolchain/10 2021.10/bin/../lib/gcc/arm-none-eabi/10.3.1/thumb/v7e-m+fp/hard/crtn.o
 *(.fini)
 .fini          0x0800492c        0x4 c:/program files (x86)/gnu arm embedded toolchain/10 2021.10/bin/../lib/gcc/arm-none-eabi/10.3.1/thumb/v7e-m+fp/hard/crti.o
                0x0800492c                _fini
 .fini          0x08004930        0x8 c:/program files (x86)/gnu arm embedded toolchain/10 2021.10/bin/../lib/gcc/arm-none-eabi/10.3.1/thumb/v7e-m+fp/hard/crtn.o
                0x08004938                . = ALIGN (0x4)
                0x08004938                _etext = .

.vfp11_veneer   0x08004938        0x0
 .vfp11_veneer  0x08004938        0x0 linker stubs

.v4_bx          0x08004938        0x0
 .v4_bx         0x08004938        0x0 linker stubs

.iplt           0x08004938        0x0
 .iplt          0x08004938        0x0 c:/program files (x86)/gnu arm embedded toolchain/10 2021.10/bin/../lib/gcc/arm-none-eabi/10.3.1/thumb/v7e-m+fp/hard/crtbegin.o

.rodata         0x08004938      0x494
                0x08004938                . = ALIGN (0x4)
 *(.rodata)
 *(.rodata*)
 .rodata.flagBitshiftOffset.0
                0x08004938        0x8 build/stm32f4xx_hal_dma.o
 .rodata.AHBPrescTable
                0x08004940       0x10 build/system_stm32f4xx.o
                0x08004940                AHBPrescTable
 .rodata.APBPrescTable
                0x08004950        0x8 build/system_stm32f4xx.o
                0x08004950                APBPrescTable
 .rodata._ZL9asc2_1206
                0x08004958      0x474 build/oled.o
                0x08004dcc                . = ALIGN (0x4)

.ARM.extab
 *(.ARM.extab* .gnu.linkonce.armextab.*)

.ARM            0x08004dcc        0x8
                0x08004dcc                __exidx_start = .
 *(.ARM.exidx*)
 .ARM.exidx     0x08004dcc        0x8 c:/program files (x86)/gnu arm embedded toolchain/10 2021.10/bin/../lib/gcc/arm-none-eabi/10.3.1/thumb/v7e-m+fp/hard\libgcc.a(_udivmoddi4.o)
                0x08004dd4                __exidx_end = .

.rel.dyn        0x08004dd4        0x0
 .rel.iplt      0x08004dd4        0x0 c:/program files (x86)/gnu arm embedded toolchain/10 2021.10/bin/../lib/gcc/arm-none-eabi/10.3.1/thumb/v7e-m+fp/hard/crtbegin.o

.preinit_array  0x08004dd4        0x0
                0x08004dd4                PROVIDE (__preinit_array_start = .)
 *(.preinit_array*)
                0x08004dd4                PROVIDE (__preinit_array_end = .)

.init_array     0x08004dd4        0xc
                0x08004dd4                PROVIDE (__init_array_start = .)
 *(SORT_BY_NAME(.init_array.*))
 *(.init_array*)
 .init_array    0x08004dd4        0x4 c:/program files (x86)/gnu arm embedded toolchain/10 2021.10/bin/../lib/gcc/arm-none-eabi/10.3.1/thumb/v7e-m+fp/hard/crtbegin.o
 .init_array    0x08004dd8        0x4 build/bsp_dwt.o
 .init_array    0x08004ddc        0x4 build/oled.o
                0x08004de0                PROVIDE (__init_array_end = .)

.fini_array     0x08004de0        0x4
                [!provide]                PROVIDE (__fini_array_start = .)
 *(SORT_BY_NAME(.fini_array.*))
 *(.fini_array*)
 .fini_array    0x08004de0        0x4 c:/program files (x86)/gnu arm embedded toolchain/10 2021.10/bin/../lib/gcc/arm-none-eabi/10.3.1/thumb/v7e-m+fp/hard/crtbegin.o
                [!provide]                PROVIDE (__fini_array_end = .)
                0x08004de4                _sidata = LOADADDR (.data)

.data           0x20000000       0x98 load address 0x08004de4
                0x20000000                . = ALIGN (0x4)
                0x20000000                _sdata = .
 *(.data)
 *(.data*)
 .data.uwTickFreq
                0x20000000        0x1 build/stm32f4xx_hal.o
                0x20000000                uwTickFreq
 *fill*         0x20000001        0x3 
 .data.uwTickPrio
                0x20000004        0x4 build/stm32f4xx_hal.o
                0x20000004                uwTickPrio
 .data.SystemCoreClock
                0x20000008        0x4 build/system_stm32f4xx.o
                0x20000008                SystemCoreClock
 .data.OLED_Init_CMD
                0x2000000c       0x1d build/oled.o
                0x2000000c                OLED_Init_CMD
 *fill*         0x20000029        0x3 
 .data.oled_init_config
                0x2000002c        0x8 build/oled.o
                0x2000002c                oled_init_config
 .data._impure_ptr
                0x20000034        0x4 c:/program files (x86)/gnu arm embedded toolchain/10 2021.10/bin/../lib/gcc/arm-none-eabi/10.3.1/../../../../arm-none-eabi/lib/thumb/v7e-m+fp/hard\libc_nano.a(lib_a-impure.o)
                0x20000034                _impure_ptr
 .data.impure_data
                0x20000038       0x60 c:/program files (x86)/gnu arm embedded toolchain/10 2021.10/bin/../lib/gcc/arm-none-eabi/10.3.1/../../../../arm-none-eabi/lib/thumb/v7e-m+fp/hard\libc_nano.a(lib_a-impure.o)
                0x20000098                . = ALIGN (0x4)
                0x20000098                _edata = .
                0x08004e7c                _siccmram = LOADADDR (.ccmram)

.igot.plt       0x20000098        0x0 load address 0x08004e7c
 .igot.plt      0x20000098        0x0 c:/program files (x86)/gnu arm embedded toolchain/10 2021.10/bin/../lib/gcc/arm-none-eabi/10.3.1/thumb/v7e-m+fp/hard/crtbegin.o

.ccmram         0x10000000        0x0 load address 0x08004e7c
                0x10000000                . = ALIGN (0x4)
                0x10000000                _sccmram = .
 *(.ccmram)
 *(.ccmram*)
                0x10000000                . = ALIGN (0x4)
                0x10000000                _eccmram = .
                0x10000000                . = ALIGN (0x4)

.bss            0x20000098      0xa50
                0x20000098                _sbss = .
                0x20000098                __bss_start__ = _sbss
 *(.bss)
 .bss           0x20000098       0x1c c:/program files (x86)/gnu arm embedded toolchain/10 2021.10/bin/../lib/gcc/arm-none-eabi/10.3.1/thumb/v7e-m+fp/hard/crtbegin.o
 *(.bss*)
 .bss.hadc1     0x200000b4       0x48 build/adc.o
                0x200000b4                hadc1
 .bss.hdma_adc1
                0x200000fc       0x60 build/adc.o
                0x200000fc                hdma_adc1
 .bss.hdma_i2c1_rx
                0x2000015c       0x60 build/i2c.o
                0x2000015c                hdma_i2c1_rx
 .bss.hdma_i2c1_tx
                0x200001bc       0x60 build/i2c.o
                0x200001bc                hdma_i2c1_tx
 .bss.hi2c1     0x2000021c       0x54 build/i2c.o
                0x2000021c                hi2c1
 .bss.uwTick    0x20000270        0x4 build/stm32f4xx_hal.o
                0x20000270                uwTick
 .bss.__sbrk_heap_end
                0x20000274        0x4 build/sysmem.o
 .bss._ZN9Bsp_I2C_c13i2c_instance_E
                0x20000278        0x8 build/bsp_i2c.o
                0x20000278                Bsp_I2C_c::i2c_instance_
 .bss._ZN9Bsp_I2C_c4idx_E
                0x20000280        0x1 build/bsp_i2c.o
                0x20000280                Bsp_I2C_c::idx_
 .bss._ZN9Bsp_I2C_c7hw_idx_E
                0x20000281        0x1 build/bsp_i2c.o
                0x20000281                Bsp_I2C_c::hw_idx_
 *fill*         0x20000282        0x2 
 .bss._ZN9BSP_DWT_c12DWT_InstanceE
                0x20000284        0x4 build/bsp_dwt.o
                0x20000284                BSP_DWT_c::DWT_Instance
 .bss._ZZN9BSP_DWT_c13DWT_CntUpdateEvE10bit_locker
                0x20000288        0x1 build/bsp_dwt.o
 .bss.BufFinshFlag
                0x20000289        0x1 build/oled.o
                0x20000289                BufFinshFlag
 .bss.CountFlag
                0x2000028a        0x1 build/oled.o
                0x2000028a                CountFlag
 *fill*         0x2000028b        0x1 
 .bss.OLED_CMDbuf
                0x2000028c       0x20 build/oled.o
                0x2000028c                OLED_CMDbuf
 .bss.OLED_GRAM
                0x200002ac      0x400 build/oled.o
                0x200002ac                OLED_GRAM
 .bss.OLED_GRAMbuf
                0x200006ac      0x400 build/oled.o
                0x200006ac                OLED_GRAMbuf
 .bss.oled_module
                0x20000aac       0x28 build/oled.o
                0x20000aac                oled_module
 .bss._ZN12_GLOBAL__N_113__new_handlerE
                0x20000ad4        0x4 c:/program files (x86)/gnu arm embedded toolchain/10 2021.10/bin/../lib/gcc/arm-none-eabi/10.3.1/../../../../arm-none-eabi/lib/thumb/v7e-m+fp/hard\libstdc++_nano.a(new_handler.o)
 .bss.__malloc_free_list
                0x20000ad8        0x4 c:/program files (x86)/gnu arm embedded toolchain/10 2021.10/bin/../lib/gcc/arm-none-eabi/10.3.1/../../../../arm-none-eabi/lib/thumb/v7e-m+fp/hard\libc_nano.a(lib_a-nano-mallocr.o)
                0x20000ad8                __malloc_free_list
 .bss.__malloc_sbrk_start
                0x20000adc        0x4 c:/program files (x86)/gnu arm embedded toolchain/10 2021.10/bin/../lib/gcc/arm-none-eabi/10.3.1/../../../../arm-none-eabi/lib/thumb/v7e-m+fp/hard\libc_nano.a(lib_a-nano-mallocr.o)
                0x20000adc                __malloc_sbrk_start
 .bss.errno     0x20000ae0        0x4 c:/program files (x86)/gnu arm embedded toolchain/10 2021.10/bin/../lib/gcc/arm-none-eabi/10.3.1/../../../../arm-none-eabi/lib/thumb/v7e-m+fp/hard\libc_nano.a(lib_a-reent.o)
                0x20000ae0                errno
 .bss.__lock___malloc_recursive_mutex
                0x20000ae4        0x1 c:/program files (x86)/gnu arm embedded toolchain/10 2021.10/bin/../lib/gcc/arm-none-eabi/10.3.1/../../../../arm-none-eabi/lib/thumb/v7e-m+fp/hard\libc_nano.a(lib_a-lock.o)
                0x20000ae4                __lock___malloc_recursive_mutex
 *(COMMON)
                0x20000ae8                . = ALIGN (0x4)
 *fill*         0x20000ae5        0x3 
                0x20000ae8                _ebss = .
                0x20000ae8                __bss_end__ = _ebss

._user_heap_stack
                0x20000ae8     0x4000
                0x20000ae8                . = ALIGN (0x8)
                [!provide]                PROVIDE (end = .)
                0x20000ae8                PROVIDE (_end = .)
                0x20002ae8                . = (. + _Min_Heap_Size)
 *fill*         0x20000ae8     0x2000 
                0x20004ae8                . = (. + _Min_Stack_Size)
 *fill*         0x20002ae8     0x2000 
                0x20004ae8                . = ALIGN (0x8)

/DISCARD/
 libc.a(*)
 libm.a(*)
 libgcc.a(*)

.ARM.attributes
                0x00000000       0x30
 *(.ARM.attributes)
 .ARM.attributes
                0x00000000       0x1e c:/program files (x86)/gnu arm embedded toolchain/10 2021.10/bin/../lib/gcc/arm-none-eabi/10.3.1/thumb/v7e-m+fp/hard/crti.o
 .ARM.attributes
                0x0000001e       0x34 c:/program files (x86)/gnu arm embedded toolchain/10 2021.10/bin/../lib/gcc/arm-none-eabi/10.3.1/thumb/v7e-m+fp/hard/crtbegin.o
 .ARM.attributes
                0x00000052       0x34 build/gpio.o
 .ARM.attributes
                0x00000086       0x34 build/adc.o
 .ARM.attributes
                0x000000ba       0x34 build/dma.o
 .ARM.attributes
                0x000000ee       0x34 build/i2c.o
 .ARM.attributes
                0x00000122       0x34 build/stm32f4xx_it.o
 .ARM.attributes
                0x00000156       0x34 build/stm32f4xx_hal_msp.o
 .ARM.attributes
                0x0000018a       0x34 build/stm32f4xx_hal_adc.o
 .ARM.attributes
                0x000001be       0x34 build/stm32f4xx_hal_rcc.o
 .ARM.attributes
                0x000001f2       0x34 build/stm32f4xx_hal_gpio.o
 .ARM.attributes
                0x00000226       0x34 build/stm32f4xx_hal_dma.o
 .ARM.attributes
                0x0000025a       0x34 build/stm32f4xx_hal_cortex.o
 .ARM.attributes
                0x0000028e       0x34 build/stm32f4xx_hal.o
 .ARM.attributes
                0x000002c2       0x34 build/stm32f4xx_hal_i2c.o
 .ARM.attributes
                0x000002f6       0x34 build/system_stm32f4xx.o
 .ARM.attributes
                0x0000032a       0x34 build/sysmem.o
 .ARM.attributes
                0x0000035e       0x34 build/syscalls.o
 .ARM.attributes
                0x00000392       0x34 build/real_main.o
 .ARM.attributes
                0x000003c6       0x34 build/bsp_i2c.o
 .ARM.attributes
                0x000003fa       0x34 build/bsp_dwt.o
 .ARM.attributes
                0x0000042e       0x34 build/oled.o
 .ARM.attributes
                0x00000462       0x21 build/startup_stm32f407xx.o
 .ARM.attributes
                0x00000483       0x34 c:/program files (x86)/gnu arm embedded toolchain/10 2021.10/bin/../lib/gcc/arm-none-eabi/10.3.1/../../../../arm-none-eabi/lib/thumb/v7e-m+fp/hard\libstdc++_nano.a(new_op.o)
 .ARM.attributes
                0x000004b7       0x34 c:/program files (x86)/gnu arm embedded toolchain/10 2021.10/bin/../lib/gcc/arm-none-eabi/10.3.1/../../../../arm-none-eabi/lib/thumb/v7e-m+fp/hard\libstdc++_nano.a(new_handler.o)
 .ARM.attributes
                0x000004eb       0x34 c:/program files (x86)/gnu arm embedded toolchain/10 2021.10/bin/../lib/gcc/arm-none-eabi/10.3.1/../../../../arm-none-eabi/lib/thumb/v7e-m+fp/hard\libc_nano.a(lib_a-abort.o)
 .ARM.attributes
                0x0000051f       0x34 c:/program files (x86)/gnu arm embedded toolchain/10 2021.10/bin/../lib/gcc/arm-none-eabi/10.3.1/../../../../arm-none-eabi/lib/thumb/v7e-m+fp/hard\libc_nano.a(lib_a-errno.o)
 .ARM.attributes
                0x00000553       0x34 c:/program files (x86)/gnu arm embedded toolchain/10 2021.10/bin/../lib/gcc/arm-none-eabi/10.3.1/../../../../arm-none-eabi/lib/thumb/v7e-m+fp/hard\libc_nano.a(lib_a-impure.o)
 .ARM.attributes
                0x00000587       0x34 c:/program files (x86)/gnu arm embedded toolchain/10 2021.10/bin/../lib/gcc/arm-none-eabi/10.3.1/../../../../arm-none-eabi/lib/thumb/v7e-m+fp/hard\libc_nano.a(lib_a-init.o)
 .ARM.attributes
                0x000005bb       0x34 c:/program files (x86)/gnu arm embedded toolchain/10 2021.10/bin/../lib/gcc/arm-none-eabi/10.3.1/../../../../arm-none-eabi/lib/thumb/v7e-m+fp/hard\libc_nano.a(lib_a-malloc.o)
 .ARM.attributes
                0x000005ef       0x34 c:/program files (x86)/gnu arm embedded toolchain/10 2021.10/bin/../lib/gcc/arm-none-eabi/10.3.1/../../../../arm-none-eabi/lib/thumb/v7e-m+fp/hard\libc_nano.a(lib_a-memset.o)
 .ARM.attributes
                0x00000623       0x34 c:/program files (x86)/gnu arm embedded toolchain/10 2021.10/bin/../lib/gcc/arm-none-eabi/10.3.1/../../../../arm-none-eabi/lib/thumb/v7e-m+fp/hard\libc_nano.a(lib_a-nano-mallocr.o)
 .ARM.attributes
                0x00000657       0x34 c:/program files (x86)/gnu arm embedded toolchain/10 2021.10/bin/../lib/gcc/arm-none-eabi/10.3.1/../../../../arm-none-eabi/lib/thumb/v7e-m+fp/hard\libc_nano.a(lib_a-sbrkr.o)
 .ARM.attributes
                0x0000068b       0x34 c:/program files (x86)/gnu arm embedded toolchain/10 2021.10/bin/../lib/gcc/arm-none-eabi/10.3.1/../../../../arm-none-eabi/lib/thumb/v7e-m+fp/hard\libc_nano.a(lib_a-signal.o)
 .ARM.attributes
                0x000006bf       0x34 c:/program files (x86)/gnu arm embedded toolchain/10 2021.10/bin/../lib/gcc/arm-none-eabi/10.3.1/../../../../arm-none-eabi/lib/thumb/v7e-m+fp/hard\libc_nano.a(lib_a-signalr.o)
 .ARM.attributes
                0x000006f3       0x34 c:/program files (x86)/gnu arm embedded toolchain/10 2021.10/bin/../lib/gcc/arm-none-eabi/10.3.1/../../../../arm-none-eabi/lib/thumb/v7e-m+fp/hard\libc_nano.a(lib_a-mlock.o)
 .ARM.attributes
                0x00000727       0x34 c:/program files (x86)/gnu arm embedded toolchain/10 2021.10/bin/../lib/gcc/arm-none-eabi/10.3.1/../../../../arm-none-eabi/lib/thumb/v7e-m+fp/hard\libc_nano.a(lib_a-reent.o)
 .ARM.attributes
                0x0000075b       0x34 c:/program files (x86)/gnu arm embedded toolchain/10 2021.10/bin/../lib/gcc/arm-none-eabi/10.3.1/../../../../arm-none-eabi/lib/thumb/v7e-m+fp/hard\libc_nano.a(lib_a-lock.o)
 .ARM.attributes
                0x0000078f       0x1e c:/program files (x86)/gnu arm embedded toolchain/10 2021.10/bin/../lib/gcc/arm-none-eabi/10.3.1/thumb/v7e-m+fp/hard\libgcc.a(_aeabi_uldivmod.o)
 .ARM.attributes
                0x000007ad       0x34 c:/program files (x86)/gnu arm embedded toolchain/10 2021.10/bin/../lib/gcc/arm-none-eabi/10.3.1/thumb/v7e-m+fp/hard\libgcc.a(_udivmoddi4.o)
 .ARM.attributes
                0x000007e1       0x1e c:/program files (x86)/gnu arm embedded toolchain/10 2021.10/bin/../lib/gcc/arm-none-eabi/10.3.1/thumb/v7e-m+fp/hard\libgcc.a(_dvmd_tls.o)
 .ARM.attributes
                0x000007ff       0x1e c:/program files (x86)/gnu arm embedded toolchain/10 2021.10/bin/../lib/gcc/arm-none-eabi/10.3.1/thumb/v7e-m+fp/hard/crtn.o
OUTPUT(build/ACE_ECF_CPP.elf elf32-littlearm)
LOAD linker stubs
LOAD c:/program files (x86)/gnu arm embedded toolchain/10 2021.10/bin/../lib/gcc/arm-none-eabi/10.3.1/../../../../arm-none-eabi/lib/thumb/v7e-m+fp/hard\libc.a
LOAD c:/program files (x86)/gnu arm embedded toolchain/10 2021.10/bin/../lib/gcc/arm-none-eabi/10.3.1/../../../../arm-none-eabi/lib/thumb/v7e-m+fp/hard\libm.a
LOAD c:/program files (x86)/gnu arm embedded toolchain/10 2021.10/bin/../lib/gcc/arm-none-eabi/10.3.1/thumb/v7e-m+fp/hard\libgcc.a

.debug_info     0x00000000    0x12132
 .debug_info    0x00000000      0x4e0 build/gpio.o
 .debug_info    0x000004e0      0xbd7 build/adc.o
 .debug_info    0x000010b7      0x5ca build/dma.o
 .debug_info    0x00001681      0xe81 build/i2c.o
 .debug_info    0x00002502      0x844 build/stm32f4xx_it.o
 .debug_info    0x00002d46      0x2eb build/stm32f4xx_hal_msp.o
 .debug_info    0x00003031     0x100a build/stm32f4xx_hal_adc.o
 .debug_info    0x0000403b      0xbe6 build/stm32f4xx_hal_rcc.o
 .debug_info    0x00004c21      0x848 build/stm32f4xx_hal_gpio.o
 .debug_info    0x00005469      0xbd1 build/stm32f4xx_hal_dma.o
 .debug_info    0x0000603a     0x11c6 build/stm32f4xx_hal_cortex.o
 .debug_info    0x00007200      0xacf build/stm32f4xx_hal.o
 .debug_info    0x00007ccf     0x3b8f build/stm32f4xx_hal_i2c.o
 .debug_info    0x0000b85e      0x5b3 build/system_stm32f4xx.o
 .debug_info    0x0000be11      0x185 build/sysmem.o
 .debug_info    0x0000bf96      0x835 build/syscalls.o
 .debug_info    0x0000c7cb     0x12db build/real_main.o
 .debug_info    0x0000daa6     0x1dd6 build/bsp_i2c.o
 .debug_info    0x0000f87c      0xa20 build/bsp_dwt.o
 .debug_info    0x0001029c     0x1e74 build/oled.o
 .debug_info    0x00012110       0x22 build/startup_stm32f407xx.o

.debug_abbrev   0x00000000     0x2f14
 .debug_abbrev  0x00000000      0x151 build/gpio.o
 .debug_abbrev  0x00000151      0x1df build/adc.o
 .debug_abbrev  0x00000330      0x129 build/dma.o
 .debug_abbrev  0x00000459      0x1f3 build/i2c.o
 .debug_abbrev  0x0000064c      0x16b build/stm32f4xx_it.o
 .debug_abbrev  0x000007b7       0xd3 build/stm32f4xx_hal_msp.o
 .debug_abbrev  0x0000088a      0x292 build/stm32f4xx_hal_adc.o
 .debug_abbrev  0x00000b1c      0x2aa build/stm32f4xx_hal_rcc.o
 .debug_abbrev  0x00000dc6      0x22b build/stm32f4xx_hal_gpio.o
 .debug_abbrev  0x00000ff1      0x2ff build/stm32f4xx_hal_dma.o
 .debug_abbrev  0x000012f0      0x379 build/stm32f4xx_hal_cortex.o
 .debug_abbrev  0x00001669      0x209 build/stm32f4xx_hal.o
 .debug_abbrev  0x00001872      0x2f3 build/stm32f4xx_hal_i2c.o
 .debug_abbrev  0x00001b65      0x11b build/system_stm32f4xx.o
 .debug_abbrev  0x00001c80       0xea build/sysmem.o
 .debug_abbrev  0x00001d6a      0x1c4 build/syscalls.o
 .debug_abbrev  0x00001f2e      0x2fd build/real_main.o
 .debug_abbrev  0x0000222b      0x4c2 build/bsp_i2c.o
 .debug_abbrev  0x000026ed      0x363 build/bsp_dwt.o
 .debug_abbrev  0x00002a50      0x4b2 build/oled.o
 .debug_abbrev  0x00002f02       0x12 build/startup_stm32f407xx.o

.debug_loc      0x00000000     0xac4b
 .debug_loc     0x00000000       0x38 build/gpio.o
 .debug_loc     0x00000038      0x119 build/adc.o
 .debug_loc     0x00000151       0x38 build/dma.o
 .debug_loc     0x00000189      0x102 build/i2c.o
 .debug_loc     0x0000028b       0xa0 build/stm32f4xx_it.o
 .debug_loc     0x0000032b       0x2c build/stm32f4xx_hal_msp.o
 .debug_loc     0x00000357      0xe2d build/stm32f4xx_hal_adc.o
 .debug_loc     0x00001184      0x6e4 build/stm32f4xx_hal_rcc.o
 .debug_loc     0x00001868      0x5e8 build/stm32f4xx_hal_gpio.o
 .debug_loc     0x00001e50      0xd6d build/stm32f4xx_hal_dma.o
 .debug_loc     0x00002bbd      0x7a4 build/stm32f4xx_hal_cortex.o
 .debug_loc     0x00003361      0x1e1 build/stm32f4xx_hal.o
 .debug_loc     0x00003542     0x4e61 build/stm32f4xx_hal_i2c.o
 .debug_loc     0x000083a3      0x158 build/system_stm32f4xx.o
 .debug_loc     0x000084fb       0x84 build/sysmem.o
 .debug_loc     0x0000857f      0x511 build/syscalls.o
 .debug_loc     0x00008a90       0x72 build/real_main.o
 .debug_loc     0x00008b02      0xd75 build/bsp_i2c.o
 .debug_loc     0x00009877      0x4bd build/bsp_dwt.o
 .debug_loc     0x00009d34      0xf17 build/oled.o

.debug_aranges  0x00000000      0xae8
 .debug_aranges
                0x00000000       0x20 build/gpio.o
 .debug_aranges
                0x00000020       0x30 build/adc.o
 .debug_aranges
                0x00000050       0x20 build/dma.o
 .debug_aranges
                0x00000070       0x30 build/i2c.o
 .debug_aranges
                0x000000a0       0x80 build/stm32f4xx_it.o
 .debug_aranges
                0x00000120       0x20 build/stm32f4xx_hal_msp.o
 .debug_aranges
                0x00000140       0xe8 build/stm32f4xx_hal_adc.o
 .debug_aranges
                0x00000228       0x88 build/stm32f4xx_hal_rcc.o
 .debug_aranges
                0x000002b0       0x58 build/stm32f4xx_hal_gpio.o
 .debug_aranges
                0x00000308       0x90 build/stm32f4xx_hal_dma.o
 .debug_aranges
                0x00000398       0xc0 build/stm32f4xx_hal_cortex.o
 .debug_aranges
                0x00000458       0xf0 build/stm32f4xx_hal.o
 .debug_aranges
                0x00000548      0x2a8 build/stm32f4xx_hal_i2c.o
 .debug_aranges
                0x000007f0       0x28 build/system_stm32f4xx.o
 .debug_aranges
                0x00000818       0x20 build/sysmem.o
 .debug_aranges
                0x00000838       0xa8 build/syscalls.o
 .debug_aranges
                0x000008e0       0x30 build/real_main.o
 .debug_aranges
                0x00000910       0xa8 build/bsp_i2c.o
 .debug_aranges
                0x000009b8       0x78 build/bsp_dwt.o
 .debug_aranges
                0x00000a30       0x90 build/oled.o
 .debug_aranges
                0x00000ac0       0x28 build/startup_stm32f407xx.o

.debug_ranges   0x00000000      0xa30
 .debug_ranges  0x00000000       0x10 build/gpio.o
 .debug_ranges  0x00000010       0x20 build/adc.o
 .debug_ranges  0x00000030       0x10 build/dma.o
 .debug_ranges  0x00000040       0x20 build/i2c.o
 .debug_ranges  0x00000060       0x70 build/stm32f4xx_it.o
 .debug_ranges  0x000000d0       0x10 build/stm32f4xx_hal_msp.o
 .debug_ranges  0x000000e0       0xd8 build/stm32f4xx_hal_adc.o
 .debug_ranges  0x000001b8       0x90 build/stm32f4xx_hal_rcc.o
 .debug_ranges  0x00000248       0x48 build/stm32f4xx_hal_gpio.o
 .debug_ranges  0x00000290       0x80 build/stm32f4xx_hal_dma.o
 .debug_ranges  0x00000310      0x110 build/stm32f4xx_hal_cortex.o
 .debug_ranges  0x00000420       0xe0 build/stm32f4xx_hal.o
 .debug_ranges  0x00000500      0x2b0 build/stm32f4xx_hal_i2c.o
 .debug_ranges  0x000007b0       0x18 build/system_stm32f4xx.o
 .debug_ranges  0x000007c8       0x10 build/sysmem.o
 .debug_ranges  0x000007d8       0x98 build/syscalls.o
 .debug_ranges  0x00000870       0x20 build/real_main.o
 .debug_ranges  0x00000890       0x98 build/bsp_i2c.o
 .debug_ranges  0x00000928       0x68 build/bsp_dwt.o
 .debug_ranges  0x00000990       0x80 build/oled.o
 .debug_ranges  0x00000a10       0x20 build/startup_stm32f407xx.o

.debug_line     0x00000000     0xda41
 .debug_line    0x00000000      0x1d0 build/gpio.o
 .debug_line    0x000001d0      0x385 build/adc.o
 .debug_line    0x00000555      0x1a1 build/dma.o
 .debug_line    0x000006f6      0x3ca build/i2c.o
 .debug_line    0x00000ac0      0x330 build/stm32f4xx_it.o
 .debug_line    0x00000df0      0x16f build/stm32f4xx_hal_msp.o
 .debug_line    0x00000f5f     0x10f1 build/stm32f4xx_hal_adc.o
 .debug_line    0x00002050      0xb5d build/stm32f4xx_hal_rcc.o
 .debug_line    0x00002bad      0x6f5 build/stm32f4xx_hal_gpio.o
 .debug_line    0x000032a2      0xe39 build/stm32f4xx_hal_dma.o
 .debug_line    0x000040db      0x7c0 build/stm32f4xx_hal_cortex.o
 .debug_line    0x0000489b      0x579 build/stm32f4xx_hal.o
 .debug_line    0x00004e14     0x5487 build/stm32f4xx_hal_i2c.o
 .debug_line    0x0000a29b      0x264 build/system_stm32f4xx.o
 .debug_line    0x0000a4ff      0x1e0 build/sysmem.o
 .debug_line    0x0000a6df      0x416 build/syscalls.o
 .debug_line    0x0000aaf5      0xa5b build/real_main.o
 .debug_line    0x0000b550      0xcd9 build/bsp_i2c.o
 .debug_line    0x0000c229      0x88e build/bsp_dwt.o
 .debug_line    0x0000cab7      0xf14 build/oled.o
 .debug_line    0x0000d9cb       0x76 build/startup_stm32f407xx.o

.debug_str      0x00000000    0xd188f
 .debug_str     0x00000000      0x280 build/gpio.o
                                0x34b (size before relaxing)
 .debug_str     0x00000280      0x404 build/adc.o
                                0x7e0 (size before relaxing)
 .debug_str     0x00000684      0x514 build/dma.o
                                0x7a2 (size before relaxing)
 .debug_str     0x00000b98      0x2af build/i2c.o
                                0xdd7 (size before relaxing)
 .debug_str     0x00000e47      0x138 build/stm32f4xx_it.o
                                0x7c1 (size before relaxing)
 .debug_str     0x00000f7f       0x29 build/stm32f4xx_hal_msp.o
                                0x29a (size before relaxing)
 .debug_str     0x00000fa8      0x2f8 build/stm32f4xx_hal_adc.o
                                0x941 (size before relaxing)
 .debug_str     0x000012a0      0x2e0 build/stm32f4xx_hal_rcc.o
                                0x6e5 (size before relaxing)
 .debug_str     0x00001580      0x109 build/stm32f4xx_hal_gpio.o
                                0x4bf (size before relaxing)
 .debug_str     0x00001689      0x2b9 build/stm32f4xx_hal_dma.o
                                0x755 (size before relaxing)
 .debug_str     0x00001942      0x405 build/stm32f4xx_hal_cortex.o
                                0xc54 (size before relaxing)
 .debug_str     0x00001d47      0x1d6 build/stm32f4xx_hal.o
                                0xb39 (size before relaxing)
 .debug_str     0x00001f1d      0x77a build/stm32f4xx_hal_i2c.o
                               0x101c (size before relaxing)
 .debug_str     0x00002697       0x47 build/system_stm32f4xx.o
                                0x354 (size before relaxing)
 .debug_str     0x000026de       0x70 build/sysmem.o
                                0x204 (size before relaxing)
 .debug_str     0x0000274e      0x1f8 build/syscalls.o
                                0x3d8 (size before relaxing)
 .debug_str     0x00002946    0xce1e4 build/real_main.o
                              0xce802 (size before relaxing)
 .debug_str     0x000d0b2a      0x63b build/bsp_i2c.o
                              0xce0a1 (size before relaxing)
 .debug_str     0x000d1165      0x461 build/bsp_dwt.o
                              0xc9562 (size before relaxing)
 .debug_str     0x000d15c6      0x2a5 build/oled.o
                              0xcf234 (size before relaxing)
 .debug_str     0x000d186b       0x24 build/startup_stm32f407xx.o
                                 0x49 (size before relaxing)

.comment        0x00000000       0x49
 .comment       0x00000000       0x49 build/gpio.o
                                 0x4a (size before relaxing)
 .comment       0x00000049       0x4a build/adc.o
 .comment       0x00000049       0x4a build/dma.o
 .comment       0x00000049       0x4a build/i2c.o
 .comment       0x00000049       0x4a build/stm32f4xx_it.o
 .comment       0x00000049       0x4a build/stm32f4xx_hal_msp.o
 .comment       0x00000049       0x4a build/stm32f4xx_hal_adc.o
 .comment       0x00000049       0x4a build/stm32f4xx_hal_rcc.o
 .comment       0x00000049       0x4a build/stm32f4xx_hal_gpio.o
 .comment       0x00000049       0x4a build/stm32f4xx_hal_dma.o
 .comment       0x00000049       0x4a build/stm32f4xx_hal_cortex.o
 .comment       0x00000049       0x4a build/stm32f4xx_hal.o
 .comment       0x00000049       0x4a build/stm32f4xx_hal_i2c.o
 .comment       0x00000049       0x4a build/system_stm32f4xx.o
 .comment       0x00000049       0x4a build/sysmem.o
 .comment       0x00000049       0x4a build/syscalls.o
 .comment       0x00000049       0x4a build/real_main.o
 .comment       0x00000049       0x4a build/bsp_i2c.o
 .comment       0x00000049       0x4a build/bsp_dwt.o
 .comment       0x00000049       0x4a build/oled.o

.debug_frame    0x00000000     0x2114
 .debug_frame   0x00000000       0x30 build/gpio.o
 .debug_frame   0x00000030       0x6c build/adc.o
 .debug_frame   0x0000009c       0x30 build/dma.o
 .debug_frame   0x000000cc       0x68 build/i2c.o
 .debug_frame   0x00000134      0x108 build/stm32f4xx_it.o
 .debug_frame   0x0000023c       0x28 build/stm32f4xx_hal_msp.o
 .debug_frame   0x00000264      0x268 build/stm32f4xx_hal_adc.o
 .debug_frame   0x000004cc      0x16c build/stm32f4xx_hal_rcc.o
 .debug_frame   0x00000638       0xd8 build/stm32f4xx_hal_gpio.o
 .debug_frame   0x00000710      0x188 build/stm32f4xx_hal_dma.o
 .debug_frame   0x00000898      0x178 build/stm32f4xx_hal_cortex.o
 .debug_frame   0x00000a10      0x1ec build/stm32f4xx_hal.o
 .debug_frame   0x00000bfc      0x988 build/stm32f4xx_hal_i2c.o
 .debug_frame   0x00001584       0x30 build/system_stm32f4xx.o
 .debug_frame   0x000015b4       0x28 build/sysmem.o
 .debug_frame   0x000015dc      0x190 build/syscalls.o
 .debug_frame   0x0000176c       0x58 build/real_main.o
 .debug_frame   0x000017c4      0x1e0 build/bsp_i2c.o
 .debug_frame   0x000019a4      0x164 build/bsp_dwt.o
 .debug_frame   0x00001b08      0x1d4 build/oled.o
 .debug_frame   0x00001cdc       0x28 c:/program files (x86)/gnu arm embedded toolchain/10 2021.10/bin/../lib/gcc/arm-none-eabi/10.3.1/../../../../arm-none-eabi/lib/thumb/v7e-m+fp/hard\libstdc++_nano.a(new_op.o)
 .debug_frame   0x00001d04       0x30 c:/program files (x86)/gnu arm embedded toolchain/10 2021.10/bin/../lib/gcc/arm-none-eabi/10.3.1/../../../../arm-none-eabi/lib/thumb/v7e-m+fp/hard\libstdc++_nano.a(new_handler.o)
 .debug_frame   0x00001d34       0x28 c:/program files (x86)/gnu arm embedded toolchain/10 2021.10/bin/../lib/gcc/arm-none-eabi/10.3.1/../../../../arm-none-eabi/lib/thumb/v7e-m+fp/hard\libc_nano.a(lib_a-abort.o)
 .debug_frame   0x00001d5c       0x20 c:/program files (x86)/gnu arm embedded toolchain/10 2021.10/bin/../lib/gcc/arm-none-eabi/10.3.1/../../../../arm-none-eabi/lib/thumb/v7e-m+fp/hard\libc_nano.a(lib_a-errno.o)
 .debug_frame   0x00001d7c       0x2c c:/program files (x86)/gnu arm embedded toolchain/10 2021.10/bin/../lib/gcc/arm-none-eabi/10.3.1/../../../../arm-none-eabi/lib/thumb/v7e-m+fp/hard\libc_nano.a(lib_a-init.o)
 .debug_frame   0x00001da8       0x30 c:/program files (x86)/gnu arm embedded toolchain/10 2021.10/bin/../lib/gcc/arm-none-eabi/10.3.1/../../../../arm-none-eabi/lib/thumb/v7e-m+fp/hard\libc_nano.a(lib_a-malloc.o)
 .debug_frame   0x00001dd8       0x20 c:/program files (x86)/gnu arm embedded toolchain/10 2021.10/bin/../lib/gcc/arm-none-eabi/10.3.1/../../../../arm-none-eabi/lib/thumb/v7e-m+fp/hard\libc_nano.a(lib_a-memset.o)
 .debug_frame   0x00001df8       0x4c c:/program files (x86)/gnu arm embedded toolchain/10 2021.10/bin/../lib/gcc/arm-none-eabi/10.3.1/../../../../arm-none-eabi/lib/thumb/v7e-m+fp/hard\libc_nano.a(lib_a-nano-mallocr.o)
 .debug_frame   0x00001e44       0x2c c:/program files (x86)/gnu arm embedded toolchain/10 2021.10/bin/../lib/gcc/arm-none-eabi/10.3.1/../../../../arm-none-eabi/lib/thumb/v7e-m+fp/hard\libc_nano.a(lib_a-sbrkr.o)
 .debug_frame   0x00001e70       0xcc c:/program files (x86)/gnu arm embedded toolchain/10 2021.10/bin/../lib/gcc/arm-none-eabi/10.3.1/../../../../arm-none-eabi/lib/thumb/v7e-m+fp/hard\libc_nano.a(lib_a-signal.o)
 .debug_frame   0x00001f3c       0x3c c:/program files (x86)/gnu arm embedded toolchain/10 2021.10/bin/../lib/gcc/arm-none-eabi/10.3.1/../../../../arm-none-eabi/lib/thumb/v7e-m+fp/hard\libc_nano.a(lib_a-signalr.o)
 .debug_frame   0x00001f78       0x30 c:/program files (x86)/gnu arm embedded toolchain/10 2021.10/bin/../lib/gcc/arm-none-eabi/10.3.1/../../../../arm-none-eabi/lib/thumb/v7e-m+fp/hard\libc_nano.a(lib_a-mlock.o)
 .debug_frame   0x00001fa8       0x5c c:/program files (x86)/gnu arm embedded toolchain/10 2021.10/bin/../lib/gcc/arm-none-eabi/10.3.1/../../../../arm-none-eabi/lib/thumb/v7e-m+fp/hard\libc_nano.a(lib_a-reent.o)
 .debug_frame   0x00002004       0xb0 c:/program files (x86)/gnu arm embedded toolchain/10 2021.10/bin/../lib/gcc/arm-none-eabi/10.3.1/../../../../arm-none-eabi/lib/thumb/v7e-m+fp/hard\libc_nano.a(lib_a-lock.o)
 .debug_frame   0x000020b4       0x2c c:/program files (x86)/gnu arm embedded toolchain/10 2021.10/bin/../lib/gcc/arm-none-eabi/10.3.1/thumb/v7e-m+fp/hard\libgcc.a(_aeabi_uldivmod.o)
 .debug_frame   0x000020e0       0x34 c:/program files (x86)/gnu arm embedded toolchain/10 2021.10/bin/../lib/gcc/arm-none-eabi/10.3.1/thumb/v7e-m+fp/hard\libgcc.a(_udivmoddi4.o)

.debug_macro    0x00000000    0x2146d
 .debug_macro   0x00000000      0x471 build/real_main.o
 .debug_macro   0x00000471      0xb4a build/real_main.o
 .debug_macro   0x00000fbb      0x29b build/real_main.o
 .debug_macro   0x00001256       0x2e build/real_main.o
 .debug_macro   0x00001284       0x2f build/real_main.o
 .debug_macro   0x000012b3       0x1c build/real_main.o
 .debug_macro   0x000012cf       0x22 build/real_main.o
 .debug_macro   0x000012f1       0x8e build/real_main.o
 .debug_macro   0x0000137f       0x51 build/real_main.o
 .debug_macro   0x000013d0      0x103 build/real_main.o
 .debug_macro   0x000014d3       0x6a build/real_main.o
 .debug_macro   0x0000153d      0x1df build/real_main.o
 .debug_macro   0x0000171c       0x1c build/real_main.o
 .debug_macro   0x00001738       0x22 build/real_main.o
 .debug_macro   0x0000175a       0xfb build/real_main.o
 .debug_macro   0x00001855     0x1011 build/real_main.o
 .debug_macro   0x00002866      0x11f build/real_main.o
 .debug_macro   0x00002985    0x15e97 build/real_main.o
 .debug_macro   0x0001881c       0x6d build/real_main.o
 .debug_macro   0x00018889     0x369a build/real_main.o
 .debug_macro   0x0001bf23      0x17b build/real_main.o
 .debug_macro   0x0001c09e       0x5c build/real_main.o
 .debug_macro   0x0001c0fa      0x980 build/real_main.o
 .debug_macro   0x0001ca7a      0x9e9 build/real_main.o
 .debug_macro   0x0001d463      0x115 build/real_main.o
 .debug_macro   0x0001d578      0x13e build/real_main.o
 .debug_macro   0x0001d6b6       0xa5 build/real_main.o
 .debug_macro   0x0001d75b      0x174 build/real_main.o
 .debug_macro   0x0001d8cf      0x287 build/real_main.o
 .debug_macro   0x0001db56       0x5f build/real_main.o
 .debug_macro   0x0001dbb5      0x236 build/real_main.o
 .debug_macro   0x0001ddeb      0xb5b build/real_main.o
 .debug_macro   0x0001e946      0x38b build/real_main.o
 .debug_macro   0x0001ecd1      0x176 build/real_main.o
 .debug_macro   0x0001ee47       0xf9 build/real_main.o
 .debug_macro   0x0001ef40      0x12c build/real_main.o
 .debug_macro   0x0001f06c      0x21e build/real_main.o
 .debug_macro   0x0001f28a       0x2e build/real_main.o
 .debug_macro   0x0001f2b8      0x1b5 build/real_main.o
 .debug_macro   0x0001f46d       0xd6 build/real_main.o
 .debug_macro   0x0001f543      0x127 build/real_main.o
 .debug_macro   0x0001f66a       0x7e build/real_main.o
 .debug_macro   0x0001f6e8       0x89 build/real_main.o
 .debug_macro   0x0001f771      0x12d build/real_main.o
 .debug_macro   0x0001f89e       0x1c build/real_main.o
 .debug_macro   0x0001f8ba       0x64 build/real_main.o
 .debug_macro   0x0001f91e       0x1e build/real_main.o
 .debug_macro   0x0001f93c       0x35 build/real_main.o
 .debug_macro   0x0001f971       0x34 build/real_main.o
 .debug_macro   0x0001f9a5       0x16 build/real_main.o
 .debug_macro   0x0001f9bb       0x35 build/real_main.o
 .debug_macro   0x0001f9f0      0x364 build/real_main.o
 .debug_macro   0x0001fd54       0x10 build/real_main.o
 .debug_macro   0x0001fd64       0x16 build/real_main.o
 .debug_macro   0x0001fd7a       0x43 build/real_main.o
 .debug_macro   0x0001fdbd       0x34 build/real_main.o
 .debug_macro   0x0001fdf1       0x10 build/real_main.o
 .debug_macro   0x0001fe01       0x58 build/real_main.o
 .debug_macro   0x0001fe59      0x182 build/real_main.o
 .debug_macro   0x0001ffdb       0x10 build/real_main.o
 .debug_macro   0x0001ffeb       0x1c build/real_main.o
 .debug_macro   0x00020007       0x52 build/real_main.o
 .debug_macro   0x00020059       0x22 build/real_main.o
 .debug_macro   0x0002007b       0x10 build/real_main.o
 .debug_macro   0x0002008b       0x52 build/real_main.o
 .debug_macro   0x000200dd       0xd5 build/real_main.o
 .debug_macro   0x000201b2       0x1c build/real_main.o
 .debug_macro   0x000201ce       0x3d build/real_main.o
 .debug_macro   0x0002020b       0x16 build/real_main.o
 .debug_macro   0x00020221      0x137 build/real_main.o
 .debug_macro   0x00020358       0x4c build/real_main.o
 .debug_macro   0x000203a4       0x16 build/real_main.o
 .debug_macro   0x000203ba       0x16 build/real_main.o
 .debug_macro   0x000203d0      0x18a build/real_main.o
 .debug_macro   0x0002055a       0x10 build/real_main.o
 .debug_macro   0x0002056a      0x3d1 build/real_main.o
 .debug_macro   0x0002093b       0x10 build/real_main.o
 .debug_macro   0x0002094b       0x16 build/real_main.o
 .debug_macro   0x00020961       0x16 build/real_main.o
 .debug_macro   0x00020977       0x29 build/real_main.o
 .debug_macro   0x000209a0       0x1c build/real_main.o
 .debug_macro   0x000209bc       0xde build/real_main.o
 .debug_macro   0x00020a9a       0x10 build/real_main.o
 .debug_macro   0x00020aaa       0x3a build/real_main.o
 .debug_macro   0x00020ae4      0x337 build/bsp_i2c.o
 .debug_macro   0x00020e1b      0x207 build/bsp_dwt.o
 .debug_macro   0x00021022      0x44b build/oled.o

Cross Reference Table

Symbol                                            File
ADC_IRQHandler                                    build/startup_stm32f407xx.o
AHBPrescTable                                     build/system_stm32f4xx.o
                                                  build/stm32f4xx_hal_rcc.o
APBPrescTable                                     build/system_stm32f4xx.o
                                                  build/stm32f4xx_hal_rcc.o
BSP_DWT_c::BSP_DWT_c(unsigned long)               build/bsp_dwt.o
BSP_DWT_c::BSP_DWT_c(unsigned long)               build/bsp_dwt.o
BSP_DWT_c::DWT_CntUpdate()                        build/bsp_dwt.o
BSP_DWT_c::DWT_Instance                           build/bsp_dwt.o
BSP_DWT_c::DWT_SystimeUpdate()                    build/bsp_dwt.o
BSP_DWT_c::ECF_DWT_Delay(float)                   build/bsp_dwt.o
BSP_DWT_c::ECF_DWT_GetDeltaT(unsigned long*)      build/bsp_dwt.o
BSP_DWT_c::ECF_DWT_GetDeltaT64(unsigned long*)    build/bsp_dwt.o
BSP_DWT_c::ECF_DWT_GetTimeline_ms()               build/bsp_dwt.o
BSP_DWT_c::ECF_DWT_GetTimeline_s()                build/bsp_dwt.o
BSP_DWT_c::ECF_DWT_GetTimeline_us()               build/bsp_dwt.o
BSP_DWT_c::ECF_Get_DwtInstance()                  build/bsp_dwt.o
Bsp_ADC_n::Bsp_ADC_c::ADC_Start()                 build/bsp_adc.o
Bsp_ADC_n::Bsp_ADC_c::ADC_Stop()                  build/bsp_adc.o
Bsp_ADC_n::Bsp_ADC_c::Bsp_ADC_c(ADC_HandleTypeDef*, unsigned short) build/bsp_adc.o
Bsp_ADC_n::Bsp_ADC_c::Bsp_ADC_c(ADC_HandleTypeDef*, unsigned short) build/bsp_adc.o
Bsp_ADC_n::Bsp_ADC_c::GetAdcValues()              build/bsp_adc.o
Bsp_I2C_c::Bsp_HW_I2C_TxCallback(I2C_HandleTypeDef*, I2C_Callback_e) build/bsp_i2c.o
Bsp_I2C_c::Bsp_I2C_c(HW_I2C_Config_s*, void (*)(Bsp_I2C_c*)) build/bsp_i2c.o
                                                  build/oled.o
Bsp_I2C_c::Bsp_I2C_c(HW_I2C_Config_s*, void (*)(Bsp_I2C_c*)) build/bsp_i2c.o
Bsp_I2C_c::Bsp_I2C_c(SW_I2C_Config_s*)            build/bsp_i2c.o
Bsp_I2C_c::Bsp_I2C_c(SW_I2C_Config_s*)            build/bsp_i2c.o
Bsp_I2C_c::HW_I2CAccessMem(unsigned short, unsigned char*, unsigned short, I2C_Mem_Mode_e, unsigned char) build/bsp_i2c.o
                                                  build/oled.o
Bsp_I2C_c::HW_I2C_Receive(unsigned char*, unsigned short) build/bsp_i2c.o
Bsp_I2C_c::HW_I2C_Transmit(unsigned char*, unsigned short) build/bsp_i2c.o
                                                  build/oled.o
Bsp_I2C_c::SW_I2C_SCL(unsigned char)              build/bsp_i2c.o
Bsp_I2C_c::SW_I2C_SDA(unsigned char)              build/bsp_i2c.o
Bsp_I2C_c::hw_idx_                                build/bsp_i2c.o
Bsp_I2C_c::i2c_instance_                          build/bsp_i2c.o
Bsp_I2C_c::idx_                                   build/bsp_i2c.o
Bsp_I2C_c::readMultiBytes(unsigned char, unsigned char, unsigned char*, unsigned short) build/bsp_i2c.o
Bsp_I2C_c::readOneByte(unsigned char, unsigned char) build/bsp_i2c.o
Bsp_I2C_c::write2Bytes(unsigned char, unsigned char, unsigned short) build/bsp_i2c.o
Bsp_I2C_c::writeByte(unsigned char, unsigned char) build/bsp_i2c.o
Bsp_I2C_c::writeByte(unsigned char, unsigned char, unsigned char) build/bsp_i2c.o
BufFinshFlag                                      build/oled.o
BusFault_Handler                                  build/stm32f4xx_it.o
CAN1_RX0_IRQHandler                               build/startup_stm32f407xx.o
CAN1_RX1_IRQHandler                               build/startup_stm32f407xx.o
CAN1_SCE_IRQHandler                               build/startup_stm32f407xx.o
CAN1_TX_IRQHandler                                build/startup_stm32f407xx.o
CAN2_RX0_IRQHandler                               build/startup_stm32f407xx.o
CAN2_RX1_IRQHandler                               build/startup_stm32f407xx.o
CAN2_SCE_IRQHandler                               build/startup_stm32f407xx.o
CAN2_TX_IRQHandler                                build/startup_stm32f407xx.o
CountFlag                                         build/oled.o
DCMI_IRQHandler                                   build/startup_stm32f407xx.o
DMA1_Stream0_IRQHandler                           build/stm32f4xx_it.o
DMA1_Stream1_IRQHandler                           build/startup_stm32f407xx.o
DMA1_Stream2_IRQHandler                           build/startup_stm32f407xx.o
DMA1_Stream3_IRQHandler                           build/startup_stm32f407xx.o
DMA1_Stream4_IRQHandler                           build/startup_stm32f407xx.o
DMA1_Stream5_IRQHandler                           build/startup_stm32f407xx.o
DMA1_Stream6_IRQHandler                           build/stm32f4xx_it.o
DMA1_Stream7_IRQHandler                           build/startup_stm32f407xx.o
DMA2_Stream0_IRQHandler                           build/stm32f4xx_it.o
DMA2_Stream1_IRQHandler                           build/startup_stm32f407xx.o
DMA2_Stream2_IRQHandler                           build/startup_stm32f407xx.o
DMA2_Stream3_IRQHandler                           build/startup_stm32f407xx.o
DMA2_Stream4_IRQHandler                           build/startup_stm32f407xx.o
DMA2_Stream5_IRQHandler                           build/startup_stm32f407xx.o
DMA2_Stream6_IRQHandler                           build/startup_stm32f407xx.o
DMA2_Stream7_IRQHandler                           build/startup_stm32f407xx.o
DebugMon_Handler                                  build/stm32f4xx_it.o
Default_Handler                                   build/startup_stm32f407xx.o
ETH_IRQHandler                                    build/startup_stm32f407xx.o
ETH_WKUP_IRQHandler                               build/startup_stm32f407xx.o
EXTI0_IRQHandler                                  build/startup_stm32f407xx.o
EXTI15_10_IRQHandler                              build/startup_stm32f407xx.o
EXTI1_IRQHandler                                  build/startup_stm32f407xx.o
EXTI2_IRQHandler                                  build/startup_stm32f407xx.o
EXTI3_IRQHandler                                  build/startup_stm32f407xx.o
EXTI4_IRQHandler                                  build/startup_stm32f407xx.o
EXTI9_5_IRQHandler                                build/startup_stm32f407xx.o
Error_Handler                                     build/real_main.o
                                                  build/i2c.o
                                                  build/adc.o
FLASH_Erase_Sector                                build/stm32f4xx_hal_flash_ex.o
                                                  build/stm32f4xx_hal_flash.o
FLASH_FlushCaches                                 build/stm32f4xx_hal_flash_ex.o
                                                  build/stm32f4xx_hal_flash.o
FLASH_IRQHandler                                  build/startup_stm32f407xx.o
FLASH_WaitForLastOperation                        build/stm32f4xx_hal_flash.o
                                                  build/stm32f4xx_hal_flash_ex.o
FPU_IRQHandler                                    build/startup_stm32f407xx.o
FSMC_IRQHandler                                   build/startup_stm32f407xx.o
HAL_ADCEx_InjectedConfigChannel                   build/stm32f4xx_hal_adc_ex.o
HAL_ADCEx_InjectedConvCpltCallback                build/stm32f4xx_hal_adc_ex.o
                                                  build/stm32f4xx_hal_adc.o
HAL_ADCEx_InjectedGetValue                        build/stm32f4xx_hal_adc_ex.o
HAL_ADCEx_InjectedPollForConversion               build/stm32f4xx_hal_adc_ex.o
HAL_ADCEx_InjectedStart                           build/stm32f4xx_hal_adc_ex.o
HAL_ADCEx_InjectedStart_IT                        build/stm32f4xx_hal_adc_ex.o
HAL_ADCEx_InjectedStop                            build/stm32f4xx_hal_adc_ex.o
HAL_ADCEx_InjectedStop_IT                         build/stm32f4xx_hal_adc_ex.o
HAL_ADCEx_MultiModeConfigChannel                  build/stm32f4xx_hal_adc_ex.o
HAL_ADCEx_MultiModeGetValue                       build/stm32f4xx_hal_adc_ex.o
HAL_ADCEx_MultiModeStart_DMA                      build/stm32f4xx_hal_adc_ex.o
HAL_ADCEx_MultiModeStop_DMA                       build/stm32f4xx_hal_adc_ex.o
HAL_ADC_AnalogWDGConfig                           build/stm32f4xx_hal_adc.o
HAL_ADC_ConfigChannel                             build/stm32f4xx_hal_adc.o
                                                  build/adc.o
HAL_ADC_ConvCpltCallback                          build/stm32f4xx_hal_adc.o
                                                  build/stm32f4xx_hal_adc_ex.o
HAL_ADC_ConvHalfCpltCallback                      build/stm32f4xx_hal_adc.o
                                                  build/stm32f4xx_hal_adc_ex.o
HAL_ADC_DeInit                                    build/stm32f4xx_hal_adc.o
HAL_ADC_ErrorCallback                             build/stm32f4xx_hal_adc.o
                                                  build/stm32f4xx_hal_adc_ex.o
HAL_ADC_GetError                                  build/stm32f4xx_hal_adc.o
HAL_ADC_GetState                                  build/stm32f4xx_hal_adc.o
HAL_ADC_GetValue                                  build/stm32f4xx_hal_adc.o
HAL_ADC_IRQHandler                                build/stm32f4xx_hal_adc.o
HAL_ADC_Init                                      build/stm32f4xx_hal_adc.o
                                                  build/adc.o
HAL_ADC_LevelOutOfWindowCallback                  build/stm32f4xx_hal_adc.o
HAL_ADC_MspDeInit                                 build/adc.o
HAL_ADC_MspInit                                   build/adc.o
HAL_ADC_PollForConversion                         build/stm32f4xx_hal_adc.o
HAL_ADC_PollForEvent                              build/stm32f4xx_hal_adc.o
HAL_ADC_Start                                     build/stm32f4xx_hal_adc.o
HAL_ADC_Start_DMA                                 build/stm32f4xx_hal_adc.o
                                                  build/bsp_adc.o
HAL_ADC_Start_IT                                  build/stm32f4xx_hal_adc.o
HAL_ADC_Stop                                      build/stm32f4xx_hal_adc.o
HAL_ADC_Stop_DMA                                  build/stm32f4xx_hal_adc.o
                                                  build/bsp_adc.o
HAL_ADC_Stop_IT                                   build/stm32f4xx_hal_adc.o
HAL_CORTEX_ClearEvent                             build/stm32f4xx_hal_cortex.o
HAL_DBGMCU_DisableDBGSleepMode                    build/stm32f4xx_hal.o
HAL_DBGMCU_DisableDBGStandbyMode                  build/stm32f4xx_hal.o
HAL_DBGMCU_DisableDBGStopMode                     build/stm32f4xx_hal.o
HAL_DBGMCU_EnableDBGSleepMode                     build/stm32f4xx_hal.o
HAL_DBGMCU_EnableDBGStandbyMode                   build/stm32f4xx_hal.o
HAL_DBGMCU_EnableDBGStopMode                      build/stm32f4xx_hal.o
HAL_DMAEx_ChangeMemory                            build/stm32f4xx_hal_dma_ex.o
HAL_DMAEx_MultiBufferStart                        build/stm32f4xx_hal_dma_ex.o
HAL_DMAEx_MultiBufferStart_IT                     build/stm32f4xx_hal_dma_ex.o
HAL_DMA_Abort                                     build/stm32f4xx_hal_dma.o
                                                  build/stm32f4xx_hal_adc_ex.o
                                                  build/stm32f4xx_hal_adc.o
HAL_DMA_Abort_IT                                  build/stm32f4xx_hal_dma.o
                                                  build/stm32f4xx_hal_i2c.o
HAL_DMA_DeInit                                    build/stm32f4xx_hal_dma.o
                                                  build/i2c.o
                                                  build/adc.o
HAL_DMA_GetError                                  build/stm32f4xx_hal_dma.o
                                                  build/stm32f4xx_hal_i2c.o
HAL_DMA_GetState                                  build/stm32f4xx_hal_dma.o
                                                  build/stm32f4xx_hal_i2c.o
HAL_DMA_IRQHandler                                build/stm32f4xx_hal_dma.o
                                                  build/stm32f4xx_it.o
HAL_DMA_Init                                      build/stm32f4xx_hal_dma.o
                                                  build/i2c.o
                                                  build/adc.o
HAL_DMA_PollForTransfer                           build/stm32f4xx_hal_dma.o
HAL_DMA_RegisterCallback                          build/stm32f4xx_hal_dma.o
HAL_DMA_Start                                     build/stm32f4xx_hal_dma.o
HAL_DMA_Start_IT                                  build/stm32f4xx_hal_dma.o
                                                  build/stm32f4xx_hal_i2c.o
                                                  build/stm32f4xx_hal_adc_ex.o
                                                  build/stm32f4xx_hal_adc.o
HAL_DMA_UnRegisterCallback                        build/stm32f4xx_hal_dma.o
HAL_DeInit                                        build/stm32f4xx_hal.o
HAL_Delay                                         build/stm32f4xx_hal.o
                                                  build/real_main.o
HAL_DisableCompensationCell                       build/stm32f4xx_hal.o
HAL_EXTI_ClearConfigLine                          build/stm32f4xx_hal_exti.o
HAL_EXTI_ClearPending                             build/stm32f4xx_hal_exti.o
HAL_EXTI_GenerateSWI                              build/stm32f4xx_hal_exti.o
HAL_EXTI_GetConfigLine                            build/stm32f4xx_hal_exti.o
HAL_EXTI_GetHandle                                build/stm32f4xx_hal_exti.o
HAL_EXTI_GetPending                               build/stm32f4xx_hal_exti.o
HAL_EXTI_IRQHandler                               build/stm32f4xx_hal_exti.o
HAL_EXTI_RegisterCallback                         build/stm32f4xx_hal_exti.o
HAL_EXTI_SetConfigLine                            build/stm32f4xx_hal_exti.o
HAL_EnableCompensationCell                        build/stm32f4xx_hal.o
HAL_FLASHEx_Erase                                 build/stm32f4xx_hal_flash_ex.o
HAL_FLASHEx_Erase_IT                              build/stm32f4xx_hal_flash_ex.o
HAL_FLASHEx_OBGetConfig                           build/stm32f4xx_hal_flash_ex.o
HAL_FLASHEx_OBProgram                             build/stm32f4xx_hal_flash_ex.o
HAL_FLASH_EndOfOperationCallback                  build/stm32f4xx_hal_flash.o
HAL_FLASH_GetError                                build/stm32f4xx_hal_flash.o
HAL_FLASH_IRQHandler                              build/stm32f4xx_hal_flash.o
HAL_FLASH_Lock                                    build/stm32f4xx_hal_flash.o
HAL_FLASH_OB_Launch                               build/stm32f4xx_hal_flash.o
HAL_FLASH_OB_Lock                                 build/stm32f4xx_hal_flash.o
HAL_FLASH_OB_Unlock                               build/stm32f4xx_hal_flash.o
HAL_FLASH_OperationErrorCallback                  build/stm32f4xx_hal_flash.o
HAL_FLASH_Program                                 build/stm32f4xx_hal_flash.o
HAL_FLASH_Program_IT                              build/stm32f4xx_hal_flash.o
HAL_FLASH_Unlock                                  build/stm32f4xx_hal_flash.o
HAL_GPIO_DeInit                                   build/stm32f4xx_hal_gpio.o
                                                  build/i2c.o
                                                  build/adc.o
HAL_GPIO_EXTI_Callback                            build/stm32f4xx_hal_gpio.o
HAL_GPIO_EXTI_IRQHandler                          build/stm32f4xx_hal_gpio.o
HAL_GPIO_Init                                     build/stm32f4xx_hal_gpio.o
                                                  build/stm32f4xx_hal_rcc.o
                                                  build/i2c.o
                                                  build/adc.o
                                                  build/gpio.o
HAL_GPIO_LockPin                                  build/stm32f4xx_hal_gpio.o
HAL_GPIO_ReadPin                                  build/stm32f4xx_hal_gpio.o
HAL_GPIO_TogglePin                                build/stm32f4xx_hal_gpio.o
HAL_GPIO_WritePin                                 build/stm32f4xx_hal_gpio.o
                                                  build/bsp_i2c.o
                                                  build/gpio.o
HAL_GetDEVID                                      build/stm32f4xx_hal.o
HAL_GetHalVersion                                 build/stm32f4xx_hal.o
HAL_GetREVID                                      build/stm32f4xx_hal.o
HAL_GetTick                                       build/stm32f4xx_hal.o
                                                  build/stm32f4xx_hal_i2c.o
                                                  build/stm32f4xx_hal_pwr_ex.o
                                                  build/stm32f4xx_hal_dma.o
                                                  build/stm32f4xx_hal_flash.o
                                                  build/stm32f4xx_hal_rcc_ex.o
                                                  build/stm32f4xx_hal_rcc.o
                                                  build/stm32f4xx_hal_adc_ex.o
                                                  build/stm32f4xx_hal_adc.o
HAL_GetTickFreq                                   build/stm32f4xx_hal.o
HAL_GetTickPrio                                   build/stm32f4xx_hal.o
HAL_GetUIDw0                                      build/stm32f4xx_hal.o
HAL_GetUIDw1                                      build/stm32f4xx_hal.o
HAL_GetUIDw2                                      build/stm32f4xx_hal.o
HAL_I2C_AbortCpltCallback                         build/stm32f4xx_hal_i2c.o
HAL_I2C_AddrCallback                              build/stm32f4xx_hal_i2c.o
HAL_I2C_DeInit                                    build/stm32f4xx_hal_i2c.o
HAL_I2C_DisableListen_IT                          build/stm32f4xx_hal_i2c.o
HAL_I2C_ER_IRQHandler                             build/stm32f4xx_hal_i2c.o
HAL_I2C_EV_IRQHandler                             build/stm32f4xx_hal_i2c.o
                                                  build/stm32f4xx_it.o
HAL_I2C_EnableListen_IT                           build/stm32f4xx_hal_i2c.o
HAL_I2C_ErrorCallback                             build/stm32f4xx_hal_i2c.o
HAL_I2C_GetError                                  build/stm32f4xx_hal_i2c.o
                                                  build/bsp_i2c.o
HAL_I2C_GetMode                                   build/stm32f4xx_hal_i2c.o
HAL_I2C_GetState                                  build/stm32f4xx_hal_i2c.o
HAL_I2C_Init                                      build/stm32f4xx_hal_i2c.o
                                                  build/i2c.o
HAL_I2C_IsDeviceReady                             build/stm32f4xx_hal_i2c.o
HAL_I2C_ListenCpltCallback                        build/stm32f4xx_hal_i2c.o
HAL_I2C_MasterRxCpltCallback                      build/bsp_i2c.o
                                                  build/stm32f4xx_hal_i2c.o
HAL_I2C_MasterTxCpltCallback                      build/bsp_i2c.o
                                                  build/stm32f4xx_hal_i2c.o
HAL_I2C_Master_Abort_IT                           build/stm32f4xx_hal_i2c.o
HAL_I2C_Master_Receive                            build/stm32f4xx_hal_i2c.o
                                                  build/bsp_i2c.o
HAL_I2C_Master_Receive_DMA                        build/stm32f4xx_hal_i2c.o
                                                  build/bsp_i2c.o
HAL_I2C_Master_Receive_IT                         build/stm32f4xx_hal_i2c.o
                                                  build/bsp_i2c.o
HAL_I2C_Master_Seq_Receive_DMA                    build/stm32f4xx_hal_i2c.o
HAL_I2C_Master_Seq_Receive_IT                     build/stm32f4xx_hal_i2c.o
HAL_I2C_Master_Seq_Transmit_DMA                   build/stm32f4xx_hal_i2c.o
HAL_I2C_Master_Seq_Transmit_IT                    build/stm32f4xx_hal_i2c.o
HAL_I2C_Master_Transmit                           build/stm32f4xx_hal_i2c.o
                                                  build/bsp_i2c.o
HAL_I2C_Master_Transmit_DMA                       build/stm32f4xx_hal_i2c.o
                                                  build/bsp_i2c.o
HAL_I2C_Master_Transmit_IT                        build/stm32f4xx_hal_i2c.o
                                                  build/bsp_i2c.o
HAL_I2C_MemRxCpltCallback                         build/bsp_i2c.o
                                                  build/stm32f4xx_hal_i2c.o
HAL_I2C_MemTxCpltCallback                         build/bsp_i2c.o
                                                  build/stm32f4xx_hal_i2c.o
HAL_I2C_Mem_Read                                  build/stm32f4xx_hal_i2c.o
                                                  build/bsp_i2c.o
HAL_I2C_Mem_Read_DMA                              build/stm32f4xx_hal_i2c.o
                                                  build/bsp_i2c.o
HAL_I2C_Mem_Read_IT                               build/stm32f4xx_hal_i2c.o
                                                  build/bsp_i2c.o
HAL_I2C_Mem_Write                                 build/stm32f4xx_hal_i2c.o
                                                  build/bsp_i2c.o
HAL_I2C_Mem_Write_DMA                             build/stm32f4xx_hal_i2c.o
                                                  build/bsp_i2c.o
HAL_I2C_Mem_Write_IT                              build/stm32f4xx_hal_i2c.o
                                                  build/bsp_i2c.o
HAL_I2C_MspDeInit                                 build/i2c.o
HAL_I2C_MspInit                                   build/i2c.o
HAL_I2C_SlaveRxCpltCallback                       build/stm32f4xx_hal_i2c.o
HAL_I2C_SlaveTxCpltCallback                       build/stm32f4xx_hal_i2c.o
HAL_I2C_Slave_Receive                             build/stm32f4xx_hal_i2c.o
HAL_I2C_Slave_Receive_DMA                         build/stm32f4xx_hal_i2c.o
HAL_I2C_Slave_Receive_IT                          build/stm32f4xx_hal_i2c.o
HAL_I2C_Slave_Seq_Receive_DMA                     build/stm32f4xx_hal_i2c.o
HAL_I2C_Slave_Seq_Receive_IT                      build/stm32f4xx_hal_i2c.o
HAL_I2C_Slave_Seq_Transmit_DMA                    build/stm32f4xx_hal_i2c.o
HAL_I2C_Slave_Seq_Transmit_IT                     build/stm32f4xx_hal_i2c.o
HAL_I2C_Slave_Transmit                            build/stm32f4xx_hal_i2c.o
HAL_I2C_Slave_Transmit_DMA                        build/stm32f4xx_hal_i2c.o
HAL_I2C_Slave_Transmit_IT                         build/stm32f4xx_hal_i2c.o
HAL_IncTick                                       build/stm32f4xx_hal.o
                                                  build/stm32f4xx_it.o
HAL_Init                                          build/stm32f4xx_hal.o
                                                  build/real_main.o
HAL_InitTick                                      build/stm32f4xx_hal.o
                                                  build/stm32f4xx_hal_rcc_ex.o
                                                  build/stm32f4xx_hal_rcc.o
HAL_MPU_ConfigRegion                              build/stm32f4xx_hal_cortex.o
HAL_MPU_Disable                                   build/stm32f4xx_hal_cortex.o
HAL_MPU_DisableRegion                             build/stm32f4xx_hal_cortex.o
HAL_MPU_Enable                                    build/stm32f4xx_hal_cortex.o
HAL_MPU_EnableRegion                              build/stm32f4xx_hal_cortex.o
HAL_MspDeInit                                     build/stm32f4xx_hal.o
HAL_MspInit                                       build/stm32f4xx_hal_msp.o
HAL_NVIC_ClearPendingIRQ                          build/stm32f4xx_hal_cortex.o
HAL_NVIC_DisableIRQ                               build/stm32f4xx_hal_cortex.o
                                                  build/i2c.o
HAL_NVIC_EnableIRQ                                build/stm32f4xx_hal_cortex.o
                                                  build/i2c.o