Archive member included to satisfy reference by file (symbol)

c:/program files (x86)/gnu arm embedded toolchain/10 2021.10/bin/../lib/gcc/arm-none-eabi/10.3.1/../../../../arm-none-eabi/lib/thumb/v7e-m+fp/hard\libc_nano.a(lib_a-errno.o)
                              build/sysmem.o (__errno)
c:/program files (x86)/gnu arm embedded toolchain/10 2021.10/bin/../lib/gcc/arm-none-eabi/10.3.1/../../../../arm-none-eabi/lib/thumb/v7e-m+fp/hard\libc_nano.a(lib_a-exit.o)
                              c:/program files (x86)/gnu arm embedded toolchain/10 2021.10/bin/../lib/gcc/arm-none-eabi/10.3.1/../../../../arm-none-eabi/lib/thumb/v7e-m+fp/hard/crt0.o (exit)
c:/program files (x86)/gnu arm embedded toolchain/10 2021.10/bin/../lib/gcc/arm-none-eabi/10.3.1/../../../../arm-none-eabi/lib/thumb/v7e-m+fp/hard\libc_nano.a(lib_a-impure.o)
                              c:/program files (x86)/gnu arm embedded toolchain/10 2021.10/bin/../lib/gcc/arm-none-eabi/10.3.1/../../../../arm-none-eabi/lib/thumb/v7e-m+fp/hard\libc_nano.a(lib_a-exit.o) (_global_impure_ptr)
c:/program files (x86)/gnu arm embedded toolchain/10 2021.10/bin/../lib/gcc/arm-none-eabi/10.3.1/../../../../arm-none-eabi/lib/thumb/v7e-m+fp/hard\libc_nano.a(lib_a-init.o)
                              c:/program files (x86)/gnu arm embedded toolchain/10 2021.10/bin/../lib/gcc/arm-none-eabi/10.3.1/../../../../arm-none-eabi/lib/thumb/v7e-m+fp/hard/crt0.o (__libc_init_array)
c:/program files (x86)/gnu arm embedded toolchain/10 2021.10/bin/../lib/gcc/arm-none-eabi/10.3.1/../../../../arm-none-eabi/lib/thumb/v7e-m+fp/hard\libc_nano.a(lib_a-memset.o)
                              c:/program files (x86)/gnu arm embedded toolchain/10 2021.10/bin/../lib/gcc/arm-none-eabi/10.3.1/../../../../arm-none-eabi/lib/thumb/v7e-m+fp/hard/crt0.o (memset)
c:/program files (x86)/gnu arm embedded toolchain/10 2021.10/bin/../lib/gcc/arm-none-eabi/10.3.1/thumb/v7e-m+fp/hard\libgcc.a(_aeabi_uldivmod.o)
                              build/stm32f4xx_hal_rcc.o (__aeabi_uldivmod)
c:/program files (x86)/gnu arm embedded toolchain/10 2021.10/bin/../lib/gcc/arm-none-eabi/10.3.1/thumb/v7e-m+fp/hard\libgcc.a(_udivmoddi4.o)
                              c:/program files (x86)/gnu arm embedded toolchain/10 2021.10/bin/../lib/gcc/arm-none-eabi/10.3.1/thumb/v7e-m+fp/hard\libgcc.a(_aeabi_uldivmod.o) (__udivmoddi4)
c:/program files (x86)/gnu arm embedded toolchain/10 2021.10/bin/../lib/gcc/arm-none-eabi/10.3.1/thumb/v7e-m+fp/hard\libgcc.a(_dvmd_tls.o)
                              c:/program files (x86)/gnu arm embedded toolchain/10 2021.10/bin/../lib/gcc/arm-none-eabi/10.3.1/thumb/v7e-m+fp/hard\libgcc.a(_aeabi_uldivmod.o) (__aeabi_ldiv0)

Discarded input sections

 .text          0x00000000        0x0 c:/program files (x86)/gnu arm embedded toolchain/10 2021.10/bin/../lib/gcc/arm-none-eabi/10.3.1/thumb/v7e-m+fp/hard/crti.o
 .data          0x00000000        0x0 c:/program files (x86)/gnu arm embedded toolchain/10 2021.10/bin/../lib/gcc/arm-none-eabi/10.3.1/thumb/v7e-m+fp/hard/crti.o
 .bss           0x00000000        0x0 c:/program files (x86)/gnu arm embedded toolchain/10 2021.10/bin/../lib/gcc/arm-none-eabi/10.3.1/thumb/v7e-m+fp/hard/crti.o
 .data          0x00000000        0x4 c:/program files (x86)/gnu arm embedded toolchain/10 2021.10/bin/../lib/gcc/arm-none-eabi/10.3.1/thumb/v7e-m+fp/hard/crtbegin.o
 .rodata        0x00000000       0x24 c:/program files (x86)/gnu arm embedded toolchain/10 2021.10/bin/../lib/gcc/arm-none-eabi/10.3.1/thumb/v7e-m+fp/hard/crtbegin.o
 .text          0x00000000       0x7c c:/program files (x86)/gnu arm embedded toolchain/10 2021.10/bin/../lib/gcc/arm-none-eabi/10.3.1/../../../../arm-none-eabi/lib/thumb/v7e-m+fp/hard/crt0.o
 .data          0x00000000        0x0 c:/program files (x86)/gnu arm embedded toolchain/10 2021.10/bin/../lib/gcc/arm-none-eabi/10.3.1/../../../../arm-none-eabi/lib/thumb/v7e-m+fp/hard/crt0.o
 .bss           0x00000000        0x0 c:/program files (x86)/gnu arm embedded toolchain/10 2021.10/bin/../lib/gcc/arm-none-eabi/10.3.1/../../../../arm-none-eabi/lib/thumb/v7e-m+fp/hard/crt0.o
 .ARM.extab     0x00000000        0x0 c:/program files (x86)/gnu arm embedded toolchain/10 2021.10/bin/../lib/gcc/arm-none-eabi/10.3.1/../../../../arm-none-eabi/lib/thumb/v7e-m+fp/hard/crt0.o
 .ARM.exidx     0x00000000       0x10 c:/program files (x86)/gnu arm embedded toolchain/10 2021.10/bin/../lib/gcc/arm-none-eabi/10.3.1/../../../../arm-none-eabi/lib/thumb/v7e-m+fp/hard/crt0.o
 .ARM.attributes
                0x00000000       0x1c c:/program files (x86)/gnu arm embedded toolchain/10 2021.10/bin/../lib/gcc/arm-none-eabi/10.3.1/../../../../arm-none-eabi/lib/thumb/v7e-m+fp/hard/crt0.o
 .text          0x00000000        0x0 build/gpio.o
 .data          0x00000000        0x0 build/gpio.o
 .bss           0x00000000        0x0 build/gpio.o
 .text          0x00000000        0x0 build/adc.o
 .data          0x00000000        0x0 build/adc.o
 .bss           0x00000000        0x0 build/adc.o
[...]
Memory Configuration

Name             Origin             Length             Attributes
RAM              0x20000000         0x00020000         xrw
CCMRAM           0x10000000         0x00010000         xrw
FLASH            0x08000000         0x00080000         xr
*default*        0x00000000         0xffffffff

Linker script and memory map

LOAD c:/program files (x86)/gnu arm embedded toolchain/10 2021.10/bin/../lib/gcc/arm-none-eabi/10.3.1/thumb/v7e-m+fp/hard/crti.o
LOAD c:/program files (x86)/gnu arm embedded toolchain/10 2021.10/bin/../lib/gcc/arm-none-eabi/10.3.1/thumb/v7e-m+fp/hard/crtbegin.o
LOAD c:/program files (x86)/gnu arm embedded toolchain/10 2021.10/bin/../lib/gcc/arm-none-eabi/10.3.1/../../../../arm-none-eabi/lib/thumb/v7e-m+fp/hard/crt0.o
LOAD build/gpio.o
LOAD build/adc.o
LOAD build/dma.o
LOAD build/i2c.o
LOAD build/stm32f4xx_it.o
LOAD build/stm32f4xx_hal_msp.o
LOAD build/stm32f4xx_hal_adc.o
LOAD build/stm32f4xx_hal_adc_ex.o
LOAD build/stm32f4xx_ll_adc.o
LOAD build/stm32f4xx_hal_rcc.o
LOAD build/stm32f4xx_hal_rcc_ex.o
LOAD build/stm32f4xx_hal_flash.o
LOAD build/stm32f4xx_hal_flash_ex.o
LOAD build/stm32f4xx_hal_flash_ramfunc.o
LOAD build/stm32f4xx_hal_gpio.o
LOAD build/stm32f4xx_hal_dma_ex.o
LOAD build/stm32f4xx_hal_dma.o
LOAD build/stm32f4xx_hal_pwr.o
LOAD build/stm32f4xx_hal_pwr_ex.o
LOAD build/stm32f4xx_hal_cortex.o
LOAD build/stm32f4xx_hal.o
LOAD build/stm32f4xx_hal_exti.o
LOAD build/stm32f4xx_hal_i2c.o
LOAD build/stm32f4xx_hal_i2c_ex.o
LOAD build/stm32f4xx_hal_tim.o
LOAD build/stm32f4xx_hal_tim_ex.o
LOAD build/system_stm32f4xx.o
LOAD build/sysmem.o
LOAD build/syscalls.o
LOAD build/real_main.o
LOAD build/bsp_adc.o
LOAD build/bsp_i2c.o
LOAD build/oled.o
LOAD build/startup_stm32f407xx.o
LOAD c:/program files (x86)/gnu arm embedded toolchain/10 2021.10/bin/../lib/gcc/arm-none-eabi/10.3.1/../../../../arm-none-eabi/lib/thumb/v7e-m+fp/hard\libc_nano.a
LOAD c:/program files (x86)/gnu arm embedded toolchain/10 2021.10/bin/../lib/gcc/arm-none-eabi/10.3.1/../../../../arm-none-eabi/lib/thumb/v7e-m+fp/hard\libm.a
LOAD c:/program files (x86)/gnu arm embedded toolchain/10 2021.10/bin/../lib/gcc/arm-none-eabi/10.3.1/../../../../arm-none-eabi/lib/thumb/v7e-m+fp/hard\libnosys.a
START GROUP
LOAD c:/program files (x86)/gnu arm embedded toolchain/10 2021.10/bin/../lib/gcc/arm-none-eabi/10.3.1/thumb/v7e-m+fp/hard\libgcc.a
LOAD c:/program files (x86)/gnu arm embedded toolchain/10 2021.10/bin/../lib/gcc/arm-none-eabi/10.3.1/../../../../arm-none-eabi/lib/thumb/v7e-m+fp/hard\libc_nano.a
END GROUP
START GROUP
LOAD c:/program files (x86)/gnu arm embedded toolchain/10 2021.10/bin/../lib/gcc/arm-none-eabi/10.3.1/thumb/v7e-m+fp/hard\libgcc.a
LOAD c:/program files (x86)/gnu arm embedded toolchain/10 2021.10/bin/../lib/gcc/arm-none-eabi/10.3.1/../../../../arm-none-eabi/lib/thumb/v7e-m+fp/hard\libc_nano.a
END GROUP
LOAD c:/program files (x86)/gnu arm embedded toolchain/10 2021.10/bin/../lib/gcc/arm-none-eabi/10.3.1/thumb/v7e-m+fp/hard/crtend.o
LOAD c:/program files (x86)/gnu arm embedded toolchain/10 2021.10/bin/../lib/gcc/arm-none-eabi/10.3.1/thumb/v7e-m+fp/hard/crtn.o
                0x20020000                _estack = (ORIGIN (RAM) + LENGTH (RAM))
                0x00002000                _Min_Heap_Size = 0x2000
                0x00002000                _Min_Stack_Size = 0x2000

.isr_vector     0x08000000      0x188
                0x08000000                . = ALIGN (0x4)
 *(.isr_vector)
 .isr_vector    0x08000000      0x188 build/startup_stm32f407xx.o
                0x08000000                g_pfnVectors
                0x08000188                . = ALIGN (0x4)

.text           0x08000188     0x43d4
                0x08000188                . = ALIGN (0x4)
 *(.text)
 .text          0x08000188       0x40 c:/program files (x86)/gnu arm embedded toolchain/10 2021.10/bin/../lib/gcc/arm-none-eabi/10.3.1/thumb/v7e-m+fp/hard/crtbegin.o
 .text          0x080001c8       0x30 c:/program files (x86)/gnu arm embedded toolchain/10 2021.10/bin/../lib/gcc/arm-none-eabi/10.3.1/thumb/v7e-m+fp/hard\libgcc.a(_aeabi_uldivmod.o)
                0x080001c8                __aeabi_uldivmod
 .text          0x080001f8      0x2d0 c:/program files (x86)/gnu arm embedded toolchain/10 2021.10/bin/../lib/gcc/arm-none-eabi/10.3.1/thumb/v7e-m+fp/hard\libgcc.a(_udivmoddi4.o)
                0x080001f8                __udivmoddi4
 .text          0x080004c8        0x4 c:/program files (x86)/gnu arm embedded toolchain/10 2021.10/bin/../lib/gcc/arm-none-eabi/10.3.1/thumb/v7e-m+fp/hard\libgcc.a(_dvmd_tls.o)
                0x080004c8                __aeabi_idiv0
                0x080004c8                __aeabi_ldiv0
 *(.text*)
 .text.MX_GPIO_Init
                0x080004cc       0x4c build/gpio.o
                0x080004cc                MX_GPIO_Init
 .text.MX_ADC1_Init
                0x08000518       0x70 build/adc.o
                0x08000518                MX_ADC1_Init
 .text.HAL_ADC_MspInit
                0x08000588       0xa8 build/adc.o
                0x08000588                HAL_ADC_MspInit
 .text.MX_DMA_Init
                0x08000630       0x68 build/dma.o
                0x08000630                MX_DMA_Init
 .text.MX_I2C1_Init
                0x08000698       0x3c build/i2c.o
                0x08000698                MX_I2C1_Init
 .text.HAL_I2C_MspInit
                0x080006d4       0xfc build/i2c.o
                0x080006d4                HAL_I2C_MspInit
 .text.NMI_Handler
                0x080007d0        0x2 build/stm32f4xx_it.o
                0x080007d0                NMI_Handler
 .text.HardFault_Handler
                0x080007d2        0x2 build/stm32f4xx_it.o
                0x080007d2                HardFault_Handler
 .text.MemManage_Handler
                0x080007d4        0x2 build/stm32f4xx_it.o
                0x080007d4                MemManage_Handler
 .text.BusFault_Handler
                0x080007d6        0x2 build/stm32f4xx_it.o
                0x080007d6                BusFault_Handler
 .text.UsageFault_Handler
                0x080007d8        0x2 build/stm32f4xx_it.o
                0x080007d8                UsageFault_Handler
 .text.SVC_Handler
                0x080007da        0x2 build/stm32f4xx_it.o
                0x080007da                SVC_Handler
 .text.DebugMon_Handler
                0x080007dc        0x2 build/stm32f4xx_it.o
                0x080007dc                DebugMon_Handler
 .text.PendSV_Handler
                0x080007de        0x2 build/stm32f4xx_it.o
                0x080007de                PendSV_Handler
 .text.SysTick_Handler
                0x080007e0        0x8 build/stm32f4xx_it.o
                0x080007e0                SysTick_Handler
 .text.DMA1_Stream0_IRQHandler
                0x080007e8       0x10 build/stm32f4xx_it.o
                0x080007e8                DMA1_Stream0_IRQHandler
 .text.DMA1_Stream6_IRQHandler
                0x080007f8       0x10 build/stm32f4xx_it.o
                0x080007f8                DMA1_Stream6_IRQHandler
 .text.I2C1_EV_IRQHandler
                0x08000808       0x10 build/stm32f4xx_it.o
                0x08000808                I2C1_EV_IRQHandler
 .text.DMA2_Stream0_IRQHandler
                0x08000818       0x10 build/stm32f4xx_it.o
                0x08000818                DMA2_Stream0_IRQHandler
 .text.HAL_MspInit
                0x08000828       0x38 build/stm32f4xx_hal_msp.o
                0x08000828                HAL_MspInit
 .text.ADC_Init
                0x08000860      0x134 build/stm32f4xx_hal_adc.o
 .text.HAL_ADC_Init
                0x08000994       0x56 build/stm32f4xx_hal_adc.o
                0x08000994                HAL_ADC_Init
 *fill*         0x080009ea        0x2 
 .text.HAL_ADC_ConfigChannel
                0x080009ec      0x198 build/stm32f4xx_hal_adc.o
                0x080009ec                HAL_ADC_ConfigChannel
 .text.HAL_RCC_OscConfig
                0x08000b84      0x3f8 build/stm32f4xx_hal_rcc.o
                0x08000b84                HAL_RCC_OscConfig
 .text.HAL_RCC_GetSysClockFreq
                0x08000f7c       0xd4 build/stm32f4xx_hal_rcc.o
                0x08000f7c                HAL_RCC_GetSysClockFreq
 .text.HAL_RCC_ClockConfig
                0x08001050      0x160 build/stm32f4xx_hal_rcc.o
                0x08001050                HAL_RCC_ClockConfig
 .text.HAL_RCC_GetHCLKFreq
                0x080011b0        0xc build/stm32f4xx_hal_rcc.o
                0x080011b0                HAL_RCC_GetHCLKFreq
 .text.HAL_RCC_GetPCLK1Freq
                0x080011bc       0x20 build/stm32f4xx_hal_rcc.o
                0x080011bc                HAL_RCC_GetPCLK1Freq
 .text.HAL_GPIO_Init
                0x080011dc      0x1e4 build/stm32f4xx_hal_gpio.o
                0x080011dc                HAL_GPIO_Init
 .text.DMA_SetConfig
                0x080013c0       0x2c build/stm32f4xx_hal_dma.o
 .text.DMA_CalcBaseAndBitshift
                0x080013ec       0x44 build/stm32f4xx_hal_dma.o
 .text.DMA_CheckFifoParam
                0x08001430       0x8e build/stm32f4xx_hal_dma.o
 *fill*         0x080014be        0x2 
 .text.HAL_DMA_Init
                0x080014c0       0xcc build/stm32f4xx_hal_dma.o
                0x080014c0                HAL_DMA_Init
 .text.HAL_DMA_Start_IT
                0x0800158c       0x6a build/stm32f4xx_hal_dma.o
                0x0800158c                HAL_DMA_Start_IT
 .text.HAL_DMA_Abort_IT
                0x080015f6       0x26 build/stm32f4xx_hal_dma.o
                0x080015f6                HAL_DMA_Abort_IT
 .text.HAL_DMA_IRQHandler
                0x0800161c      0x1dc build/stm32f4xx_hal_dma.o
                0x0800161c                HAL_DMA_IRQHandler
 .text.HAL_DMA_GetState
                0x080017f8        0x6 build/stm32f4xx_hal_dma.o
                0x080017f8                HAL_DMA_GetState
 .text.HAL_DMA_GetError
                0x080017fe        0x4 build/stm32f4xx_hal_dma.o
                0x080017fe                HAL_DMA_GetError
 *fill*         0x08001802        0x2 
 .text.HAL_NVIC_SetPriorityGrouping
                0x08001804       0x24 build/stm32f4xx_hal_cortex.o
                0x08001804                HAL_NVIC_SetPriorityGrouping
 .text.HAL_NVIC_SetPriority
                0x08001828       0x70 build/stm32f4xx_hal_cortex.o
                0x08001828                HAL_NVIC_SetPriority
 .text.HAL_NVIC_EnableIRQ
                0x08001898       0x1c build/stm32f4xx_hal_cortex.o
                0x08001898                HAL_NVIC_EnableIRQ
 .text.HAL_SYSTICK_Config
                0x080018b4       0x28 build/stm32f4xx_hal_cortex.o
                0x080018b4                HAL_SYSTICK_Config
 .text.HAL_InitTick
                0x080018dc       0x4c build/stm32f4xx_hal.o
                0x080018dc                HAL_InitTick
 .text.HAL_Init
                0x08001928       0x34 build/stm32f4xx_hal.o
                0x08001928                HAL_Init
 .text.HAL_IncTick
                0x0800195c       0x18 build/stm32f4xx_hal.o
                0x0800195c                HAL_IncTick
 .text.HAL_GetTick
                0x08001974        0xc build/stm32f4xx_hal.o
                0x08001974                HAL_GetTick
 .text.HAL_Delay
                0x08001980       0x28 build/stm32f4xx_hal.o
                0x08001980                HAL_Delay
 .text.I2C_Flush_DR
                0x080019a8       0x10 build/stm32f4xx_hal_i2c.o
 .text.I2C_Master_SB
                0x080019b8       0xa8 build/stm32f4xx_hal_i2c.o
 .text.I2C_Master_ADD10
                0x08001a60       0x2a build/stm32f4xx_hal_i2c.o
 .text.I2C_Master_ADDR
                0x08001a8a      0x206 build/stm32f4xx_hal_i2c.o
 .text.I2C_SlaveTransmit_BTF
                0x08001c90       0x20 build/stm32f4xx_hal_i2c.o
 .text.I2C_SlaveReceive_BTF
                0x08001cb0       0x20 build/stm32f4xx_hal_i2c.o
 .text.I2C_WaitOnSTOPRequestThroughIT
                0x08001cd0       0x48 build/stm32f4xx_hal_i2c.o
 .text.I2C_IsAcknowledgeFailed
                0x08001d18       0x32 build/stm32f4xx_hal_i2c.o
 .text.I2C_ConvertOtherXferOptions
                0x08001d4a       0x1e build/stm32f4xx_hal_i2c.o
 .text.I2C_WaitOnFlagUntilTimeout
                0x08001d68       0xaa build/stm32f4xx_hal_i2c.o
 .text.I2C_WaitOnMasterAddressFlagUntilTimeout
                0x08001e12       0xd6 build/stm32f4xx_hal_i2c.o
 .text.I2C_MasterRequestWrite
                0x08001ee8       0xb4 build/stm32f4xx_hal_i2c.o
 .text.I2C_WaitOnTXEFlagUntilTimeout
                0x08001f9c       0x5e build/stm32f4xx_hal_i2c.o
 *fill*         0x08001ffa        0x2 
 .text.I2C_RequestMemoryWrite
                0x08001ffc       0xd8 build/stm32f4xx_hal_i2c.o
 .text.I2C_RequestMemoryRead
                0x080020d4      0x154 build/stm32f4xx_hal_i2c.o
 .text.I2C_WaitOnBTFFlagUntilTimeout
                0x08002228       0x5e build/stm32f4xx_hal_i2c.o
 .text.I2C_WaitOnRXNEFlagUntilTimeout
                0x08002286       0x78 build/stm32f4xx_hal_i2c.o
 *fill*         0x080022fe        0x2 
 .text.HAL_I2C_Init
                0x08002300      0x1bc build/stm32f4xx_hal_i2c.o
                0x08002300                HAL_I2C_Init
 .text.HAL_I2C_Master_Transmit
                0x080024bc      0x178 build/stm32f4xx_hal_i2c.o
                0x080024bc                HAL_I2C_Master_Transmit
 .text.HAL_I2C_Master_Transmit_IT
                0x08002634       0xd4 build/stm32f4xx_hal_i2c.o
                0x08002634                HAL_I2C_Master_Transmit_IT
 .text.HAL_I2C_Master_Transmit_DMA
                0x08002708      0x188 build/stm32f4xx_hal_i2c.o
                0x08002708                HAL_I2C_Master_Transmit_DMA
 .text.HAL_I2C_Mem_Write
                0x08002890      0x164 build/stm32f4xx_hal_i2c.o
                0x08002890                HAL_I2C_Mem_Write
 .text.HAL_I2C_Mem_Read
                0x080029f4      0x2f8 build/stm32f4xx_hal_i2c.o
                0x080029f4                HAL_I2C_Mem_Read
 .text.HAL_I2C_Mem_Write_IT
                0x08002cec       0xe0 build/stm32f4xx_hal_i2c.o
                0x08002cec                HAL_I2C_Mem_Write_IT
 .text.HAL_I2C_Mem_Read_IT
                0x08002dcc       0xec build/stm32f4xx_hal_i2c.o
                0x08002dcc                HAL_I2C_Mem_Read_IT
 .text.HAL_I2C_Mem_Write_DMA
                0x08002eb8      0x1d4 build/stm32f4xx_hal_i2c.o
                0x08002eb8                HAL_I2C_Mem_Write_DMA
 .text.HAL_I2C_Mem_Read_DMA
                0x0800308c      0x214 build/stm32f4xx_hal_i2c.o
                0x0800308c                HAL_I2C_Mem_Read_DMA
 .text.HAL_I2C_SlaveTxCpltCallback
                0x080032a0        0x2 build/stm32f4xx_hal_i2c.o
                0x080032a0                HAL_I2C_SlaveTxCpltCallback
 .text.I2C_SlaveTransmit_TXE
                0x080032a2       0x4c build/stm32f4xx_hal_i2c.o
 .text.HAL_I2C_SlaveRxCpltCallback
                0x080032ee        0x2 build/stm32f4xx_hal_i2c.o
                0x080032ee                HAL_I2C_SlaveRxCpltCallback
 .text.I2C_SlaveReceive_RXNE
                0x080032f0       0x4c build/stm32f4xx_hal_i2c.o
 .text.HAL_I2C_AddrCallback
                0x0800333c        0x2 build/stm32f4xx_hal_i2c.o
                0x0800333c                HAL_I2C_AddrCallback
 .text.I2C_Slave_ADDR
                0x0800333e       0x5a build/stm32f4xx_hal_i2c.o
 .text.HAL_I2C_ListenCpltCallback
                0x08003398        0x2 build/stm32f4xx_hal_i2c.o
                0x08003398                HAL_I2C_ListenCpltCallback
 .text.I2C_MasterTransmit_BTF
                0x0800339a       0x9e build/stm32f4xx_hal_i2c.o
 .text.I2C_MemoryTransmit_TXE_BTF
                0x08003438       0xc4 build/stm32f4xx_hal_i2c.o
 .text.I2C_MasterTransmit_TXE
                0x080034fc       0xd0 build/stm32f4xx_hal_i2c.o
 .text.I2C_MasterReceive_BTF
                0x080035cc      0x136 build/stm32f4xx_hal_i2c.o
 .text.HAL_I2C_ErrorCallback
                0x08003702        0x2 build/stm32f4xx_hal_i2c.o
                0x08003702                HAL_I2C_ErrorCallback
 .text.I2C_DMAError
                0x08003704       0x46 build/stm32f4xx_hal_i2c.o
 .text.I2C_DMAXferCplt
                0x0800374a      0x130 build/stm32f4xx_hal_i2c.o
 .text.I2C_MasterReceive_RXNE
                0x0800387a      0x106 build/stm32f4xx_hal_i2c.o
 .text.HAL_I2C_AbortCpltCallback
                0x08003980        0x2 build/stm32f4xx_hal_i2c.o
                0x08003980                HAL_I2C_AbortCpltCallback
 *fill*         0x08003982        0x2 
 .text.I2C_DMAAbort
                0x08003984       0xe4 build/stm32f4xx_hal_i2c.o
 .text.I2C_ITError
                0x08003a68      0x178 build/stm32f4xx_hal_i2c.o
 .text.I2C_Slave_STOPF
                0x08003be0      0x18c build/stm32f4xx_hal_i2c.o
 .text.HAL_I2C_EV_IRQHandler
                0x08003d6c      0x1a0 build/stm32f4xx_hal_i2c.o
                0x08003d6c                HAL_I2C_EV_IRQHandler
 .text.SystemInit
                0x08003f0c       0x14 build/system_stm32f4xx.o
                0x08003f0c                SystemInit
 .text.Error_Handler
                0x08003f20        0x4 build/real_main.o
                0x08003f20                Error_Handler
 .text._Z18SystemClock_Configv
                0x08003f24       0xa8 build/real_main.o
                0x08003f24                SystemClock_Config()
 .text.main     0x08003fcc       0x42 build/real_main.o
                0x08003fcc                main
 *fill*         0x0800400e        0x2 
 .text._ZN12Bsp_HW_I2C_cC2EP17I2C_Init_Config_sPFvPS_E
                0x08004010       0x30 build/bsp_i2c.o
                0x08004010                Bsp_HW_I2C_c::Bsp_HW_I2C_c(I2C_Init_Config_s*, void (*)(Bsp_HW_I2C_c*))
                0x08004010                Bsp_HW_I2C_c::Bsp_HW_I2C_c(I2C_Init_Config_s*, void (*)(Bsp_HW_I2C_c*))
 .text._ZN12Bsp_HW_I2C_c15HW_I2C_TransmitEPht
                0x08004040       0x42 build/bsp_i2c.o
                0x08004040                Bsp_HW_I2C_c::HW_I2C_Transmit(unsigned char*, unsigned short)
 .text._ZN12Bsp_HW_I2C_c15HW_I2CAccessMemEtPht14I2C_Mem_Mode_eh
                0x08004082       0xb2 build/bsp_i2c.o
                0x08004082                Bsp_HW_I2C_c::HW_I2CAccessMem(unsigned short, unsigned char*, unsigned short, I2C_Mem_Mode_e, unsigned char)
 .text._ZN12Bsp_HW_I2C_c21Bsp_HW_I2C_TxCallbackEP17I2C_HandleTypeDef14I2C_Callback_e
                0x08004134       0x3c build/bsp_i2c.o
                0x08004134                Bsp_HW_I2C_c::Bsp_HW_I2C_TxCallback(I2C_HandleTypeDef*, I2C_Callback_e)
 .text.HAL_I2C_MasterTxCpltCallback
                0x08004170        0xa build/bsp_i2c.o
                0x08004170                HAL_I2C_MasterTxCpltCallback
 .text.HAL_I2C_MemTxCpltCallback
                0x0800417a        0xa build/bsp_i2c.o
                0x0800417a                HAL_I2C_MemTxCpltCallback
 .text.HAL_I2C_MasterRxCpltCallback
                0x08004184        0x2 build/bsp_i2c.o
                0x08004184                HAL_I2C_MasterRxCpltCallback
 .text.HAL_I2C_MemRxCpltCallback
                0x08004186        0x2 build/bsp_i2c.o
                0x08004186                HAL_I2C_MemRxCpltCallback
 .text._Z13oled_callbackP12Bsp_HW_I2C_c
                0x08004188       0x78 build/oled.o
                0x08004188                oled_callback(Bsp_HW_I2C_c*)
 .text._Z41__static_initialization_and_destruction_0ii
                0x08004200       0x2c build/oled.o
 .text._Z8oled_powhh
                0x0800422c       0x16 build/oled.o
                0x0800422c                oled_pow(unsigned char, unsigned char)
 *fill*         0x08004242        0x2 
 .text._Z9OLED_initv
                0x08004244       0x24 build/oled.o
                0x08004244                OLED_init()
 .text._Z12OLED_set_poshh
                0x08004268       0x20 build/oled.o
                0x08004268                OLED_set_pos(unsigned char, unsigned char)
 .text._Z15OLED_draw_pointaa11pen_typedef
                0x08004288       0x84 build/oled.o
                0x08004288                OLED_draw_point(signed char, signed char, pen_typedef)
 .text._Z14OLED_show_charhhh
                0x0800430c       0x88 build/oled.o
                0x0800430c                OLED_show_char(unsigned char, unsigned char, unsigned char)
 .text._Z13OLED_show_numhhmhh
                0x08004394       0x98 build/oled.o
                0x08004394                OLED_show_num(unsigned char, unsigned char, unsigned long, unsigned char, unsigned char)
 .text._Z17OLED_refresh_gramv
                0x0800442c       0x5c build/oled.o
                0x0800442c                OLED_refresh_gram()
 .text._GLOBAL__sub_I_OLED_GRAM
                0x08004488        0xe build/oled.o
 *fill*         0x08004496        0x2 
 .text.Reset_Handler
                0x08004498       0x50 build/startup_stm32f407xx.o
                0x08004498                Reset_Handler
 .text.Default_Handler
                0x080044e8        0x2 build/startup_stm32f407xx.o
                0x080044e8                RTC_Alarm_IRQHandler
                0x080044e8                HASH_RNG_IRQHandler
                0x080044e8                EXTI2_IRQHandler
                0x080044e8                TIM8_CC_IRQHandler
                0x080044e8                TIM1_CC_IRQHandler
                0x080044e8                DMA2_Stream5_IRQHandler
                0x080044e8                DMA1_Stream5_IRQHandler
                0x080044e8                PVD_IRQHandler
                0x080044e8                SDIO_IRQHandler
                0x080044e8                TAMP_STAMP_IRQHandler
                0x080044e8                CAN2_RX1_IRQHandler
                0x080044e8                EXTI3_IRQHandler
                0x080044e8                TIM8_TRG_COM_TIM14_IRQHandler
                0x080044e8                TIM1_UP_TIM10_IRQHandler
                0x080044e8                TIM8_UP_TIM13_IRQHandler
                0x080044e8                I2C3_ER_IRQHandler
                0x080044e8                EXTI0_IRQHandler
                0x080044e8                I2C2_EV_IRQHandler
                0x080044e8                DMA1_Stream2_IRQHandler
                0x080044e8                CAN1_RX0_IRQHandler
                0x080044e8                FPU_IRQHandler
                0x080044e8                OTG_HS_WKUP_IRQHandler
                0x080044e8                CAN2_SCE_IRQHandler
                0x080044e8                DMA2_Stream2_IRQHandler
                0x080044e8                SPI1_IRQHandler
                0x080044e8                TIM6_DAC_IRQHandler
                0x080044e8                TIM1_BRK_TIM9_IRQHandler
                0x080044e8                DCMI_IRQHandler
                0x080044e8                CAN2_RX0_IRQHandler
                0x080044e8                DMA2_Stream3_IRQHandler
                0x080044e8                USART6_IRQHandler
                0x080044e8                USART3_IRQHandler
                0x080044e8                CAN1_RX1_IRQHandler
                0x080044e8                UART5_IRQHandler
                0x080044e8                TIM4_IRQHandler
                0x080044e8                DMA1_Stream1_IRQHandler
                0x080044e8                UART4_IRQHandler
                0x080044e8                TIM3_IRQHandler
                0x080044e8                RCC_IRQHandler
                0x080044e8                TIM8_BRK_TIM12_IRQHandler
                0x080044e8                Default_Handler
                0x080044e8                EXTI15_10_IRQHandler
                0x080044e8                ADC_IRQHandler
                0x080044e8                DMA1_Stream7_IRQHandler
                0x080044e8                TIM7_IRQHandler
                0x080044e8                CAN2_TX_IRQHandler
                0x080044e8                TIM5_IRQHandler
                0x080044e8                DMA2_Stream7_IRQHandler
                0x080044e8                I2C3_EV_IRQHandler
                0x080044e8                EXTI9_5_IRQHandler
                0x080044e8                RTC_WKUP_IRQHandler
                0x080044e8                ETH_WKUP_IRQHandler
                0x080044e8                SPI2_IRQHandler
                0x080044e8                OTG_HS_EP1_IN_IRQHandler
                0x080044e8                CAN1_TX_IRQHandler
                0x080044e8                EXTI4_IRQHandler
                0x080044e8                FSMC_IRQHandler
                0x080044e8                ETH_IRQHandler
                0x080044e8                OTG_HS_EP1_OUT_IRQHandler
                0x080044e8                WWDG_IRQHandler
                0x080044e8                TIM2_IRQHandler
                0x080044e8                OTG_FS_WKUP_IRQHandler
                0x080044e8                TIM1_TRG_COM_TIM11_IRQHandler
                0x080044e8                OTG_HS_IRQHandler
                0x080044e8                EXTI1_IRQHandler
                0x080044e8                USART2_IRQHandler
                0x080044e8                I2C2_ER_IRQHandler
                0x080044e8                DMA2_Stream1_IRQHandler
                0x080044e8                CAN1_SCE_IRQHandler
                0x080044e8                FLASH_IRQHandler
                0x080044e8                DMA2_Stream4_IRQHandler
                0x080044e8                USART1_IRQHandler
                0x080044e8                OTG_FS_IRQHandler
                0x080044e8                SPI3_IRQHandler
                0x080044e8                DMA1_Stream4_IRQHandler
                0x080044e8                I2C1_ER_IRQHandler
                0x080044e8                DMA2_Stream6_IRQHandler
                0x080044e8                DMA1_Stream3_IRQHandler
 *fill*         0x080044ea        0x2 
 .text.__libc_init_array
                0x080044ec       0x48 c:/program files (x86)/gnu arm embedded toolchain/10 2021.10/bin/../lib/gcc/arm-none-eabi/10.3.1/../../../../arm-none-eabi/lib/thumb/v7e-m+fp/hard\libc_nano.a(lib_a-init.o)
                0x080044ec                __libc_init_array
 .text.memset   0x08004534       0x10 c:/program files (x86)/gnu arm embedded toolchain/10 2021.10/bin/../lib/gcc/arm-none-eabi/10.3.1/../../../../arm-none-eabi/lib/thumb/v7e-m+fp/hard\libc_nano.a(lib_a-memset.o)
                0x08004534                memset
 *(.glue_7)
 .glue_7        0x08004544        0x0 linker stubs
 *(.glue_7t)
 .glue_7t       0x08004544        0x0 linker stubs
 *(.eh_frame)
 .eh_frame      0x08004544        0x0 c:/program files (x86)/gnu arm embedded toolchain/10 2021.10/bin/../lib/gcc/arm-none-eabi/10.3.1/thumb/v7e-m+fp/hard/crtbegin.o
 *(.init)
 .init          0x08004544        0x4 c:/program files (x86)/gnu arm embedded toolchain/10 2021.10/bin/../lib/gcc/arm-none-eabi/10.3.1/thumb/v7e-m+fp/hard/crti.o
                0x08004544                _init
 .init          0x08004548        0x8 c:/program files (x86)/gnu arm embedded toolchain/10 2021.10/bin/../lib/gcc/arm-none-eabi/10.3.1/thumb/v7e-m+fp/hard/crtn.o
 *(.fini)
 .fini          0x08004550        0x4 c:/program files (x86)/gnu arm embedded toolchain/10 2021.10/bin/../lib/gcc/arm-none-eabi/10.3.1/thumb/v7e-m+fp/hard/crti.o
                0x08004550                _fini
 .fini          0x08004554        0x8 c:/program files (x86)/gnu arm embedded toolchain/10 2021.10/bin/../lib/gcc/arm-none-eabi/10.3.1/thumb/v7e-m+fp/hard/crtn.o
                0x0800455c                . = ALIGN (0x4)
                0x0800455c                _etext = .

.vfp11_veneer   0x0800455c        0x0
 .vfp11_veneer  0x0800455c        0x0 linker stubs

.v4_bx          0x0800455c        0x0
 .v4_bx         0x0800455c        0x0 linker stubs

.iplt           0x0800455c        0x0
 .iplt          0x0800455c        0x0 c:/program files (x86)/gnu arm embedded toolchain/10 2021.10/bin/../lib/gcc/arm-none-eabi/10.3.1/thumb/v7e-m+fp/hard/crtbegin.o

.rodata         0x0800455c      0x494
                0x0800455c                . = ALIGN (0x4)
 *(.rodata)
 *(.rodata*)
 .rodata.flagBitshiftOffset.0
                0x0800455c        0x8 build/stm32f4xx_hal_dma.o
 .rodata.AHBPrescTable
                0x08004564       0x10 build/system_stm32f4xx.o
                0x08004564                AHBPrescTable
 .rodata.APBPrescTable
                0x08004574        0x8 build/system_stm32f4xx.o
                0x08004574                APBPrescTable
 .rodata._ZL9asc2_1206
                0x0800457c      0x474 build/oled.o
                0x080049f0                . = ALIGN (0x4)

.ARM.extab
 *(.ARM.extab* .gnu.linkonce.armextab.*)

.ARM            0x080049f0        0x8
                0x080049f0                __exidx_start = .
 *(.ARM.exidx*)
 .ARM.exidx     0x080049f0        0x8 c:/program files (x86)/gnu arm embedded toolchain/10 2021.10/bin/../lib/gcc/arm-none-eabi/10.3.1/thumb/v7e-m+fp/hard\libgcc.a(_udivmoddi4.o)
                0x080049f8                __exidx_end = .

.rel.dyn        0x080049f8        0x0
 .rel.iplt      0x080049f8        0x0 c:/program files (x86)/gnu arm embedded toolchain/10 2021.10/bin/../lib/gcc/arm-none-eabi/10.3.1/thumb/v7e-m+fp/hard/crtbegin.o

.preinit_array  0x080049f8        0x0
                0x080049f8                PROVIDE (__preinit_array_start = .)
 *(.preinit_array*)
                0x080049f8                PROVIDE (__preinit_array_end = .)

.init_array     0x080049f8        0x8
                0x080049f8                PROVIDE (__init_array_start = .)
 *(SORT_BY_NAME(.init_array.*))
 *(.init_array*)
 .init_array    0x080049f8        0x4 c:/program files (x86)/gnu arm embedded toolchain/10 2021.10/bin/../lib/gcc/arm-none-eabi/10.3.1/thumb/v7e-m+fp/hard/crtbegin.o
 .init_array    0x080049fc        0x4 build/oled.o
                0x08004a00                PROVIDE (__init_array_end = .)

.fini_array     0x08004a00        0x4
                [!provide]                PROVIDE (__fini_array_start = .)
 *(SORT_BY_NAME(.fini_array.*))
 *(.fini_array*)
 .fini_array    0x08004a00        0x4 c:/program files (x86)/gnu arm embedded toolchain/10 2021.10/bin/../lib/gcc/arm-none-eabi/10.3.1/thumb/v7e-m+fp/hard/crtbegin.o
                [!provide]                PROVIDE (__fini_array_end = .)
                0x08004a04                _sidata = LOADADDR (.data)

.data           0x20000000       0x34 load address 0x08004a04
                0x20000000                . = ALIGN (0x4)
                0x20000000                _sdata = .
 *(.data)
 *(.data*)
 .data.uwTickFreq
                0x20000000        0x1 build/stm32f4xx_hal.o
                0x20000000                uwTickFreq
 *fill*         0x20000001        0x3 
 .data.uwTickPrio
                0x20000004        0x4 build/stm32f4xx_hal.o
                0x20000004                uwTickPrio
 .data.SystemCoreClock
                0x20000008        0x4 build/system_stm32f4xx.o
                0x20000008                SystemCoreClock
 .data.OLED_Init_CMD
                0x2000000c       0x1d build/oled.o
                0x2000000c                OLED_Init_CMD
 *fill*         0x20000029        0x3 
 .data.oled_init_config
                0x2000002c        0x8 build/oled.o
                0x2000002c                oled_init_config
                0x20000034                . = ALIGN (0x4)
                0x20000034                _edata = .
                0x08004a38                _siccmram = LOADADDR (.ccmram)

.igot.plt       0x20000034        0x0 load address 0x08004a38
 .igot.plt      0x20000034        0x0 c:/program files (x86)/gnu arm embedded toolchain/10 2021.10/bin/../lib/gcc/arm-none-eabi/10.3.1/thumb/v7e-m+fp/hard/crtbegin.o

.ccmram         0x10000000        0x0 load address 0x08004a38
                0x10000000                . = ALIGN (0x4)
                0x10000000                _sccmram = .
 *(.ccmram)
 *(.ccmram*)
                0x10000000                . = ALIGN (0x4)
                0x10000000                _eccmram = .
                0x10000000                . = ALIGN (0x4)

.bss            0x20000034      0xa20
                0x20000034                _sbss = .
                0x20000034                __bss_start__ = _sbss
 *(.bss)
 .bss           0x20000034       0x1c c:/program files (x86)/gnu arm embedded toolchain/10 2021.10/bin/../lib/gcc/arm-none-eabi/10.3.1/thumb/v7e-m+fp/hard/crtbegin.o
 *(.bss*)
 .bss.hadc1     0x20000050       0x48 build/adc.o
                0x20000050                hadc1
 .bss.hdma_adc1
                0x20000098       0x60 build/adc.o
                0x20000098                hdma_adc1
 .bss.hdma_i2c1_rx
                0x200000f8       0x60 build/i2c.o
                0x200000f8                hdma_i2c1_rx
 .bss.hdma_i2c1_tx
                0x20000158       0x60 build/i2c.o
                0x20000158                hdma_i2c1_tx
 .bss.hi2c1     0x200001b8       0x54 build/i2c.o
                0x200001b8                hi2c1
 .bss.uwTick    0x2000020c        0x4 build/stm32f4xx_hal.o
                0x2000020c                uwTick
 .bss._ZN12Bsp_HW_I2C_c16hw_i2c_instance_E
                0x20000210        0x8 build/bsp_i2c.o
                0x20000210                Bsp_HW_I2C_c::hw_i2c_instance_
 .bss._ZN12Bsp_HW_I2C_c4idx_E
                0x20000218        0x1 build/bsp_i2c.o
                0x20000218                Bsp_HW_I2C_c::idx_
 .bss.BufFinshFlag
                0x20000219        0x1 build/oled.o
                0x20000219                BufFinshFlag
 .bss.CountFlag
                0x2000021a        0x1 build/oled.o
                0x2000021a                CountFlag
 *fill*         0x2000021b        0x1 
 .bss.OLED_CMDbuf
                0x2000021c       0x20 build/oled.o
                0x2000021c                OLED_CMDbuf
 .bss.OLED_GRAM
                0x2000023c      0x400 build/oled.o
                0x2000023c                OLED_GRAM
 .bss.OLED_GRAMbuf
                0x2000063c      0x400 build/oled.o
                0x2000063c                OLED_GRAMbuf
 .bss.oled_module
                0x20000a3c       0x18 build/oled.o
                0x20000a3c                oled_module
 *(COMMON)
                0x20000a54                . = ALIGN (0x4)
                0x20000a54                _ebss = .
                0x20000a54                __bss_end__ = _ebss

._user_heap_stack
                0x20000a54     0x4004
                0x20000a58                . = ALIGN (0x8)
 *fill*         0x20000a54        0x4 
                [!provide]                PROVIDE (end = .)
                0x20000a58                PROVIDE (_end = .)
                0x20002a58                . = (. + _Min_Heap_Size)
 *fill*         0x20000a58     0x2000 
                0x20004a58                . = (. + _Min_Stack_Size)
 *fill*         0x20002a58     0x2000 
                0x20004a58                . = ALIGN (0x8)

/DISCARD/
 libc.a(*)
 libm.a(*)
 libgcc.a(*)

.ARM.attributes
                0x00000000       0x30
 *(.ARM.attributes)
 .ARM.attributes
                0x00000000       0x1e c:/program files (x86)/gnu arm embedded toolchain/10 2021.10/bin/../lib/gcc/arm-none-eabi/10.3.1/thumb/v7e-m+fp/hard/crti.o
 .ARM.attributes
                0x0000001e       0x34 c:/program files (x86)/gnu arm embedded toolchain/10 2021.10/bin/../lib/gcc/arm-none-eabi/10.3.1/thumb/v7e-m+fp/hard/crtbegin.o
 .ARM.attributes
                0x00000052       0x34 build/gpio.o
 .ARM.attributes
                0x00000086       0x34 build/adc.o
 .ARM.attributes
                0x000000ba       0x34 build/dma.o
 .ARM.attributes
                0x000000ee       0x34 build/i2c.o
 .ARM.attributes
                0x00000122       0x34 build/stm32f4xx_it.o
 .ARM.attributes
                0x00000156       0x34 build/stm32f4xx_hal_msp.o
 .ARM.attributes
                0x0000018a       0x34 build/stm32f4xx_hal_adc.o
 .ARM.attributes
                0x000001be       0x34 build/stm32f4xx_hal_rcc.o
 .ARM.attributes
                0x000001f2       0x34 build/stm32f4xx_hal_gpio.o
 .ARM.attributes
                0x00000226       0x34 build/stm32f4xx_hal_dma.o
 .ARM.attributes
                0x0000025a       0x34 build/stm32f4xx_hal_cortex.o
 .ARM.attributes
                0x0000028e       0x34 build/stm32f4xx_hal.o
 .ARM.attributes
                0x000002c2       0x34 build/stm32f4xx_hal_i2c.o
 .ARM.attributes
                0x000002f6       0x34 build/system_stm32f4xx.o
 .ARM.attributes
                0x0000032a       0x34 build/real_main.o
 .ARM.attributes
                0x0000035e       0x34 build/bsp_i2c.o
 .ARM.attributes
                0x00000392       0x34 build/oled.o
 .ARM.attributes
                0x000003c6       0x21 build/startup_stm32f407xx.o
 .ARM.attributes
                0x000003e7       0x34 c:/program files (x86)/gnu arm embedded toolchain/10 2021.10/bin/../lib/gcc/arm-none-eabi/10.3.1/../../../../arm-none-eabi/lib/thumb/v7e-m+fp/hard\libc_nano.a(lib_a-init.o)
 .ARM.attributes
                0x0000041b       0x34 c:/program files (x86)/gnu arm embedded toolchain/10 2021.10/bin/../lib/gcc/arm-none-eabi/10.3.1/../../../../arm-none-eabi/lib/thumb/v7e-m+fp/hard\libc_nano.a(lib_a-memset.o)
 .ARM.attributes
                0x0000044f       0x1e c:/program files (x86)/gnu arm embedded toolchain/10 2021.10/bin/../lib/gcc/arm-none-eabi/10.3.1/thumb/v7e-m+fp/hard\libgcc.a(_aeabi_uldivmod.o)
 .ARM.attributes
                0x0000046d       0x34 c:/program files (x86)/gnu arm embedded toolchain/10 2021.10/bin/../lib/gcc/arm-none-eabi/10.3.1/thumb/v7e-m+fp/hard\libgcc.a(_udivmoddi4.o)
 .ARM.attributes
                0x000004a1       0x1e c:/program files (x86)/gnu arm embedded toolchain/10 2021.10/bin/../lib/gcc/arm-none-eabi/10.3.1/thumb/v7e-m+fp/hard\libgcc.a(_dvmd_tls.o)
 .ARM.attributes
                0x000004bf       0x1e c:/program files (x86)/gnu arm embedded toolchain/10 2021.10/bin/../lib/gcc/arm-none-eabi/10.3.1/thumb/v7e-m+fp/hard/crtn.o
OUTPUT(build/ACE_ECF_CPP.elf elf32-littlearm)
LOAD linker stubs
LOAD c:/program files (x86)/gnu arm embedded toolchain/10 2021.10/bin/../lib/gcc/arm-none-eabi/10.3.1/../../../../arm-none-eabi/lib/thumb/v7e-m+fp/hard\libc.a
LOAD c:/program files (x86)/gnu arm embedded toolchain/10 2021.10/bin/../lib/gcc/arm-none-eabi/10.3.1/../../../../arm-none-eabi/lib/thumb/v7e-m+fp/hard\libm.a
LOAD c:/program files (x86)/gnu arm embedded toolchain/10 2021.10/bin/../lib/gcc/arm-none-eabi/10.3.1/thumb/v7e-m+fp/hard\libgcc.a

.debug_info     0x00000000    0x10685
 .debug_info    0x00000000      0x308 build/gpio.o
 .debug_info    0x00000308      0xbd7 build/adc.o
 .debug_info    0x00000edf      0x5ca build/dma.o
 .debug_info    0x000014a9      0xe81 build/i2c.o
 .debug_info    0x0000232a      0x844 build/stm32f4xx_it.o
 .debug_info    0x00002b6e      0x2eb build/stm32f4xx_hal_msp.o
 .debug_info    0x00002e59     0x100a build/stm32f4xx_hal_adc.o
 .debug_info    0x00003e63      0xbe6 build/stm32f4xx_hal_rcc.o
 .debug_info    0x00004a49      0x848 build/stm32f4xx_hal_gpio.o
 .debug_info    0x00005291      0xbd1 build/stm32f4xx_hal_dma.o
 .debug_info    0x00005e62     0x11c6 build/stm32f4xx_hal_cortex.o
 .debug_info    0x00007028      0xacf build/stm32f4xx_hal.o
 .debug_info    0x00007af7     0x3b8f build/stm32f4xx_hal_i2c.o
 .debug_info    0x0000b686      0x5b3 build/system_stm32f4xx.o
 .debug_info    0x0000bc39     0x12db build/real_main.o
 .debug_info    0x0000cf14     0x1ae9 build/bsp_i2c.o
 .debug_info    0x0000e9fd     0x1c66 build/oled.o
 .debug_info    0x00010663       0x22 build/startup_stm32f407xx.o

.debug_abbrev   0x00000000     0x285c
 .debug_abbrev  0x00000000       0xd3 build/gpio.o
 .debug_abbrev  0x000000d3      0x1df build/adc.o
 .debug_abbrev  0x000002b2      0x129 build/dma.o
 .debug_abbrev  0x000003db      0x1f3 build/i2c.o
 .debug_abbrev  0x000005ce      0x16b build/stm32f4xx_it.o
 .debug_abbrev  0x00000739       0xd3 build/stm32f4xx_hal_msp.o
 .debug_abbrev  0x0000080c      0x292 build/stm32f4xx_hal_adc.o
 .debug_abbrev  0x00000a9e      0x2aa build/stm32f4xx_hal_rcc.o
 .debug_abbrev  0x00000d48      0x22b build/stm32f4xx_hal_gpio.o
 .debug_abbrev  0x00000f73      0x2ff build/stm32f4xx_hal_dma.o
 .debug_abbrev  0x00001272      0x379 build/stm32f4xx_hal_cortex.o
 .debug_abbrev  0x000015eb      0x209 build/stm32f4xx_hal.o
 .debug_abbrev  0x000017f4      0x2f3 build/stm32f4xx_hal_i2c.o
 .debug_abbrev  0x00001ae7      0x11b build/system_stm32f4xx.o
 .debug_abbrev  0x00001c02      0x2fd build/real_main.o
 .debug_abbrev  0x00001eff      0x499 build/bsp_i2c.o
 .debug_abbrev  0x00002398      0x4b2 build/oled.o
 .debug_abbrev  0x0000284a       0x12 build/startup_stm32f407xx.o

.debug_loc      0x00000000     0xa080
 .debug_loc     0x00000000       0x2c build/gpio.o
 .debug_loc     0x0000002c      0x119 build/adc.o
 .debug_loc     0x00000145       0x38 build/dma.o
 .debug_loc     0x0000017d      0x102 build/i2c.o
 .debug_loc     0x0000027f       0xa0 build/stm32f4xx_it.o
 .debug_loc     0x0000031f       0x2c build/stm32f4xx_hal_msp.o
 .debug_loc     0x0000034b      0xe2d build/stm32f4xx_hal_adc.o
 .debug_loc     0x00001178      0x6e4 build/stm32f4xx_hal_rcc.o
 .debug_loc     0x0000185c      0x5e8 build/stm32f4xx_hal_gpio.o
 .debug_loc     0x00001e44      0xd6d build/stm32f4xx_hal_dma.o
 .debug_loc     0x00002bb1      0x7a4 build/stm32f4xx_hal_cortex.o
 .debug_loc     0x00003355      0x1e1 build/stm32f4xx_hal.o
 .debug_loc     0x00003536     0x4e61 build/stm32f4xx_hal_i2c.o
 .debug_loc     0x00008397      0x158 build/system_stm32f4xx.o
 .debug_loc     0x000084ef       0x72 build/real_main.o
 .debug_loc     0x00008561      0xc08 build/bsp_i2c.o
 .debug_loc     0x00009169      0xf17 build/oled.o

.debug_aranges  0x00000000      0x988
 .debug_aranges
                0x00000000       0x20 build/gpio.o
 .debug_aranges
                0x00000020       0x30 build/adc.o
 .debug_aranges
                0x00000050       0x20 build/dma.o
 .debug_aranges
                0x00000070       0x30 build/i2c.o
 .debug_aranges
                0x000000a0       0x80 build/stm32f4xx_it.o
 .debug_aranges
                0x00000120       0x20 build/stm32f4xx_hal_msp.o
 .debug_aranges
                0x00000140       0xe8 build/stm32f4xx_hal_adc.o
 .debug_aranges
                0x00000228       0x88 build/stm32f4xx_hal_rcc.o
 .debug_aranges
                0x000002b0       0x58 build/stm32f4xx_hal_gpio.o
 .debug_aranges
                0x00000308       0x90 build/stm32f4xx_hal_dma.o
 .debug_aranges
                0x00000398       0xc0 build/stm32f4xx_hal_cortex.o
 .debug_aranges
                0x00000458       0xf0 build/stm32f4xx_hal.o
 .debug_aranges
                0x00000548      0x2a8 build/stm32f4xx_hal_i2c.o
 .debug_aranges
                0x000007f0       0x28 build/system_stm32f4xx.o
 .debug_aranges
                0x00000818       0x30 build/real_main.o
 .debug_aranges
                0x00000848       0x88 build/bsp_i2c.o
 .debug_aranges
                0x000008d0       0x90 build/oled.o
 .debug_aranges
                0x00000960       0x28 build/startup_stm32f407xx.o

.debug_ranges   0x00000000      0x900
 .debug_ranges  0x00000000       0x10 build/gpio.o
 .debug_ranges  0x00000010       0x20 build/adc.o
 .debug_ranges  0x00000030       0x10 build/dma.o
 .debug_ranges  0x00000040       0x20 build/i2c.o
 .debug_ranges  0x00000060       0x70 build/stm32f4xx_it.o
 .debug_ranges  0x000000d0       0x10 build/stm32f4xx_hal_msp.o
 .debug_ranges  0x000000e0       0xd8 build/stm32f4xx_hal_adc.o
 .debug_ranges  0x000001b8       0x90 build/stm32f4xx_hal_rcc.o
 .debug_ranges  0x00000248       0x48 build/stm32f4xx_hal_gpio.o
 .debug_ranges  0x00000290       0x80 build/stm32f4xx_hal_dma.o
 .debug_ranges  0x00000310      0x110 build/stm32f4xx_hal_cortex.o
 .debug_ranges  0x00000420       0xe0 build/stm32f4xx_hal.o
 .debug_ranges  0x00000500      0x2b0 build/stm32f4xx_hal_i2c.o
 .debug_ranges  0x000007b0       0x18 build/system_stm32f4xx.o
 .debug_ranges  0x000007c8       0x20 build/real_main.o
 .debug_ranges  0x000007e8       0x78 build/bsp_i2c.o
 .debug_ranges  0x00000860       0x80 build/oled.o
 .debug_ranges  0x000008e0       0x20 build/startup_stm32f407xx.o

.debug_line     0x00000000     0xc68c
 .debug_line    0x00000000      0x131 build/gpio.o
 .debug_line    0x00000131      0x34f build/adc.o
 .debug_line    0x00000480      0x16b build/dma.o
 .debug_line    0x000005eb      0x394 build/i2c.o
 .debug_line    0x0000097f      0x2fa build/stm32f4xx_it.o
 .debug_line    0x00000c79      0x139 build/stm32f4xx_hal_msp.o
 .debug_line    0x00000db2     0x10bb build/stm32f4xx_hal_adc.o
 .debug_line    0x00001e6d      0xb27 build/stm32f4xx_hal_rcc.o
 .debug_line    0x00002994      0x6bf build/stm32f4xx_hal_gpio.o
 .debug_line    0x00003053      0xe03 build/stm32f4xx_hal_dma.o
 .debug_line    0x00003e56      0x78a build/stm32f4xx_hal_cortex.o
 .debug_line    0x000045e0      0x543 build/stm32f4xx_hal.o
 .debug_line    0x00004b23     0x5451 build/stm32f4xx_hal_i2c.o
 .debug_line    0x00009f74      0x22e build/system_stm32f4xx.o
 .debug_line    0x0000a1a2      0xa44 build/real_main.o
 .debug_line    0x0000abe6      0xb3d build/bsp_i2c.o
 .debug_line    0x0000b723      0xef3 build/oled.o
 .debug_line    0x0000c616       0x76 build/startup_stm32f407xx.o

.debug_str      0x00000000    0xd10e1
 .debug_str     0x00000000      0x1e4 build/gpio.o
                                0x28e (size before relaxing)
 .debug_str     0x000001e4      0x488 build/adc.o
                                0x7e0 (size before relaxing)
 .debug_str     0x0000066c      0x514 build/dma.o
                                0x7a2 (size before relaxing)
 .debug_str     0x00000b80      0x2af build/i2c.o
                                0xdd7 (size before relaxing)
 .debug_str     0x00000e2f      0x138 build/stm32f4xx_it.o
                                0x7c1 (size before relaxing)
 .debug_str     0x00000f67       0x29 build/stm32f4xx_hal_msp.o
                                0x29a (size before relaxing)
 .debug_str     0x00000f90      0x2f8 build/stm32f4xx_hal_adc.o
                                0x941 (size before relaxing)
 .debug_str     0x00001288      0x2e0 build/stm32f4xx_hal_rcc.o
                                0x6e5 (size before relaxing)
 .debug_str     0x00001568      0x145 build/stm32f4xx_hal_gpio.o
                                0x4bf (size before relaxing)
 .debug_str     0x000016ad      0x2b9 build/stm32f4xx_hal_dma.o
                                0x755 (size before relaxing)
 .debug_str     0x00001966      0x405 build/stm32f4xx_hal_cortex.o
                                0xc54 (size before relaxing)
 .debug_str     0x00001d6b      0x1db build/stm32f4xx_hal.o
                                0xb39 (size before relaxing)
 .debug_str     0x00001f46      0x77a build/stm32f4xx_hal_i2c.o
                               0x101c (size before relaxing)
 .debug_str     0x000026c0       0x47 build/system_stm32f4xx.o
                                0x354 (size before relaxing)
 .debug_str     0x00002707    0xce186 build/real_main.o
                              0xce77f (size before relaxing)
 .debug_str     0x000d088d      0x543 build/bsp_i2c.o
                              0xcdf33 (size before relaxing)
 .debug_str     0x000d0dd0      0x2ed build/oled.o
                              0xcf05f (size before relaxing)
 .debug_str     0x000d10bd       0x24 build/startup_stm32f407xx.o
                                 0x49 (size before relaxing)

.comment        0x00000000       0x49
 .comment       0x00000000       0x49 build/gpio.o
                                 0x4a (size before relaxing)
 .comment       0x00000049       0x4a build/adc.o
 .comment       0x00000049       0x4a build/dma.o
 .comment       0x00000049       0x4a build/i2c.o
 .comment       0x00000049       0x4a build/stm32f4xx_it.o
 .comment       0x00000049       0x4a build/stm32f4xx_hal_msp.o
 .comment       0x00000049       0x4a build/stm32f4xx_hal_adc.o
 .comment       0x00000049       0x4a build/stm32f4xx_hal_rcc.o
 .comment       0x00000049       0x4a build/stm32f4xx_hal_gpio.o
 .comment       0x00000049       0x4a build/stm32f4xx_hal_dma.o
 .comment       0x00000049       0x4a build/stm32f4xx_hal_cortex.o
 .comment       0x00000049       0x4a build/stm32f4xx_hal.o
 .comment       0x00000049       0x4a build/stm32f4xx_hal_i2c.o
 .comment       0x00000049       0x4a build/system_stm32f4xx.o
 .comment       0x00000049       0x4a build/real_main.o
 .comment       0x00000049       0x4a build/bsp_i2c.o
 .comment       0x00000049       0x4a build/oled.o

.debug_frame    0x00000000     0x1a14
 .debug_frame   0x00000000       0x28 build/gpio.o
 .debug_frame   0x00000028       0x6c build/adc.o
 .debug_frame   0x00000094       0x30 build/dma.o
 .debug_frame   0x000000c4       0x68 build/i2c.o
 .debug_frame   0x0000012c      0x108 build/stm32f4xx_it.o
 .debug_frame   0x00000234       0x28 build/stm32f4xx_hal_msp.o
 .debug_frame   0x0000025c      0x268 build/stm32f4xx_hal_adc.o
 .debug_frame   0x000004c4      0x16c build/stm32f4xx_hal_rcc.o
 .debug_frame   0x00000630       0xd8 build/stm32f4xx_hal_gpio.o
 .debug_frame   0x00000708      0x188 build/stm32f4xx_hal_dma.o
 .debug_frame   0x00000890      0x178 build/stm32f4xx_hal_cortex.o
 .debug_frame   0x00000a08      0x1ec build/stm32f4xx_hal.o
 .debug_frame   0x00000bf4      0x988 build/stm32f4xx_hal_i2c.o
 .debug_frame   0x0000157c       0x30 build/system_stm32f4xx.o
 .debug_frame   0x000015ac       0x58 build/real_main.o
 .debug_frame   0x00001604      0x190 build/bsp_i2c.o
 .debug_frame   0x00001794      0x1d4 build/oled.o
 .debug_frame   0x00001968       0x2c c:/program files (x86)/gnu arm embedded toolchain/10 2021.10/bin/../lib/gcc/arm-none-eabi/10.3.1/../../../../arm-none-eabi/lib/thumb/v7e-m+fp/hard\libc_nano.a(lib_a-init.o)
 .debug_frame   0x00001994       0x20 c:/program files (x86)/gnu arm embedded toolchain/10 2021.10/bin/../lib/gcc/arm-none-eabi/10.3.1/../../../../arm-none-eabi/lib/thumb/v7e-m+fp/hard\libc_nano.a(lib_a-memset.o)
 .debug_frame   0x000019b4       0x2c c:/program files (x86)/gnu arm embedded toolchain/10 2021.10/bin/../lib/gcc/arm-none-eabi/10.3.1/thumb/v7e-m+fp/hard\libgcc.a(_aeabi_uldivmod.o)
 .debug_frame   0x000019e0       0x34 c:/program files (x86)/gnu arm embedded toolchain/10 2021.10/bin/../lib/gcc/arm-none-eabi/10.3.1/thumb/v7e-m+fp/hard\libgcc.a(_udivmoddi4.o)

.debug_macro    0x00000000    0x211f8
 .debug_macro   0x00000000      0x45f build/real_main.o
 .debug_macro   0x0000045f      0xb4a build/real_main.o
 .debug_macro   0x00000fa9      0x29b build/real_main.o
 .debug_macro   0x00001244       0x2e build/real_main.o
 .debug_macro   0x00001272       0x2f build/real_main.o
 .debug_macro   0x000012a1       0x1c build/real_main.o
 .debug_macro   0x000012bd       0x22 build/real_main.o
 .debug_macro   0x000012df       0x8e build/real_main.o
 .debug_macro   0x0000136d       0x51 build/real_main.o
 .debug_macro   0x000013be      0x103 build/real_main.o
 .debug_macro   0x000014c1       0x6a build/real_main.o
 .debug_macro   0x0000152b      0x1df build/real_main.o
 .debug_macro   0x0000170a       0x1c build/real_main.o
 .debug_macro   0x00001726       0x22 build/real_main.o
 .debug_macro   0x00001748       0xfb build/real_main.o
 .debug_macro   0x00001843     0x1011 build/real_main.o
 .debug_macro   0x00002854      0x11f build/real_main.o
 .debug_macro   0x00002973    0x15e97 build/real_main.o
 .debug_macro   0x0001880a       0x6d build/real_main.o
 .debug_macro   0x00018877     0x369a build/real_main.o
 .debug_macro   0x0001bf11      0x17b build/real_main.o
 .debug_macro   0x0001c08c       0x5c build/real_main.o
 .debug_macro   0x0001c0e8      0x980 build/real_main.o
 .debug_macro   0x0001ca68      0x9e9 build/real_main.o
 .debug_macro   0x0001d451      0x115 build/real_main.o
 .debug_macro   0x0001d566      0x13e build/real_main.o
 .debug_macro   0x0001d6a4       0xa5 build/real_main.o
 .debug_macro   0x0001d749      0x174 build/real_main.o
 .debug_macro   0x0001d8bd      0x287 build/real_main.o
 .debug_macro   0x0001db44       0x5f build/real_main.o
 .debug_macro   0x0001dba3      0x236 build/real_main.o
 .debug_macro   0x0001ddd9      0xb5b build/real_main.o
 .debug_macro   0x0001e934      0x38b build/real_main.o
 .debug_macro   0x0001ecbf      0x176 build/real_main.o
 .debug_macro   0x0001ee35       0xf9 build/real_main.o
 .debug_macro   0x0001ef2e      0x12c build/real_main.o
 .debug_macro   0x0001f05a      0x21e build/real_main.o
 .debug_macro   0x0001f278       0x2e build/real_main.o
 .debug_macro   0x0001f2a6      0x1b5 build/real_main.o
 .debug_macro   0x0001f45b       0xd6 build/real_main.o
 .debug_macro   0x0001f531      0x127 build/real_main.o
 .debug_macro   0x0001f658       0x7e build/real_main.o
 .debug_macro   0x0001f6d6       0x89 build/real_main.o
 .debug_macro   0x0001f75f      0x12d build/real_main.o
 .debug_macro   0x0001f88c       0x64 build/real_main.o
 .debug_macro   0x0001f8f0       0x1e build/real_main.o
 .debug_macro   0x0001f90e       0x35 build/real_main.o
 .debug_macro   0x0001f943       0x34 build/real_main.o
 .debug_macro   0x0001f977       0x16 build/real_main.o
 .debug_macro   0x0001f98d       0x35 build/real_main.o
 .debug_macro   0x0001f9c2      0x364 build/real_main.o
 .debug_macro   0x0001fd26       0x10 build/real_main.o
 .debug_macro   0x0001fd36       0x16 build/real_main.o
 .debug_macro   0x0001fd4c       0x43 build/real_main.o
 .debug_macro   0x0001fd8f       0x34 build/real_main.o
 .debug_macro   0x0001fdc3       0x10 build/real_main.o
 .debug_macro   0x0001fdd3       0x58 build/real_main.o
 .debug_macro   0x0001fe2b      0x182 build/real_main.o
 .debug_macro   0x0001ffad       0x10 build/real_main.o
 .debug_macro   0x0001ffbd       0x1c build/real_main.o
 .debug_macro   0x0001ffd9       0x52 build/real_main.o
 .debug_macro   0x0002002b       0x22 build/real_main.o
 .debug_macro   0x0002004d       0x10 build/real_main.o
 .debug_macro   0x0002005d       0x52 build/real_main.o
 .debug_macro   0x000200af       0xd5 build/real_main.o
 .debug_macro   0x00020184       0x1c build/real_main.o
 .debug_macro   0x000201a0       0x3d build/real_main.o
 .debug_macro   0x000201dd       0x16 build/real_main.o
 .debug_macro   0x000201f3      0x137 build/real_main.o
 .debug_macro   0x0002032a       0x4c build/real_main.o
 .debug_macro   0x00020376       0x16 build/real_main.o
 .debug_macro   0x0002038c       0x16 build/real_main.o
 .debug_macro   0x000203a2      0x18a build/real_main.o
 .debug_macro   0x0002052c       0x10 build/real_main.o
 .debug_macro   0x0002053c      0x3d1 build/real_main.o
 .debug_macro   0x0002090d       0x10 build/real_main.o
 .debug_macro   0x0002091d       0x16 build/real_main.o
 .debug_macro   0x00020933       0x16 build/real_main.o
 .debug_macro   0x00020949       0x29 build/real_main.o
 .debug_macro   0x00020972       0x1c build/real_main.o
 .debug_macro   0x0002098e       0xde build/real_main.o
 .debug_macro   0x00020a6c       0x3a build/real_main.o
 .debug_macro   0x00020aa6      0x31f build/bsp_i2c.o
 .debug_macro   0x00020dc5      0x433 build/oled.o

Cross Reference Table

Symbol                                            File
ADC_IRQHandler                                    build/startup_stm32f407xx.o
AHBPrescTable                                     build/system_stm32f4xx.o
                                                  build/stm32f4xx_hal_rcc.o
APBPrescTable                                     build/system_stm32f4xx.o
                                                  build/stm32f4xx_hal_rcc.o
Bsp_ADC_n::Bsp_ADC_c::ADC_Start()                 build/bsp_adc.o
Bsp_ADC_n::Bsp_ADC_c::ADC_Stop()                  build/bsp_adc.o
Bsp_ADC_n::Bsp_ADC_c::Bsp_ADC_c(ADC_HandleTypeDef*, unsigned short) build/bsp_adc.o
Bsp_ADC_n::Bsp_ADC_c::Bsp_ADC_c(ADC_HandleTypeDef*, unsigned short) build/bsp_adc.o
Bsp_ADC_n::Bsp_ADC_c::GetAdcValues()              build/bsp_adc.o
Bsp_HW_I2C_c::Bsp_HW_I2C_TxCallback(I2C_HandleTypeDef*, I2C_Callback_e) build/bsp_i2c.o
Bsp_HW_I2C_c::Bsp_HW_I2C_c(I2C_Init_Config_s*, void (*)(Bsp_HW_I2C_c*)) build/bsp_i2c.o
                                                  build/oled.o
Bsp_HW_I2C_c::Bsp_HW_I2C_c(I2C_Init_Config_s*, void (*)(Bsp_HW_I2C_c*)) build/bsp_i2c.o
Bsp_HW_I2C_c::HW_I2CAccessMem(unsigned short, unsigned char*, unsigned short, I2C_Mem_Mode_e, unsigned char) build/bsp_i2c.o
                                                  build/oled.o
Bsp_HW_I2C_c::HW_I2C_Receive(unsigned char*, unsigned short) build/bsp_i2c.o
Bsp_HW_I2C_c::HW_I2C_Transmit(unsigned char*, unsigned short) build/bsp_i2c.o
                                                  build/oled.o
Bsp_HW_I2C_c::hw_i2c_instance_                    build/bsp_i2c.o
Bsp_HW_I2C_c::idx_                                build/bsp_i2c.o
Bsp_HW_I2C_c::readMultiBytes(unsigned char, unsigned char, unsigned char*, unsigned short) build/bsp_i2c.o
Bsp_HW_I2C_c::readOneByte(unsigned char, unsigned char) build/bsp_i2c.o
Bsp_HW_I2C_c::write2Bytes(unsigned char, unsigned char, unsigned short) build/bsp_i2c.o
Bsp_HW_I2C_c::writeByte(unsigned char, unsigned char) build/bsp_i2c.o
Bsp_HW_I2C_c::writeByte(unsigned char, unsigned char, unsigned char) build/bsp_i2c.o
BufFinshFlag                                      build/oled.o
BusFault_Handler                                  build/stm32f4xx_it.o
CAN1_RX0_IRQHandler                               build/startup_stm32f407xx.o
CAN1_RX1_IRQHandler                               build/startup_stm32f407xx.o
CAN1_SCE_IRQHandler                               build/startup_stm32f407xx.o
CAN1_TX_IRQHandler                                build/startup_stm32f407xx.o
CAN2_RX0_IRQHandler                               build/startup_stm32f407xx.o
CAN2_RX1_IRQHandler                               build/startup_stm32f407xx.o
CAN2_SCE_IRQHandler                               build/startup_stm32f407xx.o
CAN2_TX_IRQHandler                                build/startup_stm32f407xx.o
CountFlag                                         build/oled.o
DCMI_IRQHandler                                   build/startup_stm32f407xx.o
DMA1_Stream0_IRQHandler                           build/stm32f4xx_it.o
DMA1_Stream1_IRQHandler                           build/startup_stm32f407xx.o
DMA1_Stream2_IRQHandler                           build/startup_stm32f407xx.o
DMA1_Stream3_IRQHandler                           build/startup_stm32f407xx.o
DMA1_Stream4_IRQHandler                           build/startup_stm32f407xx.o
DMA1_Stream5_IRQHandler                           build/startup_stm32f407xx.o
DMA1_Stream6_IRQHandler                           build/stm32f4xx_it.o
DMA1_Stream7_IRQHandler                           build/startup_stm32f407xx.o
DMA2_Stream0_IRQHandler                           build/stm32f4xx_it.o
DMA2_Stream1_IRQHandler                           build/startup_stm32f407xx.o
DMA2_Stream2_IRQHandler                           build/startup_stm32f407xx.o
DMA2_Stream3_IRQHandler                           build/startup_stm32f407xx.o
DMA2_Stream4_IRQHandler                           build/startup_stm32f407xx.o
DMA2_Stream5_IRQHandler                           build/startup_stm32f407xx.o
DMA2_Stream6_IRQHandler                           build/startup_stm32f407xx.o
DMA2_Stream7_IRQHandler                           build/startup_stm32f407xx.o
DebugMon_Handler                                  build/stm32f4xx_it.o
Default_Handler                                   build/startup_stm32f407xx.o
ETH_IRQHandler                                    build/startup_stm32f407xx.o
ETH_WKUP_IRQHandler                               build/startup_stm32f407xx.o
EXTI0_IRQHandler                                  build/startup_stm32f407xx.o
EXTI15_10_IRQHandler                              build/startup_stm32f407xx.o
EXTI1_IRQHandler                                  build/startup_stm32f407xx.o
EXTI2_IRQHandler                                  build/startup_stm32f407xx.o
EXTI3_IRQHandler                                  build/startup_stm32f407xx.o
EXTI4_IRQHandler                                  build/startup_stm32f407xx.o
EXTI9_5_IRQHandler                                build/startup_stm32f407xx.o
Error_Handler                                     build/real_main.o
                                                  build/i2c.o
                                                  build/adc.o
FLASH_Erase_Sector                                build/stm32f4xx_hal_flash_ex.o
                                                  build/stm32f4xx_hal_flash.o
FLASH_FlushCaches                                 build/stm32f4xx_hal_flash_ex.o
                                                  build/stm32f4xx_hal_flash.o
FLASH_IRQHandler                                  build/startup_stm32f407xx.o
FLASH_WaitForLastOperation                        build/stm32f4xx_hal_flash.o
                                                  build/stm32f4xx_hal_flash_ex.o
FPU_IRQHandler                                    build/startup_stm32f407xx.o
FSMC_IRQHandler                                   build/startup_stm32f407xx.o
HAL_ADCEx_InjectedConfigChannel                   build/stm32f4xx_hal_adc_ex.o
HAL_ADCEx_InjectedConvCpltCallback                build/stm32f4xx_hal_adc_ex.o
                                                  build/stm32f4xx_hal_adc.o
HAL_ADCEx_InjectedGetValue                        build/stm32f4xx_hal_adc_ex.o
HAL_ADCEx_InjectedPollForConversion               build/stm32f4xx_hal_adc_ex.o
HAL_ADCEx_InjectedStart                           build/stm32f4xx_hal_adc_ex.o
HAL_ADCEx_InjectedStart_IT                        build/stm32f4xx_hal_adc_ex.o
HAL_ADCEx_InjectedStop                            build/stm32f4xx_hal_adc_ex.o
HAL_ADCEx_InjectedStop_IT                         build/stm32f4xx_hal_adc_ex.o
HAL_ADCEx_MultiModeConfigChannel                  build/stm32f4xx_hal_adc_ex.o
HAL_ADCEx_MultiModeGetValue                       build/stm32f4xx_hal_adc_ex.o
HAL_ADCEx_MultiModeStart_DMA                      build/stm32f4xx_hal_adc_ex.o
HAL_ADCEx_MultiModeStop_DMA                       build/stm32f4xx_hal_adc_ex.o
HAL_ADC_AnalogWDGConfig                           build/stm32f4xx_hal_adc.o
HAL_ADC_ConfigChannel                             build/stm32f4xx_hal_adc.o
                                                  build/adc.o
HAL_ADC_ConvCpltCallback                          build/stm32f4xx_hal_adc.o
                                                  build/stm32f4xx_hal_adc_ex.o
HAL_ADC_ConvHalfCpltCallback                      build/stm32f4xx_hal_adc.o
                                                  build/stm32f4xx_hal_adc_ex.o
HAL_ADC_DeInit                                    build/stm32f4xx_hal_adc.o
HAL_ADC_ErrorCallback                             build/stm32f4xx_hal_adc.o
                                                  build/stm32f4xx_hal_adc_ex.o
HAL_ADC_GetError                                  build/stm32f4xx_hal_adc.o
HAL_ADC_GetState                                  build/stm32f4xx_hal_adc.o
HAL_ADC_GetValue                                  build/stm32f4xx_hal_adc.o
HAL_ADC_IRQHandler                                build/stm32f4xx_hal_adc.o
HAL_ADC_Init                                      build/stm32f4xx_hal_adc.o
                                                  build/adc.o
HAL_ADC_LevelOutOfWindowCallback                  build/stm32f4xx_hal_adc.o
HAL_ADC_MspDeInit                                 build/adc.o
HAL_ADC_MspInit                                   build/adc.o
HAL_ADC_PollForConversion                         build/stm32f4xx_hal_adc.o
HAL_ADC_PollForEvent                              build/stm32f4xx_hal_adc.o
HAL_ADC_Start                                     build/stm32f4xx_hal_adc.o
HAL_ADC_Start_DMA                                 build/stm32f4xx_hal_adc.o
                                                  build/bsp_adc.o
HAL_ADC_Start_IT                                  build/stm32f4xx_hal_adc.o
HAL_ADC_Stop                                      build/stm32f4xx_hal_adc.o
HAL_ADC_Stop_DMA                                  build/stm32f4xx_hal_adc.o
                                                  build/bsp_adc.o
HAL_ADC_Stop_IT                                   build/stm32f4xx_hal_adc.o
HAL_CORTEX_ClearEvent                             build/stm32f4xx_hal_cortex.o
HAL_DBGMCU_DisableDBGSleepMode                    build/stm32f4xx_hal.o
HAL_DBGMCU_DisableDBGStandbyMode                  build/stm32f4xx_hal.o
HAL_DBGMCU_DisableDBGStopMode                     build/stm32f4xx_hal.o
HAL_DBGMCU_EnableDBGSleepMode                     build/stm32f4xx_hal.o
HAL_DBGMCU_EnableDBGStandbyMode                   build/stm32f4xx_hal.o
HAL_DBGMCU_EnableDBGStopMode                      build/stm32f4xx_hal.o
HAL_DMAEx_ChangeMemory                            build/stm32f4xx_hal_dma_ex.o
HAL_DMAEx_MultiBufferStart                        build/stm32f4xx_hal_dma_ex.o
HAL_DMAEx_MultiBufferStart_IT                     build/stm32f4xx_hal_dma_ex.o
HAL_DMA_Abort                                     build/stm32f4xx_hal_dma.o
                                                  build/stm32f4xx_hal_adc_ex.o
                                                  build/stm32f4xx_hal_adc.o
HAL_DMA_Abort_IT                                  build/stm32f4xx_hal_dma.o
                                                  build/stm32f4xx_hal_i2c.o
HAL_DMA_DeInit                                    build/stm32f4xx_hal_dma.o
                                                  build/i2c.o
                                                  build/adc.o
HAL_DMA_GetError                                  build/stm32f4xx_hal_dma.o
                                                  build/stm32f4xx_hal_i2c.o
HAL_DMA_GetState                                  build/stm32f4xx_hal_dma.o
                                                  build/stm32f4xx_hal_i2c.o
HAL_DMA_IRQHandler                                build/stm32f4xx_hal_dma.o
                                                  build/stm32f4xx_it.o
HAL_DMA_Init                                      build/stm32f4xx_hal_dma.o
                                                  build/i2c.o
                                                  build/adc.o
HAL_DMA_PollForTransfer                           build/stm32f4xx_hal_dma.o
HAL_DMA_RegisterCallback                          build/stm32f4xx_hal_dma.o
HAL_DMA_Start                                     build/stm32f4xx_hal_dma.o
HAL_DMA_Start_IT                                  build/stm32f4xx_hal_dma.o
                                                  build/stm32f4xx_hal_i2c.o
                                                  build/stm32f4xx_hal_adc_ex.o
                                                  build/stm32f4xx_hal_adc.o
HAL_DMA_UnRegisterCallback                        build/stm32f4xx_hal_dma.o
HAL_DeInit                                        build/stm32f4xx_hal.o
HAL_Delay                                         build/stm32f4xx_hal.o
                                                  build/real_main.o
HAL_DisableCompensationCell                       build/stm32f4xx_hal.o
HAL_EXTI_ClearConfigLine                          build/stm32f4xx_hal_exti.o
HAL_EXTI_ClearPending                             build/stm32f4xx_hal_exti.o
HAL_EXTI_GenerateSWI                              build/stm32f4xx_hal_exti.o
HAL_EXTI_GetConfigLine                            build/stm32f4xx_hal_exti.o
HAL_EXTI_GetHandle                                build/stm32f4xx_hal_exti.o
HAL_EXTI_GetPending                               build/stm32f4xx_hal_exti.o
HAL_EXTI_IRQHandler                               build/stm32f4xx_hal_exti.o
HAL_EXTI_RegisterCallback                         build/stm32f4xx_hal_exti.o
HAL_EXTI_SetConfigLine                            build/stm32f4xx_hal_exti.o
HAL_EnableCompensationCell                        build/stm32f4xx_hal.o
HAL_FLASHEx_Erase                                 build/stm32f4xx_hal_flash_ex.o
HAL_FLASHEx_Erase_IT                              build/stm32f4xx_hal_flash_ex.o
HAL_FLASHEx_OBGetConfig                           build/stm32f4xx_hal_flash_ex.o
HAL_FLASHEx_OBProgram                             build/stm32f4xx_hal_flash_ex.o
HAL_FLASH_EndOfOperationCallback                  build/stm32f4xx_hal_flash.o
HAL_FLASH_GetError                                build/stm32f4xx_hal_flash.o
HAL_FLASH_IRQHandler                              build/stm32f4xx_hal_flash.o
HAL_FLASH_Lock                                    build/stm32f4xx_hal_flash.o
HAL_FLASH_OB_Launch                               build/stm32f4xx_hal_flash.o
HAL_FLASH_OB_Lock                                 build/stm32f4xx_hal_flash.o
HAL_FLASH_OB_Unlock                               build/stm32f4xx_hal_flash.o
HAL_FLASH_OperationErrorCallback                  build/stm32f4xx_hal_flash.o
HAL_FLASH_Program                                 build/stm32f4xx_hal_flash.o
HAL_FLASH_Program_IT                              build/stm32f4xx_hal_flash.o
HAL_FLASH_Unlock                                  build/stm32f4xx_hal_flash.o
HAL_GPIO_DeInit                                   build/stm32f4xx_hal_gpio.o
                                                  build/i2c.o
                                                  build/adc.o
HAL_GPIO_EXTI_Callback                            build/stm32f4xx_hal_gpio.o
HAL_GPIO_EXTI_IRQHandler                          build/stm32f4xx_hal_gpio.o
HAL_GPIO_Init                                     build/stm32f4xx_hal_gpio.o
                                                  build/stm32f4xx_hal_rcc.o
                                                  build/i2c.o
                                                  build/adc.o
HAL_GPIO_LockPin                                  build/stm32f4xx_hal_gpio.o
HAL_GPIO_ReadPin                                  build/stm32f4xx_hal_gpio.o
HAL_GPIO_TogglePin                                build/stm32f4xx_hal_gpio.o
HAL_GPIO_WritePin                                 build/stm32f4xx_hal_gpio.o
HAL_GetDEVID                                      build/stm32f4xx_hal.o
HAL_GetHalVersion                                 build/stm32f4xx_hal.o
HAL_GetREVID                                      build/stm32f4xx_hal.o
HAL_GetTick                                       build/stm32f4xx_hal.o
                                                  build/stm32f4xx_hal_i2c.o
                                                  build/stm32f4xx_hal_pwr_ex.o
                                                  build/stm32f4xx_hal_dma.o
                                                  build/stm32f4xx_hal_flash.o
                                                  build/stm32f4xx_hal_rcc_ex.o
                                                  build/stm32f4xx_hal_rcc.o
                                                  build/stm32f4xx_hal_adc_ex.o
                                                  build/stm32f4xx_hal_adc.o
HAL_GetTickFreq                                   build/stm32f4xx_hal.o
HAL_GetTickPrio                                   build/stm32f4xx_hal.o
HAL_GetUIDw0                                      build/stm32f4xx_hal.o
HAL_GetUIDw1                                      build/stm32f4xx_hal.o
HAL_GetUIDw2                                      build/stm32f4xx_hal.o
HAL_I2C_AbortCpltCallback                         build/stm32f4xx_hal_i2c.o
HAL_I2C_AddrCallback                              build/stm32f4xx_hal_i2c.o
HAL_I2C_DeInit                                    build/stm32f4xx_hal_i2c.o
HAL_I2C_DisableListen_IT                          build/stm32f4xx_hal_i2c.o
HAL_I2C_ER_IRQHandler                             build/stm32f4xx_hal_i2c.o
HAL_I2C_EV_IRQHandler                             build/stm32f4xx_hal_i2c.o
                                                  build/stm32f4xx_it.o
HAL_I2C_EnableListen_IT                           build/stm32f4xx_hal_i2c.o
HAL_I2C_ErrorCallback                             build/stm32f4xx_hal_i2c.o
HAL_I2C_GetError                                  build/stm32f4xx_hal_i2c.o
                                                  build/bsp_i2c.o
HAL_I2C_GetMode                                   build/stm32f4xx_hal_i2c.o
HAL_I2C_GetState                                  build/stm32f4xx_hal_i2c.o
HAL_I2C_Init                                      build/stm32f4xx_hal_i2c.o
                                                  build/i2c.o
HAL_I2C_IsDeviceReady                             build/stm32f4xx_hal_i2c.o
HAL_I2C_ListenCpltCallback                        build/stm32f4xx_hal_i2c.o
HAL_I2C_MasterRxCpltCallback                      build/bsp_i2c.o
                                                  build/stm32f4xx_hal_i2c.o
HAL_I2C_MasterTxCpltCallback                      build/bsp_i2c.o
                                                  build/stm32f4xx_hal_i2c.o
HAL_I2C_Master_Abort_IT                           build/stm32f4xx_hal_i2c.o
HAL_I2C_Master_Receive                            build/stm32f4xx_hal_i2c.o
                                                  build/bsp_i2c.o
HAL_I2C_Master_Receive_DMA                        build/stm32f4xx_hal_i2c.o
                                                  build/bsp_i2c.o
HAL_I2C_Master_Receive_IT                         build/stm32f4xx_hal_i2c.o
                                                  build/bsp_i2c.o
HAL_I2C_Master_Seq_Receive_DMA                    build/stm32f4xx_hal_i2c.o
HAL_I2C_Master_Seq_Receive_IT                     build/stm32f4xx_hal_i2c.o
HAL_I2C_Master_Seq_Transmit_DMA                   build/stm32f4xx_hal_i2c.o
HAL_I2C_Master_Seq_Transmit_IT                    build/stm32f4xx_hal_i2c.o
HAL_I2C_Master_Transmit                           build/stm32f4xx_hal_i2c.o
                                                  build/bsp_i2c.o
HAL_I2C_Master_Transmit_DMA                       build/stm32f4xx_hal_i2c.o
                                                  build/bsp_i2c.o
HAL_I2C_Master_Transmit_IT                        build/stm32f4xx_hal_i2c.o
                                                  build/bsp_i2c.o
HAL_I2C_MemRxCpltCallback                         build/bsp_i2c.o
                                                  build/stm32f4xx_hal_i2c.o
HAL_I2C_MemTxCpltCallback                         build/bsp_i2c.o
                                                  build/stm32f4xx_hal_i2c.o
HAL_I2C_Mem_Read                                  build/stm32f4xx_hal_i2c.o
                                                  build/bsp_i2c.o
HAL_I2C_Mem_Read_DMA                              build/stm32f4xx_hal_i2c.o
                                                  build/bsp_i2c.o
HAL_I2C_Mem_Read_IT                               build/stm32f4xx_hal_i2c.o
                                                  build/bsp_i2c.o
HAL_I2C_Mem_Write                                 build/stm32f4xx_hal_i2c.o
                                                  build/bsp_i2c.o
HAL_I2C_Mem_Write_DMA                             build/stm32f4xx_hal_i2c.o
                                                  build/bsp_i2c.o
HAL_I2C_Mem_Write_IT                              build/stm32f4xx_hal_i2c.o
                                                  build/bsp_i2c.o
HAL_I2C_MspDeInit                                 build/i2c.o
HAL_I2C_MspInit                                   build/i2c.o
HAL_I2C_SlaveRxCpltCallback                       build/stm32f4xx_hal_i2c.o
HAL_I2C_SlaveTxCpltCallback                       build/stm32f4xx_hal_i2c.o
HAL_I2C_Slave_Receive                             build/stm32f4xx_hal_i2c.o
HAL_I2C_Slave_Receive_DMA                         build/stm32f4xx_hal_i2c.o
HAL_I2C_Slave_Receive_IT                          build/stm32f4xx_hal_i2c.o
HAL_I2C_Slave_Seq_Receive_DMA                     build/stm32f4xx_hal_i2c.o
HAL_I2C_Slave_Seq_Receive_IT                      build/stm32f4xx_hal_i2c.o
HAL_I2C_Slave_Seq_Transmit_DMA                    build/stm32f4xx_hal_i2c.o
HAL_I2C_Slave_Seq_Transmit_IT                     build/stm32f4xx_hal_i2c.o
HAL_I2C_Slave_Transmit                            build/stm32f4xx_hal_i2c.o
HAL_I2C_Slave_Transmit_DMA                        build/stm32f4xx_hal_i2c.o
HAL_I2C_Slave_Transmit_IT                         build/stm32f4xx_hal_i2c.o
HAL_IncTick                                       build/stm32f4xx_hal.o
                                                  build/stm32f4xx_it.o
HAL_Init                                          build/stm32f4xx_hal.o
                                                  build/real_main.o
HAL_InitTick                                      build/stm32f4xx_hal.o
                                                  build/stm32f4xx_hal_rcc_ex.o
                                                  build/stm32f4xx_hal_rcc.o
HAL_MPU_ConfigRegion                              build/stm32f4xx_hal_cortex.o
HAL_MPU_Disable                                   build/stm32f4xx_hal_cortex.o
HAL_MPU_DisableRegion                             build/stm32f4xx_hal_cortex.o
HAL_MPU_Enable                                    build/stm32f4xx_hal_cortex.o
HAL_MPU_EnableRegion                              build/stm32f4xx_hal_cortex.o
HAL_MspDeInit                                     build/stm32f4xx_hal.o
HAL_MspInit                                       build/stm32f4xx_hal_msp.o
HAL_NVIC_ClearPendingIRQ                          build/stm32f4xx_hal_cortex.o
HAL_NVIC_DisableIRQ                               build/stm32f4xx_hal_cortex.o
                                                  build/i2c.o
HAL_NVIC_EnableIRQ                                build/stm32f4xx_hal_cortex.o
                                                  build/i2c.o
                                                  build/dma.o
HAL_NVIC_GetActive                                build/stm32f4xx_hal_cortex.o
HAL_NVIC_GetPendingIRQ                            build/stm32f4xx_hal_cortex.o
HAL_NVIC_GetPriority                              build/stm32f4xx_hal_cortex.o
HAL_NVIC_GetPriorityGrouping                      build/stm32f4xx_hal_cortex.o
HAL_NVIC_SetPendingIRQ                            build/stm32f4xx_hal_cortex.o
HAL_NVIC_SetPriority                              build/stm32f4xx_hal_cortex.o
                                                  build/stm32f4xx_hal.o
                                                  build/i2c.o
                                                  build/dma.o
HAL_NVIC_SetPriorityGrouping                      build/stm32f4xx_hal_cortex.o
                                                  build/stm32f4xx_hal.o
HAL_NVIC_SystemReset                              build/stm32f4xx_hal_cortex.o
HAL_PWREx_ControlVoltageScaling                   build/stm32f4xx_hal_pwr_ex.o
HAL_PWREx_DisableBkUpReg                          build/stm32f4xx_hal_pwr_ex.o
HAL_PWREx_DisableFlashPowerDown                   build/stm32f4xx_hal_pwr_ex.o
HAL_PWREx_EnableBkUpReg                           build/stm32f4xx_hal_pwr_ex.o
HAL_PWREx_EnableFlashPowerDown                    build/stm32f4xx_hal_pwr_ex.o
HAL_PWREx_GetVoltageRange                         build/stm32f4xx_hal_pwr_ex.o
HAL_PWR_ConfigPVD                                 build/stm32f4xx_hal_pwr.o
HAL_PWR_DeInit                                    build/stm32f4xx_hal_pwr.o
HAL_PWR_DisableBkUpAccess                         build/stm32f4xx_hal_pwr.o
HAL_PWR_DisablePVD                                build/stm32f4xx_hal_pwr.o
HAL_PWR_DisableSEVOnPend                          build/stm32f4xx_hal_pwr.o
HAL_PWR_DisableSleepOnExit                        build/stm32f4xx_hal_pwr.o
HAL_PWR_DisableWakeUpPin                          build/stm32f4xx_hal_pwr.o
HAL_PWR_EnableBkUpAccess                          build/stm32f4xx_hal_pwr.o
HAL_PWR_EnablePVD                                 build/stm32f4xx_hal_pwr.o
HAL_PWR_EnableSEVOnPend                           build/stm32f4xx_hal_pwr.o
HAL_PWR_EnableSleepOnExit                         build/stm32f4xx_hal_pwr.o
HAL_PWR_EnableWakeUpPin                           build/stm32f4xx_hal_pwr.o
HAL_PWR_EnterSLEEPMode                            build/stm32f4xx_hal_pwr.o
HAL_PWR_EnterSTANDBYMode                          build/stm32f4xx_hal_pwr.o
HAL_PWR_EnterSTOPMode                             build/stm32f4xx_hal_pwr.o
HAL_PWR_PVDCallback                               build/stm32f4xx_hal_pwr.o
HAL_PWR_PVD_IRQHandler                            build/stm32f4xx_hal_pwr.o
HAL_RCCEx_DisablePLLI2S                           build/stm32f4xx_hal_rcc_ex.o
HAL_RCCEx_EnablePLLI2S                            build/stm32f4xx_hal_rcc_ex.o
HAL_RCCEx_GetPeriphCLKConfig                      build/stm32f4xx_hal_rcc_ex.o
HAL_RCCEx_GetPeriphCLKFreq                        build/stm32f4xx_hal_rcc_ex.o
HAL_RCCEx_PeriphCLKConfig                         build/stm32f4xx_hal_rcc_ex.o
HAL_RCC_CSSCallback                               build/stm32f4xx_hal_rcc.o
HAL_RCC_ClockConfig                               build/stm32f4xx_hal_rcc.o
                                                  build/real_main.o
HAL_RCC_DeInit                                    build/stm32f4xx_hal_rcc_ex.o
                                                  build/stm32f4xx_hal_rcc.o
HAL_RCC_DisableCSS                                build/stm32f4xx_hal_rcc.o
HAL_RCC_EnableCSS                                 build/stm32f4xx_hal_rcc.o
HAL_RCC_GetClockConfig                            build/stm32f4xx_hal_rcc.o
HAL_RCC_GetHCLKFreq                               build/stm32f4xx_hal_rcc.o
HAL_RCC_GetOscConfig                              build/stm32f4xx_hal_rcc.o
HAL_RCC_GetPCLK1Freq                              build/stm32f4xx_hal_rcc.o
                                                  build/stm32f4xx_hal_i2c.o
HAL_RCC_GetPCLK2Freq                              build/stm32f4xx_hal_rcc.o
HAL_RCC_GetSysClockFreq                           build/stm32f4xx_hal_rcc.o
HAL_RCC_MCOConfig                                 build/stm32f4xx_hal_rcc.o
HAL_RCC_NMI_IRQHandler                            build/stm32f4xx_hal_rcc.o
HAL_RCC_OscConfig                                 build/stm32f4xx_hal_rcc.o
                                                  build/real_main.o
HAL_ResumeTick                                    build/stm32f4xx_hal.o
HAL_SYSTICK_CLKSourceConfig                       build/stm32f4xx_hal_cortex.o
HAL_SYSTICK_Callback                              build/stm32f4xx_hal_cortex.o
HAL_SYSTICK_Config                                build/stm32f4xx_hal_cortex.o
                                                  build/stm32f4xx_hal.o
HAL_SYSTICK_IRQHandler                            build/stm32f4xx_hal_cortex.o
HAL_SetTickFreq                                   build/stm32f4xx_hal.o
HAL_SuspendTick                                   build/stm32f4xx_hal.o
HASH_RNG_IRQHandler                               build/startup_stm32f407xx.o
HardFault_Handler                                 build/stm32f4xx_it.o
I2C1_ER_IRQHandler                                build/startup_stm32f407xx.o
I2C1_EV_IRQHandler                                build/stm32f4xx_it.o
I2C1_MemTxFinshFlag                               build/oled.o
I2C2_ER_IRQHandler                                build/startup_stm32f407xx.o
I2C2_EV_IRQHandler                                build/startup_stm32f407xx.o
I2C3_ER_IRQHandler                                build/startup_stm32f407xx.o
I2C3_EV_IRQHandler                                build/startup_stm32f407xx.o
MX_ADC1_Init                                      build/adc.o
                                                  build/real_main.o
MX_DMA_Init                                       build/dma.o
                                                  build/real_main.o
MX_GPIO_Init                                      build/gpio.o
                                                  build/real_main.o
MX_I2C1_Init                                      build/i2c.o
                                                  build/real_main.o
MemManage_Handler                                 build/stm32f4xx_it.o
NMI_Handler                                       build/stm32f4xx_it.o
OLED_CMDbuf                                       build/oled.o
OLED_GRAM                                         build/oled.o
OLED_GRAMbuf                                      build/oled.o
OLED_Init_CMD                                     build/oled.o
OLED_draw_line(unsigned char, unsigned char, unsigned char, unsigned char, pen_typedef) build/oled.o
OLED_draw_point(signed char, signed char, pen_typedef) build/oled.o
OLED_init()                                       build/oled.o
                                                  build/real_main.o
OLED_operate_gram(pen_typedef)                    build/oled.o
OLED_refresh_gram()                               build/oled.o
                                                  build/real_main.o
OLED_set_pos(unsigned char, unsigned char)        build/oled.o
OLED_show_char(unsigned char, unsigned char, unsigned char) build/oled.o
OLED_show_floatnum(unsigned char, unsigned char, float, unsigned char) build/oled.o
OLED_show_num(unsigned char, unsigned char, unsigned long, unsigned char, unsigned char) build/oled.o
                                                  build/real_main.o
OLED_show_string(unsigned char, unsigned char, unsigned char*) build/oled.o
OTG_FS_IRQHandler                                 build/startup_stm32f407xx.o
OTG_FS_WKUP_IRQHandler                            build/startup_stm32f407xx.o
OTG_HS_EP1_IN_IRQHandler                          build/startup_stm32f407xx.o
OTG_HS_EP1_OUT_IRQHandler                         build/startup_stm32f407xx.o
OTG_HS_IRQHandler                                 build/startup_stm32f407xx.o
OTG_HS_WKUP_IRQHandler                            build/startup_stm32f407xx.o
PVD_IRQHandler                                    build/startup_stm32f407xx.o
PendSV_Handler                                    build/stm32f4xx_it.o
RCC_IRQHandler                                    build/startup_stm32f407xx.o
RTC_Alarm_IRQHandler                              build/startup_stm32f407xx.o
RTC_WKUP_IRQHandler                               build/startup_stm32f407xx.o
Reset_Handler                                     build/startup_stm32f407xx.o
SDIO_IRQHandler                                   build/startup_stm32f407xx.o
SPI1_IRQHandler                                   build/startup_stm32f407xx.o
SPI2_IRQHandler                                   build/startup_stm32f407xx.o
SPI3_IRQHandler                                   build/startup_stm32f407xx.o
SVC_Handler                                       build/stm32f4xx_it.o
SysTick_Handler                                   build/stm32f4xx_it.o
SystemClock_Config()                              build/real_main.o
SystemCoreClock                                   build/system_stm32f4xx.o
                                                  build/stm32f4xx_hal_i2c.o
                                                  build/stm32f4xx_hal.o
                                                  build/stm32f4xx_hal_dma.o
                                                  build/stm32f4xx_hal_rcc_ex.o
                                                  build/stm32f4xx_hal_rcc.o
                                                  build/stm32f4xx_hal_adc_ex.o
                                                  build/stm32f4xx_hal_adc.o
SystemCoreClockUpdate                             build/system_stm32f4xx.o
SystemInit                                        build/system_stm32f4xx.o
                                                  build/startup_stm32f407xx.o
TAMP_STAMP_IRQHandler                             build/startup_stm32f407xx.o
TIM1_BRK_TIM9_IRQHandler                          build/startup_stm32f407xx.o
TIM1_CC_IRQHandler                                build/startup_stm32f407xx.o
TIM1_TRG_COM_TIM11_IRQHandler                     build/startup_stm32f407xx.o
TIM1_UP_TIM10_IRQHandler                          build/startup_stm32f407xx.o
TIM2_IRQHandler                                   build/startup_stm32f407xx.o
TIM3_IRQHandler                                   build/startup_stm32f407xx.o
TIM4_IRQHandler                                   build/startup_stm32f407xx.o
TIM5_IRQHandler                                   build/startup_stm32f407xx.o
TIM6_DAC_IRQHandler                               build/startup_stm32f407xx.o
TIM7_IRQHandler                                   build/startup_stm32f407xx.o
TIM8_BRK_TIM12_IRQHandler                         build/startup_stm32f407xx.o
TIM8_CC_IRQHandler                                build/startup_stm32f407xx.o
TIM8_TRG_COM_TIM14_IRQHandler                     build/startup_stm32f407xx.o
TIM8_UP_TIM13_IRQHandler                          build/startup_stm32f407xx.o
UART4_IRQHandler                                  build/startup_stm32f407xx.o
UART5_IRQHandler                                  build/startup_stm32f407xx.o
USART1_IRQHandler                                 build/startup_stm32f407xx.o
USART2_IRQHandler                                 build/startup_stm32f407xx.o
USART3_IRQHandler                                 build/startup_stm32f407xx.o
USART6_IRQHandler                                 build/startup_stm32f407xx.o
UsageFault_Handler                                build/stm32f4xx_it.o
WWDG_IRQHandler                                   build/startup_stm32f407xx.o
_Min_Stack_Size                                   build/sysmem.o
__aeabi_idiv0                                     c:/program files (x86)/gnu arm embedded toolchain/10 2021.10/bin/../lib/gcc/arm-none-eabi/10.3.1/thumb/v7e-m+fp/hard\libgcc.a(_dvmd_tls.o)
__aeabi_ldiv0                                     c:/program files (x86)/gnu arm embedded toolchain/10 2021.10/bin/../lib/gcc/arm-none-eabi/10.3.1/thumb/v7e-m+fp/hard\libgcc.a(_dvmd_tls.o)
                                                  c:/program files (x86)/gnu arm embedded toolchain/10 2021.10/bin/../lib/gcc/arm-none-eabi/10.3.1/thumb/v7e-m+fp/hard\libgcc.a(_aeabi_uldivmod.o)
__aeabi_uldivmod                                  c:/program files (x86)/gnu arm embedded toolchain/10 2021.10/bin/../lib/gcc/arm-none-eabi/10.3.1/thumb/v7e-m+fp/hard\libgcc.a(_aeabi_uldivmod.o)
                                                  build/stm32f4xx_hal_rcc.o
__bss_end__                                       c:/program files (x86)/gnu arm embedded toolchain/10 2021.10/bin/../lib/gcc/arm-none-eabi/10.3.1/../../../../arm-none-eabi/lib/thumb/v7e-m+fp/hard/crt0.o
__bss_start__                                     c:/program files (x86)/gnu arm embedded toolchain/10 2021.10/bin/../lib/gcc/arm-none-eabi/10.3.1/../../../../arm-none-eabi/lib/thumb/v7e-m+fp/hard/crt0.o
__call_exitprocs                                  c:/program files (x86)/gnu arm embedded toolchain/10 2021.10/bin/../lib/gcc/arm-none-eabi/10.3.1/../../../../arm-none-eabi/lib/thumb/v7e-m+fp/hard\libc_nano.a(lib_a-exit.o)
__deregister_frame_info                           c:/program files (x86)/gnu arm embedded toolchain/10 2021.10/bin/../lib/gcc/arm-none-eabi/10.3.1/thumb/v7e-m+fp/hard/crtbegin.o
__dso_handle                                      c:/program files (x86)/gnu arm embedded toolchain/10 2021.10/bin/../lib/gcc/arm-none-eabi/10.3.1/thumb/v7e-m+fp/hard/crtbegin.o
__env                                             build/syscalls.o
__errno                                           c:/program files (x86)/gnu arm embedded toolchain/10 2021.10/bin/../lib/gcc/arm-none-eabi/10.3.1/../../../../arm-none-eabi/lib/thumb/v7e-m+fp/hard\libc_nano.a(lib_a-errno.o)
                                                  build/syscalls.o
                                                  build/sysmem.o
__init_array_end                                  c:/program files (x86)/gnu arm embedded toolchain/10 2021.10/bin/../lib/gcc/arm-none-eabi/10.3.1/../../../../arm-none-eabi/lib/thumb/v7e-m+fp/hard\libc_nano.a(lib_a-init.o)
__init_array_start                                c:/program files (x86)/gnu arm embedded toolchain/10 2021.10/bin/../lib/gcc/arm-none-eabi/10.3.1/../../../../arm-none-eabi/lib/thumb/v7e-m+fp/hard\libc_nano.a(lib_a-init.o)
__io_getchar                                      build/syscalls.o
__io_putchar                                      build/syscalls.o
__libc_fini_array                                 c:/program files (x86)/gnu arm embedded toolchain/10 2021.10/bin/../lib/gcc/arm-none-eabi/10.3.1/../../../../arm-none-eabi/lib/thumb/v7e-m+fp/hard/crt0.o
__libc_init_array                                 c:/program files (x86)/gnu arm embedded toolchain/10 2021.10/bin/../lib/gcc/arm-none-eabi/10.3.1/../../../../arm-none-eabi/lib/thumb/v7e-m+fp/hard\libc_nano.a(lib_a-init.o)
                                                  build/startup_stm32f407xx.o
                                                  c:/program files (x86)/gnu arm embedded toolchain/10 2021.10/bin/../lib/gcc/arm-none-eabi/10.3.1/../../../../arm-none-eabi/lib/thumb/v7e-m+fp/hard/crt0.o
__preinit_array_end                               c:/program files (x86)/gnu arm embedded toolchain/10 2021.10/bin/../lib/gcc/arm-none-eabi/10.3.1/../../../../arm-none-eabi/lib/thumb/v7e-m+fp/hard\libc_nano.a(lib_a-init.o)
__preinit_array_start                             c:/program files (x86)/gnu arm embedded toolchain/10 2021.10/bin/../lib/gcc/arm-none-eabi/10.3.1/../../../../arm-none-eabi/lib/thumb/v7e-m+fp/hard\libc_nano.a(lib_a-init.o)
__register_frame_info                             c:/program files (x86)/gnu arm embedded toolchain/10 2021.10/bin/../lib/gcc/arm-none-eabi/10.3.1/thumb/v7e-m+fp/hard/crtbegin.o
__sf_fake_stderr                                  c:/program files (x86)/gnu arm embedded toolchain/10 2021.10/bin/../lib/gcc/arm-none-eabi/10.3.1/../../../../arm-none-eabi/lib/thumb/v7e-m+fp/hard\libc_nano.a(lib_a-impure.o)
__sf_fake_stdin                                   c:/program files (x86)/gnu arm embedded toolchain/10 2021.10/bin/../lib/gcc/arm-none-eabi/10.3.1/../../../../arm-none-eabi/lib/thumb/v7e-m+fp/hard\libc_nano.a(lib_a-impure.o)
__sf_fake_stdout                                  c:/program files (x86)/gnu arm embedded toolchain/10 2021.10/bin/../lib/gcc/arm-none-eabi/10.3.1/../../../../arm-none-eabi/lib/thumb/v7e-m+fp/hard\libc_nano.a(lib_a-impure.o)
__stack                                           c:/program files (x86)/gnu arm embedded toolchain/10 2021.10/bin/../lib/gcc/arm-none-eabi/10.3.1/../../../../arm-none-eabi/lib/thumb/v7e-m+fp/hard/crt0.o
__udivmoddi4                                      c:/program files (x86)/gnu arm embedded toolchain/10 2021.10/bin/../lib/gcc/arm-none-eabi/10.3.1/thumb/v7e-m+fp/hard\libgcc.a(_udivmoddi4.o)
                                                  c:/program files (x86)/gnu arm embedded toolchain/10 2021.10/bin/../lib/gcc/arm-none-eabi/10.3.1/thumb/v7e-m+fp/hard\libgcc.a(_aeabi_uldivmod.o)
_close                                            build/syscalls.o